oled.c:40:6:OLED_WR_Byte	16	static
oled.c:12:6:OLED_ColorTurn	0	static
oled.c:25:6:OLED_DisplayTurn	8	static
oled.c:54:6:OLED_DisPlay_On	8	static
oled.c:62:6:OLED_DisPlay_Off	8	static
oled.c:70:6:OLED_Refresh	16	static
oled.c:83:6:OLED_Clear	0	static
oled.c:96:6:OLED_ClearWave	0	static
oled.c:112:6:OLED_DrawPoint	0	static
oled.c:124:6:OLED_ClearPoint	8	static
oled.c:139:6:OLED_DrawLine	32	static
oled.c:170:6:OLED_DrawCircle	48	static
oled.c:204:6:OLED_ShowChar	56	static
oled.c:240:6:OLED_ShowString	32	static
oled.c:256:10:OLED_Pow	0	static
oled.c:270:6:OLED_ShowNum	32	static
oled.c:290:6:OLED_WR_BP	8	static
oled.c:299:6:OLED_Init	8	static
