Archive member included to satisfy reference by file (symbol)

c:/st/stm32cubeide_1.4.0/stm32cubeide/plugins/com.st.stm32cube.ide.mcu.externaltools.gnu-tools-for-stm32.7-2018-q2-update.win32_1.4.0.202007081208/tools/bin/../lib/gcc/arm-none-eabi/7.3.1/../../../../arm-none-eabi/lib/thumb/v7-m\libc.a(lib_a-errno.o)
                              Core/Src/retarget.o (__errno)
c:/st/stm32cubeide_1.4.0/stm32cubeide/plugins/com.st.stm32cube.ide.mcu.externaltools.gnu-tools-for-stm32.7-2018-q2-update.win32_1.4.0.202007081208/tools/bin/../lib/gcc/arm-none-eabi/7.3.1/../../../../arm-none-eabi/lib/thumb/v7-m\libc.a(lib_a-exit.o)
                              c:/st/stm32cubeide_1.4.0/stm32cubeide/plugins/com.st.stm32cube.ide.mcu.externaltools.gnu-tools-for-stm32.7-2018-q2-update.win32_1.4.0.202007081208/tools/bin/../lib/gcc/arm-none-eabi/7.3.1/../../../../arm-none-eabi/lib/thumb/v7-m/crt0.o (exit)
c:/st/stm32cubeide_1.4.0/stm32cubeide/plugins/com.st.stm32cube.ide.mcu.externaltools.gnu-tools-for-stm32.7-2018-q2-update.win32_1.4.0.202007081208/tools/bin/../lib/gcc/arm-none-eabi/7.3.1/../../../../arm-none-eabi/lib/thumb/v7-m\libc.a(lib_a-impure.o)
                              c:/st/stm32cubeide_1.4.0/stm32cubeide/plugins/com.st.stm32cube.ide.mcu.externaltools.gnu-tools-for-stm32.7-2018-q2-update.win32_1.4.0.202007081208/tools/bin/../lib/gcc/arm-none-eabi/7.3.1/../../../../arm-none-eabi/lib/thumb/v7-m\libc.a(lib_a-exit.o) (_global_impure_ptr)
c:/st/stm32cubeide_1.4.0/stm32cubeide/plugins/com.st.stm32cube.ide.mcu.externaltools.gnu-tools-for-stm32.7-2018-q2-update.win32_1.4.0.202007081208/tools/bin/../lib/gcc/arm-none-eabi/7.3.1/../../../../arm-none-eabi/lib/thumb/v7-m\libc.a(lib_a-init.o)
                              c:/st/stm32cubeide_1.4.0/stm32cubeide/plugins/com.st.stm32cube.ide.mcu.externaltools.gnu-tools-for-stm32.7-2018-q2-update.win32_1.4.0.202007081208/tools/bin/../lib/gcc/arm-none-eabi/7.3.1/../../../../arm-none-eabi/lib/thumb/v7-m/crt0.o (__libc_init_array)
c:/st/stm32cubeide_1.4.0/stm32cubeide/plugins/com.st.stm32cube.ide.mcu.externaltools.gnu-tools-for-stm32.7-2018-q2-update.win32_1.4.0.202007081208/tools/bin/../lib/gcc/arm-none-eabi/7.3.1/../../../../arm-none-eabi/lib/thumb/v7-m\libc.a(lib_a-memcmp.o)
                              Core/DMP/inv_mpu.o (memcmp)
c:/st/stm32cubeide_1.4.0/stm32cubeide/plugins/com.st.stm32cube.ide.mcu.externaltools.gnu-tools-for-stm32.7-2018-q2-update.win32_1.4.0.202007081208/tools/bin/../lib/gcc/arm-none-eabi/7.3.1/../../../../arm-none-eabi/lib/thumb/v7-m\libc.a(lib_a-memset.o)
                              c:/st/stm32cubeide_1.4.0/stm32cubeide/plugins/com.st.stm32cube.ide.mcu.externaltools.gnu-tools-for-stm32.7-2018-q2-update.win32_1.4.0.202007081208/tools/bin/../lib/gcc/arm-none-eabi/7.3.1/../../../../arm-none-eabi/lib/thumb/v7-m/crt0.o (memset)
c:/st/stm32cubeide_1.4.0/stm32cubeide/plugins/com.st.stm32cube.ide.mcu.externaltools.gnu-tools-for-stm32.7-2018-q2-update.win32_1.4.0.202007081208/tools/bin/../lib/gcc/arm-none-eabi/7.3.1/../../../../arm-none-eabi/lib/thumb/v7-m\libc.a(lib_a-printf.o)
                              Core/DMP/inv_mpu.o (printf)
c:/st/stm32cubeide_1.4.0/stm32cubeide/plugins/com.st.stm32cube.ide.mcu.externaltools.gnu-tools-for-stm32.7-2018-q2-update.win32_1.4.0.202007081208/tools/bin/../lib/gcc/arm-none-eabi/7.3.1/../../../../arm-none-eabi/lib/thumb/v7-m\libc.a(lib_a-puts.o)
                              Core/DMP/inv_mpu.o (puts)
c:/st/stm32cubeide_1.4.0/stm32cubeide/plugins/com.st.stm32cube.ide.mcu.externaltools.gnu-tools-for-stm32.7-2018-q2-update.win32_1.4.0.202007081208/tools/bin/../lib/gcc/arm-none-eabi/7.3.1/../../../../arm-none-eabi/lib/thumb/v7-m\libc.a(lib_a-setvbuf.o)
                              Core/Src/retarget.o (setvbuf)
c:/st/stm32cubeide_1.4.0/stm32cubeide/plugins/com.st.stm32cube.ide.mcu.externaltools.gnu-tools-for-stm32.7-2018-q2-update.win32_1.4.0.202007081208/tools/bin/../lib/gcc/arm-none-eabi/7.3.1/../../../../arm-none-eabi/lib/thumb/v7-m\libc.a(lib_a-sprintf.o)
                              Core/Src/main.o (sprintf)
c:/st/stm32cubeide_1.4.0/stm32cubeide/plugins/com.st.stm32cube.ide.mcu.externaltools.gnu-tools-for-stm32.7-2018-q2-update.win32_1.4.0.202007081208/tools/bin/../lib/gcc/arm-none-eabi/7.3.1/../../../../arm-none-eabi/lib/thumb/v7-m\libc.a(lib_a-strlen.o)
                              c:/st/stm32cubeide_1.4.0/stm32cubeide/plugins/com.st.stm32cube.ide.mcu.externaltools.gnu-tools-for-stm32.7-2018-q2-update.win32_1.4.0.202007081208/tools/bin/../lib/gcc/arm-none-eabi/7.3.1/../../../../arm-none-eabi/lib/thumb/v7-m\libc.a(lib_a-puts.o) (strlen)
c:/st/stm32cubeide_1.4.0/stm32cubeide/plugins/com.st.stm32cube.ide.mcu.externaltools.gnu-tools-for-stm32.7-2018-q2-update.win32_1.4.0.202007081208/tools/bin/../lib/gcc/arm-none-eabi/7.3.1/../../../../arm-none-eabi/lib/thumb/v7-m\libc.a(lib_a-svfprintf.o)
[...]
Memory Configuration

Name             Origin             Length             Attributes
RAM              0x0000000020000000 0x0000000000005000 xrw
FLASH            0x0000000008000000 0x0000000000010000 xr
*default*        0x0000000000000000 0xffffffffffffffff

Linker script and memory map

LOAD c:/st/stm32cubeide_1.4.0/stm32cubeide/plugins/com.st.stm32cube.ide.mcu.externaltools.gnu-tools-for-stm32.7-2018-q2-update.win32_1.4.0.202007081208/tools/bin/../lib/gcc/arm-none-eabi/7.3.1/thumb/v7-m/crti.o
LOAD c:/st/stm32cubeide_1.4.0/stm32cubeide/plugins/com.st.stm32cube.ide.mcu.externaltools.gnu-tools-for-stm32.7-2018-q2-update.win32_1.4.0.202007081208/tools/bin/../lib/gcc/arm-none-eabi/7.3.1/thumb/v7-m/crtbegin.o
LOAD c:/st/stm32cubeide_1.4.0/stm32cubeide/plugins/com.st.stm32cube.ide.mcu.externaltools.gnu-tools-for-stm32.7-2018-q2-update.win32_1.4.0.202007081208/tools/bin/../lib/gcc/arm-none-eabi/7.3.1/../../../../arm-none-eabi/lib/thumb/v7-m/crt0.o
LOAD Core/DMP/inv_mpu.o
LOAD Core/DMP/inv_mpu_dmp_motion_driver.o
LOAD Core/DMP/mpu6050.o
LOAD Core/OLED/oled.o
LOAD Core/Src/gpio.o
LOAD Core/Src/i2c.o
LOAD Core/Src/main.o
LOAD Core/Src/retarget.o
LOAD Core/Src/spi.o
LOAD Core/Src/stm32f1xx_hal_msp.o
LOAD Core/Src/stm32f1xx_it.o
LOAD Core/Src/sysmem.o
LOAD Core/Src/system_stm32f1xx.o
LOAD Core/Src/tim.o
LOAD Core/Src/usart.o
LOAD Core/Startup/startup_stm32f103c8tx.o
LOAD Core/state-space/control.o
LOAD Drivers/STM32F1xx_HAL_Driver/stm32f1xx_hal.o
LOAD Drivers/STM32F1xx_HAL_Driver/stm32f1xx_hal_cortex.o
LOAD Drivers/STM32F1xx_HAL_Driver/stm32f1xx_hal_dma.o
LOAD Drivers/STM32F1xx_HAL_Driver/stm32f1xx_hal_exti.o
LOAD Drivers/STM32F1xx_HAL_Driver/stm32f1xx_hal_flash.o
LOAD Drivers/STM32F1xx_HAL_Driver/stm32f1xx_hal_flash_ex.o
LOAD Drivers/STM32F1xx_HAL_Driver/stm32f1xx_hal_gpio.o
LOAD Drivers/STM32F1xx_HAL_Driver/stm32f1xx_hal_gpio_ex.o
LOAD Drivers/STM32F1xx_HAL_Driver/stm32f1xx_hal_i2c.o
LOAD Drivers/STM32F1xx_HAL_Driver/stm32f1xx_hal_pwr.o
LOAD Drivers/STM32F1xx_HAL_Driver/stm32f1xx_hal_rcc.o
LOAD Drivers/STM32F1xx_HAL_Driver/stm32f1xx_hal_rcc_ex.o
LOAD Drivers/STM32F1xx_HAL_Driver/stm32f1xx_hal_spi.o
LOAD Drivers/STM32F1xx_HAL_Driver/stm32f1xx_hal_tim.o
LOAD Drivers/STM32F1xx_HAL_Driver/stm32f1xx_hal_tim_ex.o
LOAD Drivers/STM32F1xx_HAL_Driver/stm32f1xx_hal_uart.o
START GROUP
LOAD c:/st/stm32cubeide_1.4.0/stm32cubeide/plugins/com.st.stm32cube.ide.mcu.externaltools.gnu-tools-for-stm32.7-2018-q2-update.win32_1.4.0.202007081208/tools/bin/../lib/gcc/arm-none-eabi/7.3.1/../../../../arm-none-eabi/lib/thumb/v7-m\libc.a
LOAD c:/st/stm32cubeide_1.4.0/stm32cubeide/plugins/com.st.stm32cube.ide.mcu.externaltools.gnu-tools-for-stm32.7-2018-q2-update.win32_1.4.0.202007081208/tools/bin/../lib/gcc/arm-none-eabi/7.3.1/../../../../arm-none-eabi/lib/thumb/v7-m\libm.a
END GROUP
START GROUP
LOAD c:/st/stm32cubeide_1.4.0/stm32cubeide/plugins/com.st.stm32cube.ide.mcu.externaltools.gnu-tools-for-stm32.7-2018-q2-update.win32_1.4.0.202007081208/tools/bin/../lib/gcc/arm-none-eabi/7.3.1/thumb/v7-m\libgcc.a
LOAD c:/st/stm32cubeide_1.4.0/stm32cubeide/plugins/com.st.stm32cube.ide.mcu.externaltools.gnu-tools-for-stm32.7-2018-q2-update.win32_1.4.0.202007081208/tools/bin/../lib/gcc/arm-none-eabi/7.3.1/../../../../arm-none-eabi/lib/thumb/v7-m\libc.a
END GROUP
START GROUP
LOAD c:/st/stm32cubeide_1.4.0/stm32cubeide/plugins/com.st.stm32cube.ide.mcu.externaltools.gnu-tools-for-stm32.7-2018-q2-update.win32_1.4.0.202007081208/tools/bin/../lib/gcc/arm-none-eabi/7.3.1/thumb/v7-m\libgcc.a
LOAD c:/st/stm32cubeide_1.4.0/stm32cubeide/plugins/com.st.stm32cube.ide.mcu.externaltools.gnu-tools-for-stm32.7-2018-q2-update.win32_1.4.0.202007081208/tools/bin/../lib/gcc/arm-none-eabi/7.3.1/../../../../arm-none-eabi/lib/thumb/v7-m\libc.a
LOAD c:/st/stm32cubeide_1.4.0/stm32cubeide/plugins/com.st.stm32cube.ide.mcu.externaltools.gnu-tools-for-stm32.7-2018-q2-update.win32_1.4.0.202007081208/tools/bin/../lib/gcc/arm-none-eabi/7.3.1/../../../../arm-none-eabi/lib/thumb/v7-m\libnosys.a
END GROUP
LOAD c:/st/stm32cubeide_1.4.0/stm32cubeide/plugins/com.st.stm32cube.ide.mcu.externaltools.gnu-tools-for-stm32.7-2018-q2-update.win32_1.4.0.202007081208/tools/bin/../lib/gcc/arm-none-eabi/7.3.1/thumb/v7-m/crtend.o
LOAD c:/st/stm32cubeide_1.4.0/stm32cubeide/plugins/com.st.stm32cube.ide.mcu.externaltools.gnu-tools-for-stm32.7-2018-q2-update.win32_1.4.0.202007081208/tools/bin/../lib/gcc/arm-none-eabi/7.3.1/thumb/v7-m/crtn.o
                0x0000000020005000                _estack = (ORIGIN (RAM) + LENGTH (RAM))
                0x0000000000000200                _Min_Heap_Size = 0x200
                0x0000000000000400                _Min_Stack_Size = 0x400

.isr_vector     0x0000000008000000      0x10c
                0x0000000008000000                . = ALIGN (0x4)
 *(.isr_vector)
 .isr_vector    0x0000000008000000      0x10c Core/Startup/startup_stm32f103c8tx.o
                0x0000000008000000                g_pfnVectors
                0x000000000800010c                . = ALIGN (0x4)

.text           0x0000000008000110     0xc254
                0x0000000008000110                . = ALIGN (0x4)
 *(.text)
 .text          0x0000000008000110       0x40 c:/st/stm32cubeide_1.4.0/stm32cubeide/plugins/com.st.stm32cube.ide.mcu.externaltools.gnu-tools-for-stm32.7-2018-q2-update.win32_1.4.0.202007081208/tools/bin/../lib/gcc/arm-none-eabi/7.3.1/thumb/v7-m/crtbegin.o
 .text          0x0000000008000150       0x10 c:/st/stm32cubeide_1.4.0/stm32cubeide/plugins/com.st.stm32cube.ide.mcu.externaltools.gnu-tools-for-stm32.7-2018-q2-update.win32_1.4.0.202007081208/tools/bin/../lib/gcc/arm-none-eabi/7.3.1/../../../../arm-none-eabi/lib/thumb/v7-m\libc.a(lib_a-strlen.o)
                0x0000000008000150                strlen
 .text          0x0000000008000160      0x378 c:/st/stm32cubeide_1.4.0/stm32cubeide/plugins/com.st.stm32cube.ide.mcu.externaltools.gnu-tools-for-stm32.7-2018-q2-update.win32_1.4.0.202007081208/tools/bin/../lib/gcc/arm-none-eabi/7.3.1/thumb/v7-m\libgcc.a(_arm_addsubdf3.o)
                0x0000000008000160                __aeabi_drsub
                0x0000000008000168                __aeabi_dsub
                0x0000000008000168                __subdf3
                0x000000000800016c                __aeabi_dadd
                0x000000000800016c                __adddf3
                0x00000000080003e4                __floatunsidf
                0x00000000080003e4                __aeabi_ui2d
                0x0000000008000404                __floatsidf
                0x0000000008000404                __aeabi_i2d
                0x0000000008000428                __aeabi_f2d
                0x0000000008000428                __extendsfdf2
                0x000000000800046c                __floatundidf
                0x000000000800046c                __aeabi_ul2d
                0x000000000800047c                __floatdidf
                0x000000000800047c                __aeabi_l2d
 .text          0x00000000080004d8      0x424 c:/st/stm32cubeide_1.4.0/stm32cubeide/plugins/com.st.stm32cube.ide.mcu.externaltools.gnu-tools-for-stm32.7-2018-q2-update.win32_1.4.0.202007081208/tools/bin/../lib/gcc/arm-none-eabi/7.3.1/thumb/v7-m\libgcc.a(_arm_muldivdf3.o)
                0x00000000080004d8                __aeabi_dmul
                0x00000000080004d8                __muldf3
                0x000000000800072c                __divdf3
                0x000000000800072c                __aeabi_ddiv
 .text          0x00000000080008fc      0x110 c:/st/stm32cubeide_1.4.0/stm32cubeide/plugins/com.st.stm32cube.ide.mcu.externaltools.gnu-tools-for-stm32.7-2018-q2-update.win32_1.4.0.202007081208/tools/bin/../lib/gcc/arm-none-eabi/7.3.1/thumb/v7-m\libgcc.a(_arm_cmpdf2.o)
                0x00000000080008fc                __gtdf2
                0x00000000080008fc                __gedf2
                0x0000000008000904                __ltdf2
                0x0000000008000904                __ledf2
                0x000000000800090c                __nedf2
                0x000000000800090c                __eqdf2
                0x000000000800090c                __cmpdf2
                0x0000000008000988                __aeabi_cdrcmple
                0x0000000008000998                __aeabi_cdcmpeq
                0x0000000008000998                __aeabi_cdcmple
                0x00000000080009a8                __aeabi_dcmpeq
                0x00000000080009bc                __aeabi_dcmplt
                0x00000000080009d0                __aeabi_dcmple
                0x00000000080009e4                __aeabi_dcmpge
                0x00000000080009f8                __aeabi_dcmpgt
 .text          0x0000000008000a0c       0x2c c:/st/stm32cubeide_1.4.0/stm32cubeide/plugins/com.st.stm32cube.ide.mcu.externaltools.gnu-tools-for-stm32.7-2018-q2-update.win32_1.4.0.202007081208/tools/bin/../lib/gcc/arm-none-eabi/7.3.1/thumb/v7-m\libgcc.a(_arm_unorddf2.o)
                0x0000000008000a0c                __unorddf2
                0x0000000008000a0c                __aeabi_dcmpun
 .text          0x0000000008000a38       0x50 c:/st/stm32cubeide_1.4.0/stm32cubeide/plugins/com.st.stm32cube.ide.mcu.externaltools.gnu-tools-for-stm32.7-2018-q2-update.win32_1.4.0.202007081208/tools/bin/../lib/gcc/arm-none-eabi/7.3.1/thumb/v7-m\libgcc.a(_arm_fixdfsi.o)
                0x0000000008000a38                __aeabi_d2iz
                0x0000000008000a38                __fixdfsi
 .text          0x0000000008000a88       0xa0 c:/st/stm32cubeide_1.4.0/stm32cubeide/plugins/com.st.stm32cube.ide.mcu.externaltools.gnu-tools-for-stm32.7-2018-q2-update.win32_1.4.0.202007081208/tools/bin/../lib/gcc/arm-none-eabi/7.3.1/thumb/v7-m\libgcc.a(_arm_truncdfsf2.o)
                0x0000000008000a88                __truncdfsf2
                0x0000000008000a88                __aeabi_d2f
 .text          0x0000000008000b28      0x21c c:/st/stm32cubeide_1.4.0/stm32cubeide/plugins/com.st.stm32cube.ide.mcu.externaltools.gnu-tools-for-stm32.7-2018-q2-update.win32_1.4.0.202007081208/tools/bin/../lib/gcc/arm-none-eabi/7.3.1/thumb/v7-m\libgcc.a(_arm_addsubsf3.o)
                0x0000000008000b28                __aeabi_frsub
                0x0000000008000b30                __subsf3
                0x0000000008000b30                __aeabi_fsub
                0x0000000008000b34                __aeabi_fadd
                0x0000000008000b34                __addsf3
                0x0000000008000c94                __aeabi_ui2f
                0x0000000008000c94                __floatunsisf
                0x0000000008000c9c                __aeabi_i2f
                0x0000000008000c9c                __floatsisf
                0x0000000008000cb8                __aeabi_ul2f
                0x0000000008000cb8                __floatundisf
                0x0000000008000cc8                __aeabi_l2f
                0x0000000008000cc8                __floatdisf
 .text          0x0000000008000d44      0x2a0 c:/st/stm32cubeide_1.4.0/stm32cubeide/plugins/com.st.stm32cube.ide.mcu.externaltools.gnu-tools-for-stm32.7-2018-q2-update.win32_1.4.0.202007081208/tools/bin/../lib/gcc/arm-none-eabi/7.3.1/thumb/v7-m\libgcc.a(_arm_muldivsf3.o)
                0x0000000008000d44                __mulsf3
                0x0000000008000d44                __aeabi_fmul
                0x0000000008000eac                __aeabi_fdiv
                0x0000000008000eac                __divsf3
 .text          0x0000000008000fe4       0xec c:/st/stm32cubeide_1.4.0/stm32cubeide/plugins/com.st.stm32cube.ide.mcu.externaltools.gnu-tools-for-stm32.7-2018-q2-update.win32_1.4.0.202007081208/tools/bin/../lib/gcc/arm-none-eabi/7.3.1/thumb/v7-m\libgcc.a(_arm_cmpsf2.o)
                0x0000000008000fe4                __gesf2
                0x0000000008000fe4                __gtsf2
                0x0000000008000fec                __lesf2
                0x0000000008000fec                __ltsf2
                0x0000000008000ff4                __nesf2
                0x0000000008000ff4                __eqsf2
                0x0000000008000ff4                __cmpsf2
                0x0000000008001054                __aeabi_cfrcmple
                0x000000000800105c                __aeabi_cfcmpeq
                0x000000000800105c                __aeabi_cfcmple
                0x000000000800106c                __aeabi_fcmpeq
                0x0000000008001080                __aeabi_fcmplt
                0x0000000008001094                __aeabi_fcmple
                0x00000000080010a8                __aeabi_fcmpge
                0x00000000080010bc                __aeabi_fcmpgt
 .text          0x00000000080010d0       0x4c c:/st/stm32cubeide_1.4.0/stm32cubeide/plugins/com.st.stm32cube.ide.mcu.externaltools.gnu-tools-for-stm32.7-2018-q2-update.win32_1.4.0.202007081208/tools/bin/../lib/gcc/arm-none-eabi/7.3.1/thumb/v7-m\libgcc.a(_arm_fixsfsi.o)
                0x00000000080010d0                __aeabi_f2iz
                0x00000000080010d0                __fixsfsi
 .text          0x000000000800111c       0x40 c:/st/stm32cubeide_1.4.0/stm32cubeide/plugins/com.st.stm32cube.ide.mcu.externaltools.gnu-tools-for-stm32.7-2018-q2-update.win32_1.4.0.202007081208/tools/bin/../lib/gcc/arm-none-eabi/7.3.1/thumb/v7-m\libgcc.a(_arm_fixunssfsi.o)
                0x000000000800111c                __fixunssfsi
                0x000000000800111c                __aeabi_f2uiz
 .text          0x000000000800115c       0xa0 c:/st/stm32cubeide_1.4.0/stm32cubeide/plugins/com.st.stm32cube.ide.mcu.externaltools.gnu-tools-for-stm32.7-2018-q2-update.win32_1.4.0.202007081208/tools/bin/../lib/gcc/arm-none-eabi/7.3.1/thumb/v7-m\libgcc.a(_aeabi_ldivmod.o)
                0x000000000800115c                __aeabi_ldivmod
 .text          0x00000000080011fc       0x30 c:/st/stm32cubeide_1.4.0/stm32cubeide/plugins/com.st.stm32cube.ide.mcu.externaltools.gnu-tools-for-stm32.7-2018-q2-update.win32_1.4.0.202007081208/tools/bin/../lib/gcc/arm-none-eabi/7.3.1/thumb/v7-m\libgcc.a(_aeabi_uldivmod.o)
                0x00000000080011fc                __aeabi_uldivmod
 .text          0x000000000800122c      0x2d0 c:/st/stm32cubeide_1.4.0/stm32cubeide/plugins/com.st.stm32cube.ide.mcu.externaltools.gnu-tools-for-stm32.7-2018-q2-update.win32_1.4.0.202007081208/tools/bin/../lib/gcc/arm-none-eabi/7.3.1/thumb/v7-m\libgcc.a(_udivmoddi4.o)
                0x000000000800122c                __udivmoddi4
 .text          0x00000000080014fc        0x4 c:/st/stm32cubeide_1.4.0/stm32cubeide/plugins/com.st.stm32cube.ide.mcu.externaltools.gnu-tools-for-stm32.7-2018-q2-update.win32_1.4.0.202007081208/tools/bin/../lib/gcc/arm-none-eabi/7.3.1/thumb/v7-m\libgcc.a(_dvmd_tls.o)
                0x00000000080014fc                __aeabi_idiv0
                0x00000000080014fc                __aeabi_ldiv0
 *(.text*)
 .text.get_st_biases
                0x0000000008001500      0x3bc Core/DMP/inv_mpu.o
 .text.set_int_enable
                0x00000000080018bc       0x54 Core/DMP/inv_mpu.o
 .text.mpu_reset_fifo
                0x0000000008001910      0x150 Core/DMP/inv_mpu.o
                0x0000000008001910                mpu_reset_fifo
 .text.mpu_get_gyro_fsr
                0x0000000008001a60       0x34 Core/DMP/inv_mpu.o
                0x0000000008001a60                mpu_get_gyro_fsr
 .text.mpu_set_gyro_fsr
                0x0000000008001a94       0x70 Core/DMP/inv_mpu.o
                0x0000000008001a94                mpu_set_gyro_fsr
 .text.mpu_get_accel_fsr
                0x0000000008001b04       0x38 Core/DMP/inv_mpu.o
                0x0000000008001b04                mpu_get_accel_fsr
 .text.mpu_set_accel_fsr
                0x0000000008001b3c       0x68 Core/DMP/inv_mpu.o
                0x0000000008001b3c                mpu_set_accel_fsr
 .text.mpu_get_lpf
                0x0000000008001ba4       0x38 Core/DMP/inv_mpu.o
                0x0000000008001ba4                mpu_get_lpf
 .text.mpu_set_lpf
                0x0000000008001bdc       0x6c Core/DMP/inv_mpu.o
                0x0000000008001bdc                mpu_set_lpf
 .text.mpu_get_sample_rate
                0x0000000008001c48       0x1c Core/DMP/inv_mpu.o
                0x0000000008001c48                mpu_get_sample_rate
 .text.mpu_get_gyro_sens
                0x0000000008001c64       0x40 Core/DMP/inv_mpu.o
                0x0000000008001c64                mpu_get_gyro_sens
 .text.mpu_get_accel_sens
                0x0000000008001ca4       0x40 Core/DMP/inv_mpu.o
                0x0000000008001ca4                mpu_get_accel_sens
 .text.mpu_configure_fifo
                0x0000000008001ce4       0x50 Core/DMP/inv_mpu.o
                0x0000000008001ce4                mpu_configure_fifo
 .text.mpu_read_fifo_stream
                0x0000000008001d34       0x9c Core/DMP/inv_mpu.o
                0x0000000008001d34                mpu_read_fifo_stream
 .text.mpu_set_bypass
                0x0000000008001dd0       0xe0 Core/DMP/inv_mpu.o
                0x0000000008001dd0                mpu_set_bypass
 .text.mpu_set_int_latched
                0x0000000008001eb0       0x68 Core/DMP/inv_mpu.o
                0x0000000008001eb0                mpu_set_int_latched
 .text.mpu_lp_accel_mode
                0x0000000008001f18       0xb0 Core/DMP/inv_mpu.o
                0x0000000008001f18                mpu_lp_accel_mode
 .text.mpu_set_sample_rate
                0x0000000008001fc8       0x84 Core/DMP/inv_mpu.o
                0x0000000008001fc8                mpu_set_sample_rate
 .text.mpu_set_sensors
                0x000000000800204c       0xc0 Core/DMP/inv_mpu.o
                0x000000000800204c                mpu_set_sensors
 .text.mpu_init
                0x000000000800210c      0x14c Core/DMP/inv_mpu.o
                0x000000000800210c                mpu_init
 .text.mpu_write_mem
                0x0000000008002258       0x60 Core/DMP/inv_mpu.o
                0x0000000008002258                mpu_write_mem
 .text.mpu_read_mem
                0x00000000080022b8       0x60 Core/DMP/inv_mpu.o
                0x00000000080022b8                mpu_read_mem
 .text.mpu_load_firmware
                0x0000000008002318       0xa0 Core/DMP/inv_mpu.o
                0x0000000008002318                mpu_load_firmware
 .text.mpu_set_dmp_state
                0x00000000080023b8       0x78 Core/DMP/inv_mpu.o
                0x00000000080023b8                mpu_set_dmp_state
 .text.mpu_run_self_test
                0x0000000008002430      0x30c Core/DMP/inv_mpu.o
                0x0000000008002430                mpu_run_self_test
 .text.run_self_test
                0x000000000800273c       0x82 Core/DMP/inv_mpu.o
                0x000000000800273c                run_self_test
 .text.inv_row_2_scale
                0x00000000080027be       0x3a Core/DMP/inv_mpu.o
                0x00000000080027be                inv_row_2_scale
 .text.inv_orientation_matrix_to_scalar
                0x00000000080027f8       0x24 Core/DMP/inv_mpu.o
                0x00000000080027f8                inv_orientation_matrix_to_scalar
 .text.mget_ms  0x000000000800281c        0x2 Core/DMP/inv_mpu.o
                0x000000000800281c                mget_ms
 *fill*         0x000000000800281e        0x2 
 .text.mpu_dmp_init
                0x0000000008002820      0x108 Core/DMP/inv_mpu.o
                0x0000000008002820                mpu_dmp_init
 .text.mpu_dmp_get_data
                0x0000000008002928      0x1c8 Core/DMP/inv_mpu.o
                0x0000000008002928                mpu_dmp_get_data
 .text.dmp_enable_gyro_cal.part.0
                0x0000000008002af0       0x28 Core/DMP/inv_mpu_dmp_motion_driver.o
 .text.dmp_load_motion_driver_firmware
                0x0000000008002b18       0x14 Core/DMP/inv_mpu_dmp_motion_driver.o
                0x0000000008002b18                dmp_load_motion_driver_firmware
 .text.dmp_set_orientation
                0x0000000008002b2c      0x108 Core/DMP/inv_mpu_dmp_motion_driver.o
                0x0000000008002b2c                dmp_set_orientation
 .text.dmp_set_gyro_bias
                0x0000000008002c34       0xd0 Core/DMP/inv_mpu_dmp_motion_driver.o
                0x0000000008002c34                dmp_set_gyro_bias
 .text.dmp_set_accel_bias
                0x0000000008002d04       0xec Core/DMP/inv_mpu_dmp_motion_driver.o
                0x0000000008002d04                dmp_set_accel_bias
 .text.dmp_set_fifo_rate
                0x0000000008002df0       0x60 Core/DMP/inv_mpu_dmp_motion_driver.o
                0x0000000008002df0                dmp_set_fifo_rate
 .text.dmp_set_tap_thresh
                0x0000000008002e50      0x148 Core/DMP/inv_mpu_dmp_motion_driver.o
                0x0000000008002e50                dmp_set_tap_thresh
 .text.dmp_set_tap_axes
                0x0000000008002f98       0x4a Core/DMP/inv_mpu_dmp_motion_driver.o
                0x0000000008002f98                dmp_set_tap_axes
 .text.dmp_set_tap_count
                0x0000000008002fe2       0x26 Core/DMP/inv_mpu_dmp_motion_driver.o
                0x0000000008002fe2                dmp_set_tap_count
 .text.dmp_set_tap_time
                0x0000000008003008       0x24 Core/DMP/inv_mpu_dmp_motion_driver.o
                0x0000000008003008                dmp_set_tap_time
 .text.dmp_set_tap_time_multi
                0x000000000800302c       0x24 Core/DMP/inv_mpu_dmp_motion_driver.o
                0x000000000800302c                dmp_set_tap_time_multi
 .text.dmp_set_shake_reject_thresh
                0x0000000008003050       0x34 Core/DMP/inv_mpu_dmp_motion_driver.o
                0x0000000008003050                dmp_set_shake_reject_thresh
 .text.dmp_set_shake_reject_time
                0x0000000008003084       0x24 Core/DMP/inv_mpu_dmp_motion_driver.o
                0x0000000008003084                dmp_set_shake_reject_time
 .text.dmp_set_shake_reject_timeout
                0x00000000080030a8       0x24 Core/DMP/inv_mpu_dmp_motion_driver.o
                0x00000000080030a8                dmp_set_shake_reject_timeout
 .text.dmp_enable_gyro_cal
                0x00000000080030cc       0x30 Core/DMP/inv_mpu_dmp_motion_driver.o
                0x00000000080030cc                dmp_enable_gyro_cal
 .text.dmp_enable_lp_quat
                0x00000000080030fc       0x28 Core/DMP/inv_mpu_dmp_motion_driver.o
                0x00000000080030fc                dmp_enable_lp_quat
 .text.dmp_enable_6x_lp_quat
                0x0000000008003124       0x28 Core/DMP/inv_mpu_dmp_motion_driver.o
                0x0000000008003124                dmp_enable_6x_lp_quat
 .text.dmp_enable_feature
                0x000000000800314c      0x1a4 Core/DMP/inv_mpu_dmp_motion_driver.o
                0x000000000800314c                dmp_enable_feature
 .text.dmp_read_fifo
                0x00000000080032f0      0x15c Core/DMP/inv_mpu_dmp_motion_driver.o
                0x00000000080032f0                dmp_read_fifo
 .text.MPU_Write_Len
                0x000000000800344c       0x24 Core/DMP/mpu6050.o
                0x000000000800344c                MPU_Write_Len
 .text.MPU_Read_Len
                0x0000000008003470       0x24 Core/DMP/mpu6050.o
                0x0000000008003470                MPU_Read_Len
 *fill*         0x0000000008003494        0x4 
 .text.MPU_Get_Temperature
                0x0000000008003498       0x58 Core/DMP/mpu6050.o
                0x0000000008003498                MPU_Get_Temperature
 .text.MPU_Get_Gyroscope
                0x00000000080034f0       0x44 Core/DMP/mpu6050.o
                0x00000000080034f0                MPU_Get_Gyroscope
 .text.MPU_Get_Accelerometer
                0x0000000008003534       0x44 Core/DMP/mpu6050.o
                0x0000000008003534                MPU_Get_Accelerometer
 .text.OLED_WR_Byte
                0x0000000008003578       0x34 Core/OLED/oled.o
                0x0000000008003578                OLED_WR_Byte
 .text.OLED_Refresh
                0x00000000080035ac       0x44 Core/OLED/oled.o
                0x00000000080035ac                OLED_Refresh
 .text.OLED_Clear
                0x00000000080035f0       0x20 Core/OLED/oled.o
                0x00000000080035f0                OLED_Clear
 .text.OLED_ClearWave
                0x0000000008003610       0x20 Core/OLED/oled.o
                0x0000000008003610                OLED_ClearWave
 .text.OLED_DrawPoint
                0x0000000008003630       0x1c Core/OLED/oled.o
                0x0000000008003630                OLED_DrawPoint
 .text.OLED_ClearPoint
                0x000000000800364c       0x24 Core/OLED/oled.o
                0x000000000800364c                OLED_ClearPoint
 .text.OLED_DrawLine
                0x0000000008003670       0x92 Core/OLED/oled.o
                0x0000000008003670                OLED_DrawLine
 *fill*         0x0000000008003702        0x2 
 .text.OLED_ShowChar
                0x0000000008003704       0xbc Core/OLED/oled.o
                0x0000000008003704                OLED_ShowChar
 .text.OLED_ShowString
                0x00000000080037c0       0x3e Core/OLED/oled.o
                0x00000000080037c0                OLED_ShowString
 *fill*         0x00000000080037fe        0x2 
 .text.OLED_Init
                0x0000000008003800      0x11c Core/OLED/oled.o
                0x0000000008003800                OLED_Init
 .text.MX_GPIO_Init
                0x000000000800391c       0xf4 Core/Src/gpio.o
                0x000000000800391c                MX_GPIO_Init
 .text.MX_I2C1_Init
                0x0000000008003a10       0x3c Core/Src/i2c.o
                0x0000000008003a10                MX_I2C1_Init
 .text.HAL_I2C_MspInit
                0x0000000008003a4c       0x64 Core/Src/i2c.o
                0x0000000008003a4c                HAL_I2C_MspInit
 .text.SystemClock_Config
                0x0000000008003ab0       0x56 Core/Src/main.o
                0x0000000008003ab0                SystemClock_Config
 *fill*         0x0000000008003b06        0x2 
 .text.HAL_TIM_PeriodElapsedCallback
                0x0000000008003b08       0x94 Core/Src/main.o
                0x0000000008003b08                HAL_TIM_PeriodElapsedCallback
 .text.usart1_send_char
                0x0000000008003b9c       0x10 Core/Src/main.o
                0x0000000008003b9c                usart1_send_char
 .text.usart1_niming_report.part.0
                0x0000000008003bac       0x70 Core/Src/main.o
 .text.mpu6050_send_data
                0x0000000008003c1c       0x66 Core/Src/main.o
                0x0000000008003c1c                mpu6050_send_data
 *fill*         0x0000000008003c82        0x2 
 .text.startup.main
                0x0000000008003c84      0x160 Core/Src/main.o
                0x0000000008003c84                main
 .text.Error_Handler
                0x0000000008003de4        0x2 Core/Src/main.o
                0x0000000008003de4                Error_Handler
 *fill*         0x0000000008003de6        0x2 
 .text.RetargetInit
                0x0000000008003de8       0x1c Core/Src/retarget.o
                0x0000000008003de8                RetargetInit
 .text._isatty  0x0000000008003e04       0x16 Core/Src/retarget.o
                0x0000000008003e04                _isatty
 *fill*         0x0000000008003e1a        0x2 
 .text._write   0x0000000008003e1c       0x34 Core/Src/retarget.o
                0x0000000008003e1c                _write
 .text._close   0x0000000008003e50       0x18 Core/Src/retarget.o
                0x0000000008003e50                _close
 .text._lseek   0x0000000008003e68       0x10 Core/Src/retarget.o
                0x0000000008003e68                _lseek
 .text._read    0x0000000008003e78       0x30 Core/Src/retarget.o
                0x0000000008003e78                _read
 .text._fstat   0x0000000008003ea8       0x1a Core/Src/retarget.o
                0x0000000008003ea8                _fstat
 *fill*         0x0000000008003ec2        0x2 
 .text.MX_SPI1_Init
                0x0000000008003ec4       0x44 Core/Src/spi.o
                0x0000000008003ec4                MX_SPI1_Init
 .text.HAL_SPI_MspInit
                0x0000000008003f08       0x60 Core/Src/spi.o
                0x0000000008003f08                HAL_SPI_MspInit
 .text.HAL_MspInit
                0x0000000008003f68       0x44 Core/Src/stm32f1xx_hal_msp.o
                0x0000000008003f68                HAL_MspInit
 .text.NMI_Handler
                0x0000000008003fac        0x2 Core/Src/stm32f1xx_it.o
                0x0000000008003fac                NMI_Handler
 .text.HardFault_Handler
                0x0000000008003fae        0x2 Core/Src/stm32f1xx_it.o
                0x0000000008003fae                HardFault_Handler
 .text.MemManage_Handler
                0x0000000008003fb0        0x2 Core/Src/stm32f1xx_it.o
                0x0000000008003fb0                MemManage_Handler
 .text.BusFault_Handler
                0x0000000008003fb2        0x2 Core/Src/stm32f1xx_it.o
                0x0000000008003fb2                BusFault_Handler
 .text.UsageFault_Handler
                0x0000000008003fb4        0x2 Core/Src/stm32f1xx_it.o
                0x0000000008003fb4                UsageFault_Handler
 .text.SVC_Handler
                0x0000000008003fb6        0x2 Core/Src/stm32f1xx_it.o
                0x0000000008003fb6                SVC_Handler
 .text.DebugMon_Handler
                0x0000000008003fb8        0x2 Core/Src/stm32f1xx_it.o
                0x0000000008003fb8                DebugMon_Handler
 .text.PendSV_Handler
                0x0000000008003fba        0x2 Core/Src/stm32f1xx_it.o
                0x0000000008003fba                PendSV_Handler
 .text.SysTick_Handler
                0x0000000008003fbc        0x4 Core/Src/stm32f1xx_it.o
                0x0000000008003fbc                SysTick_Handler
 .text.TIM1_UP_IRQHandler
                0x0000000008003fc0        0xc Core/Src/stm32f1xx_it.o
                0x0000000008003fc0                TIM1_UP_IRQHandler
 .text._sbrk    0x0000000008003fcc       0x40 Core/Src/sysmem.o
                0x0000000008003fcc                _sbrk
 .text.SystemInit
                0x000000000800400c        0x2 Core/Src/system_stm32f1xx.o
                0x000000000800400c                SystemInit
 *fill*         0x000000000800400e        0x2 
 .text.MX_TIM1_Init
                0x0000000008004010       0x6c Core/Src/tim.o
                0x0000000008004010                MX_TIM1_Init
 .text.HAL_TIM_Base_MspInit
                0x000000000800407c       0x60 Core/Src/tim.o
                0x000000000800407c                HAL_TIM_Base_MspInit
 .text.HAL_TIM_MspPostInit
                0x00000000080040dc       0x4c Core/Src/tim.o
                0x00000000080040dc                HAL_TIM_MspPostInit
 .text.MX_TIM2_Init
                0x0000000008004128       0xa0 Core/Src/tim.o
                0x0000000008004128                MX_TIM2_Init
 .text.MX_USART1_UART_Init
                0x00000000080041c8       0x38 Core/Src/usart.o
                0x00000000080041c8                MX_USART1_UART_Init
 .text.HAL_UART_MspInit
                0x0000000008004200       0x78 Core/Src/usart.o
                0x0000000008004200                HAL_UART_MspInit
 .text.Reset_Handler
                0x0000000008004278       0x48 Core/Startup/startup_stm32f103c8tx.o
                0x0000000008004278                Reset_Handler
 .text.Default_Handler
                0x00000000080042c0        0x2 Core/Startup/startup_stm32f103c8tx.o
                0x00000000080042c0                RTC_Alarm_IRQHandler
                0x00000000080042c0                EXTI2_IRQHandler
                0x00000000080042c0                TIM1_CC_IRQHandler
                0x00000000080042c0                PVD_IRQHandler
                0x00000000080042c0                EXTI3_IRQHandler
                0x00000000080042c0                EXTI0_IRQHandler
                0x00000000080042c0                I2C2_EV_IRQHandler
                0x00000000080042c0                ADC1_2_IRQHandler
                0x00000000080042c0                SPI1_IRQHandler
                0x00000000080042c0                TAMPER_IRQHandler
                0x00000000080042c0                DMA1_Channel4_IRQHandler
                0x00000000080042c0                USART3_IRQHandler
                0x00000000080042c0                RTC_IRQHandler
                0x00000000080042c0                DMA1_Channel7_IRQHandler
                0x00000000080042c0                CAN1_RX1_IRQHandler
                0x00000000080042c0                TIM4_IRQHandler
                0x00000000080042c0                I2C1_EV_IRQHandler
                0x00000000080042c0                DMA1_Channel6_IRQHandler
                0x00000000080042c0                TIM3_IRQHandler
                0x00000000080042c0                RCC_IRQHandler
                0x00000000080042c0                TIM1_TRG_COM_IRQHandler
                0x00000000080042c0                DMA1_Channel1_IRQHandler
                0x00000000080042c0                Default_Handler
                0x00000000080042c0                EXTI15_10_IRQHandler
                0x00000000080042c0                EXTI9_5_IRQHandler
                0x00000000080042c0                SPI2_IRQHandler
                0x00000000080042c0                DMA1_Channel5_IRQHandler
                0x00000000080042c0                EXTI4_IRQHandler
                0x00000000080042c0                USB_LP_CAN1_RX0_IRQHandler
                0x00000000080042c0                USB_HP_CAN1_TX_IRQHandler
                0x00000000080042c0                DMA1_Channel3_IRQHandler
                0x00000000080042c0                WWDG_IRQHandler
                0x00000000080042c0                TIM2_IRQHandler
                0x00000000080042c0                TIM1_BRK_IRQHandler
                0x00000000080042c0                EXTI1_IRQHandler
                0x00000000080042c0                USART2_IRQHandler
                0x00000000080042c0                I2C2_ER_IRQHandler
                0x00000000080042c0                DMA1_Channel2_IRQHandler
                0x00000000080042c0                CAN1_SCE_IRQHandler
                0x00000000080042c0                FLASH_IRQHandler
                0x00000000080042c0                USART1_IRQHandler
                0x00000000080042c0                I2C1_ER_IRQHandler
                0x00000000080042c0                USBWakeUp_IRQHandler
 *fill*         0x00000000080042c2        0x2 
 .text.PID_Init
                0x00000000080042c4       0x38 Core/state-space/control.o
                0x00000000080042c4                PID_Init
 .text.accel    0x00000000080042fc       0x52 Core/state-space/control.o
                0x00000000080042fc                accel
 *fill*         0x000000000800434e        0x2 
 .text.setFrenquency
                0x0000000008004350       0xb0 Core/state-space/control.o
                0x0000000008004350                setFrenquency
 .text.HAL_InitTick
                0x0000000008004400       0x48 Drivers/STM32F1xx_HAL_Driver/stm32f1xx_hal.o
                0x0000000008004400                HAL_InitTick
 .text.HAL_Init
                0x0000000008004448       0x24 Drivers/STM32F1xx_HAL_Driver/stm32f1xx_hal.o
                0x0000000008004448                HAL_Init
 .text.HAL_IncTick
                0x000000000800446c       0x18 Drivers/STM32F1xx_HAL_Driver/stm32f1xx_hal.o
                0x000000000800446c                HAL_IncTick
 .text.HAL_GetTick
                0x0000000008004484        0xc Drivers/STM32F1xx_HAL_Driver/stm32f1xx_hal.o
                0x0000000008004484                HAL_GetTick
 .text.HAL_Delay
                0x0000000008004490       0x24 Drivers/STM32F1xx_HAL_Driver/stm32f1xx_hal.o
                0x0000000008004490                HAL_Delay
 .text.HAL_NVIC_SetPriorityGrouping
                0x00000000080044b4       0x24 Drivers/STM32F1xx_HAL_Driver/stm32f1xx_hal_cortex.o
                0x00000000080044b4                HAL_NVIC_SetPriorityGrouping
 .text.HAL_NVIC_SetPriority
                0x00000000080044d8       0x68 Drivers/STM32F1xx_HAL_Driver/stm32f1xx_hal_cortex.o
                0x00000000080044d8                HAL_NVIC_SetPriority
 .text.HAL_NVIC_EnableIRQ
                0x0000000008004540       0x1c Drivers/STM32F1xx_HAL_Driver/stm32f1xx_hal_cortex.o
                0x0000000008004540                HAL_NVIC_EnableIRQ
 .text.HAL_SYSTICK_Config
                0x000000000800455c       0x2c Drivers/STM32F1xx_HAL_Driver/stm32f1xx_hal_cortex.o
                0x000000000800455c                HAL_SYSTICK_Config
 .text.HAL_GPIO_Init
                0x0000000008004588      0x1c0 Drivers/STM32F1xx_HAL_Driver/stm32f1xx_hal_gpio.o
                0x0000000008004588                HAL_GPIO_Init
 .text.HAL_GPIO_WritePin
                0x0000000008004748        0xa Drivers/STM32F1xx_HAL_Driver/stm32f1xx_hal_gpio.o
                0x0000000008004748                HAL_GPIO_WritePin
 .text.I2C_IsAcknowledgeFailed
                0x0000000008004752       0x32 Drivers/STM32F1xx_HAL_Driver/stm32f1xx_hal_i2c.o
 .text.I2C_WaitOnMasterAddressFlagUntilTimeout
                0x0000000008004784       0x74 Drivers/STM32F1xx_HAL_Driver/stm32f1xx_hal_i2c.o
 .text.I2C_WaitOnBTFFlagUntilTimeout
                0x00000000080047f8       0x4c Drivers/STM32F1xx_HAL_Driver/stm32f1xx_hal_i2c.o
 .text.I2C_WaitOnRXNEFlagUntilTimeout
                0x0000000008004844       0x5e Drivers/STM32F1xx_HAL_Driver/stm32f1xx_hal_i2c.o
 .text.I2C_WaitOnFlagUntilTimeout
                0x00000000080048a2       0x62 Drivers/STM32F1xx_HAL_Driver/stm32f1xx_hal_i2c.o
 .text.I2C_WaitOnTXEFlagUntilTimeout
                0x0000000008004904       0x4c Drivers/STM32F1xx_HAL_Driver/stm32f1xx_hal_i2c.o
 .text.I2C_RequestMemoryWrite
                0x0000000008004950       0xac Drivers/STM32F1xx_HAL_Driver/stm32f1xx_hal_i2c.o
 .text.I2C_RequestMemoryRead
                0x00000000080049fc       0xfc Drivers/STM32F1xx_HAL_Driver/stm32f1xx_hal_i2c.o
 .text.HAL_I2C_Init
                0x0000000008004af8      0x158 Drivers/STM32F1xx_HAL_Driver/stm32f1xx_hal_i2c.o
                0x0000000008004af8                HAL_I2C_Init
 .text.HAL_I2C_Mem_Write
                0x0000000008004c50      0x120 Drivers/STM32F1xx_HAL_Driver/stm32f1xx_hal_i2c.o
                0x0000000008004c50                HAL_I2C_Mem_Write
 .text.HAL_I2C_Mem_Read
                0x0000000008004d70      0x27c Drivers/STM32F1xx_HAL_Driver/stm32f1xx_hal_i2c.o
                0x0000000008004d70                HAL_I2C_Mem_Read
 .text.HAL_RCC_OscConfig
                0x0000000008004fec      0x33c Drivers/STM32F1xx_HAL_Driver/stm32f1xx_hal_rcc.o
                0x0000000008004fec                HAL_RCC_OscConfig
 .text.HAL_RCC_GetSysClockFreq
                0x0000000008005328       0x74 Drivers/STM32F1xx_HAL_Driver/stm32f1xx_hal_rcc.o
                0x0000000008005328                HAL_RCC_GetSysClockFreq
 .text.HAL_RCC_ClockConfig
                0x000000000800539c      0x138 Drivers/STM32F1xx_HAL_Driver/stm32f1xx_hal_rcc.o
                0x000000000800539c                HAL_RCC_ClockConfig
 .text.HAL_RCC_GetPCLK1Freq
                0x00000000080054d4       0x20 Drivers/STM32F1xx_HAL_Driver/stm32f1xx_hal_rcc.o
                0x00000000080054d4                HAL_RCC_GetPCLK1Freq
 .text.HAL_RCC_GetPCLK2Freq
                0x00000000080054f4       0x20 Drivers/STM32F1xx_HAL_Driver/stm32f1xx_hal_rcc.o
                0x00000000080054f4                HAL_RCC_GetPCLK2Freq
 .text.SPI_WaitFlagStateUntilTimeout.constprop.6
                0x0000000008005514       0xac Drivers/STM32F1xx_HAL_Driver/stm32f1xx_hal_spi.o
 .text.SPI_EndRxTxTransaction
                0x00000000080055c0       0x1c Drivers/STM32F1xx_HAL_Driver/stm32f1xx_hal_spi.o
 .text.HAL_SPI_Init
                0x00000000080055dc       0xb0 Drivers/STM32F1xx_HAL_Driver/stm32f1xx_hal_spi.o
                0x00000000080055dc                HAL_SPI_Init
 .text.HAL_SPI_Transmit
                0x000000000800568c      0x156 Drivers/STM32F1xx_HAL_Driver/stm32f1xx_hal_spi.o
                0x000000000800568c                HAL_SPI_Transmit
 *fill*         0x00000000080057e2        0x2 
 .text.TIM_OC1_SetConfig
                0x00000000080057e4       0x50 Drivers/STM32F1xx_HAL_Driver/stm32f1xx_hal_tim.o
 .text.TIM_OC3_SetConfig
                0x0000000008005834       0x54 Drivers/STM32F1xx_HAL_Driver/stm32f1xx_hal_tim.o
 .text.TIM_OC4_SetConfig
                0x0000000008005888       0x44 Drivers/STM32F1xx_HAL_Driver/stm32f1xx_hal_tim.o
 .text.HAL_TIM_Base_Start_IT
                0x00000000080058cc       0x54 Drivers/STM32F1xx_HAL_Driver/stm32f1xx_hal_tim.o
                0x00000000080058cc                HAL_TIM_Base_Start_IT
 .text.HAL_TIM_PWM_MspInit
                0x0000000008005920        0x2 Drivers/STM32F1xx_HAL_Driver/stm32f1xx_hal_tim.o
                0x0000000008005920                HAL_TIM_PWM_MspInit
 .text.HAL_TIM_OC_DelayElapsedCallback
                0x0000000008005922        0x2 Drivers/STM32F1xx_HAL_Driver/stm32f1xx_hal_tim.o
                0x0000000008005922                HAL_TIM_OC_DelayElapsedCallback
 .text.HAL_TIM_IC_CaptureCallback
                0x0000000008005924        0x2 Drivers/STM32F1xx_HAL_Driver/stm32f1xx_hal_tim.o
                0x0000000008005924                HAL_TIM_IC_CaptureCallback
 .text.HAL_TIM_PWM_PulseFinishedCallback
                0x0000000008005926        0x2 Drivers/STM32F1xx_HAL_Driver/stm32f1xx_hal_tim.o
                0x0000000008005926                HAL_TIM_PWM_PulseFinishedCallback
 .text.HAL_TIM_TriggerCallback
                0x0000000008005928        0x2 Drivers/STM32F1xx_HAL_Driver/stm32f1xx_hal_tim.o
                0x0000000008005928                HAL_TIM_TriggerCallback
 .text.HAL_TIM_IRQHandler
                0x000000000800592a      0x144 Drivers/STM32F1xx_HAL_Driver/stm32f1xx_hal_tim.o
                0x000000000800592a                HAL_TIM_IRQHandler
 *fill*         0x0000000008005a6e        0x2 
 .text.TIM_Base_SetConfig
                0x0000000008005a70       0x70 Drivers/STM32F1xx_HAL_Driver/stm32f1xx_hal_tim.o
                0x0000000008005a70                TIM_Base_SetConfig
 .text.HAL_TIM_Base_Init
                0x0000000008005ae0       0x58 Drivers/STM32F1xx_HAL_Driver/stm32f1xx_hal_tim.o
                0x0000000008005ae0                HAL_TIM_Base_Init
 .text.HAL_TIM_PWM_Init
                0x0000000008005b38       0x58 Drivers/STM32F1xx_HAL_Driver/stm32f1xx_hal_tim.o
                0x0000000008005b38                HAL_TIM_PWM_Init
 .text.TIM_OC2_SetConfig
                0x0000000008005b90       0x58 Drivers/STM32F1xx_HAL_Driver/stm32f1xx_hal_tim.o
                0x0000000008005b90                TIM_OC2_SetConfig
 .text.HAL_TIM_PWM_ConfigChannel
                0x0000000008005be8       0xba Drivers/STM32F1xx_HAL_Driver/stm32f1xx_hal_tim.o
                0x0000000008005be8                HAL_TIM_PWM_ConfigChannel
 .text.TIM_ETR_SetConfig
                0x0000000008005ca2       0x14 Drivers/STM32F1xx_HAL_Driver/stm32f1xx_hal_tim.o
                0x0000000008005ca2                TIM_ETR_SetConfig
 .text.HAL_TIM_ConfigClockSource
                0x0000000008005cb6      0x128 Drivers/STM32F1xx_HAL_Driver/stm32f1xx_hal_tim.o
                0x0000000008005cb6                HAL_TIM_ConfigClockSource
 .text.TIM_CCxChannelCmd
                0x0000000008005dde       0x1c Drivers/STM32F1xx_HAL_Driver/stm32f1xx_hal_tim.o
                0x0000000008005dde                TIM_CCxChannelCmd
 *fill*         0x0000000008005dfa        0x2 
 .text.HAL_TIM_OC_Start
                0x0000000008005dfc       0x9c Drivers/STM32F1xx_HAL_Driver/stm32f1xx_hal_tim.o
                0x0000000008005dfc                HAL_TIM_OC_Start
 .text.HAL_TIM_PWM_Start
                0x0000000008005e98        0x4 Drivers/STM32F1xx_HAL_Driver/stm32f1xx_hal_tim.o
                0x0000000008005e98                HAL_TIM_PWM_Start
 .text.HAL_TIMEx_MasterConfigSynchronization
                0x0000000008005e9c       0x64 Drivers/STM32F1xx_HAL_Driver/stm32f1xx_hal_tim_ex.o
                0x0000000008005e9c                HAL_TIMEx_MasterConfigSynchronization
 .text.HAL_TIMEx_CommutCallback
                0x0000000008005f00        0x2 Drivers/STM32F1xx_HAL_Driver/stm32f1xx_hal_tim_ex.o
                0x0000000008005f00                HAL_TIMEx_CommutCallback
 .text.HAL_TIMEx_BreakCallback
                0x0000000008005f02        0x2 Drivers/STM32F1xx_HAL_Driver/stm32f1xx_hal_tim_ex.o
                0x0000000008005f02                HAL_TIMEx_BreakCallback
 .text.UART_SetConfig
                0x0000000008005f04       0x74 Drivers/STM32F1xx_HAL_Driver/stm32f1xx_hal_uart.o
 .text.UART_WaitOnFlagUntilTimeout.constprop.3
                0x0000000008005f78       0x50 Drivers/STM32F1xx_HAL_Driver/stm32f1xx_hal_uart.o
 .text.HAL_UART_Init
                0x0000000008005fc8       0x5c Drivers/STM32F1xx_HAL_Driver/stm32f1xx_hal_uart.o
                0x0000000008005fc8                HAL_UART_Init
 .text.HAL_UART_Transmit
                0x0000000008006024       0xae Drivers/STM32F1xx_HAL_Driver/stm32f1xx_hal_uart.o
                0x0000000008006024                HAL_UART_Transmit
 .text.HAL_UART_Receive
                0x00000000080060d2       0xb8 Drivers/STM32F1xx_HAL_Driver/stm32f1xx_hal_uart.o
                0x00000000080060d2                HAL_UART_Receive
 *fill*         0x000000000800618a        0x2 
 .text.__errno  0x000000000800618c        0xc c:/st/stm32cubeide_1.4.0/stm32cubeide/plugins/com.st.stm32cube.ide.mcu.externaltools.gnu-tools-for-stm32.7-2018-q2-update.win32_1.4.0.202007081208/tools/bin/../lib/gcc/arm-none-eabi/7.3.1/../../../../arm-none-eabi/lib/thumb/v7-m\libc.a(lib_a-errno.o)
                0x000000000800618c                __errno
 .text.__libc_init_array
                0x0000000008006198       0x48 c:/st/stm32cubeide_1.4.0/stm32cubeide/plugins/com.st.stm32cube.ide.mcu.externaltools.gnu-tools-for-stm32.7-2018-q2-update.win32_1.4.0.202007081208/tools/bin/../lib/gcc/arm-none-eabi/7.3.1/../../../../arm-none-eabi/lib/thumb/v7-m\libc.a(lib_a-init.o)
                0x0000000008006198                __libc_init_array
 .text.memcmp   0x00000000080061e0       0x1e c:/st/stm32cubeide_1.4.0/stm32cubeide/plugins/com.st.stm32cube.ide.mcu.externaltools.gnu-tools-for-stm32.7-2018-q2-update.win32_1.4.0.202007081208/tools/bin/../lib/gcc/arm-none-eabi/7.3.1/../../../../arm-none-eabi/lib/thumb/v7-m\libc.a(lib_a-memcmp.o)
                0x00000000080061e0                memcmp
 .text.memset   0x00000000080061fe       0x10 c:/st/stm32cubeide_1.4.0/stm32cubeide/plugins/com.st.stm32cube.ide.mcu.externaltools.gnu-tools-for-stm32.7-2018-q2-update.win32_1.4.0.202007081208/tools/bin/../lib/gcc/arm-none-eabi/7.3.1/../../../../arm-none-eabi/lib/thumb/v7-m\libc.a(lib_a-memset.o)
                0x00000000080061fe                memset
 *fill*         0x000000000800620e        0x2 
 .text.printf   0x0000000008006210       0x24 c:/st/stm32cubeide_1.4.0/stm32cubeide/plugins/com.st.stm32cube.ide.mcu.externaltools.gnu-tools-for-stm32.7-2018-q2-update.win32_1.4.0.202007081208/tools/bin/../lib/gcc/arm-none-eabi/7.3.1/../../../../arm-none-eabi/lib/thumb/v7-m\libc.a(lib_a-printf.o)
                0x0000000008006210                printf
 .text._puts_r  0x0000000008006234       0x8c c:/st/stm32cubeide_1.4.0/stm32cubeide/plugins/com.st.stm32cube.ide.mcu.externaltools.gnu-tools-for-stm32.7-2018-q2-update.win32_1.4.0.202007081208/tools/bin/../lib/gcc/arm-none-eabi/7.3.1/../../../../arm-none-eabi/lib/thumb/v7-m\libc.a(lib_a-puts.o)
                0x0000000008006234                _puts_r
 .text.puts     0x00000000080062c0       0x10 c:/st/stm32cubeide_1.4.0/stm32cubeide/plugins/com.st.stm32cube.ide.mcu.externaltools.gnu-tools-for-stm32.7-2018-q2-update.win32_1.4.0.202007081208/tools/bin/../lib/gcc/arm-none-eabi/7.3.1/../../../../arm-none-eabi/lib/thumb/v7-m\libc.a(lib_a-puts.o)
                0x00000000080062c0                puts
 .text.setvbuf  0x00000000080062d0      0x16c c:/st/stm32cubeide_1.4.0/stm32cubeide/plugins/com.st.stm32cube.ide.mcu.externaltools.gnu-tools-for-stm32.7-2018-q2-update.win32_1.4.0.202007081208/tools/bin/../lib/gcc/arm-none-eabi/7.3.1/../../../../arm-none-eabi/lib/thumb/v7-m\libc.a(lib_a-setvbuf.o)
                0x00000000080062d0                setvbuf
 .text.sprintf  0x000000000800643c       0x40 c:/st/stm32cubeide_1.4.0/stm32cubeide/plugins/com.st.stm32cube.ide.mcu.externaltools.gnu-tools-for-stm32.7-2018-q2-update.win32_1.4.0.202007081208/tools/bin/../lib/gcc/arm-none-eabi/7.3.1/../../../../arm-none-eabi/lib/thumb/v7-m\libc.a(lib_a-sprintf.o)
                0x000000000800643c                sprintf
 .text._svfprintf_r
                0x000000000800647c     0x141c c:/st/stm32cubeide_1.4.0/stm32cubeide/plugins/com.st.stm32cube.ide.mcu.externaltools.gnu-tools-for-stm32.7-2018-q2-update.win32_1.4.0.202007081208/tools/bin/../lib/gcc/arm-none-eabi/7.3.1/../../../../arm-none-eabi/lib/thumb/v7-m\libc.a(lib_a-svfprintf.o)
                0x000000000800647c                _svfprintf_r
 .text._vfprintf_r
                0x0000000008007898     0x14c8 c:/st/stm32cubeide_1.4.0/stm32cubeide/plugins/com.st.stm32cube.ide.mcu.externaltools.gnu-tools-for-stm32.7-2018-q2-update.win32_1.4.0.202007081208/tools/bin/../lib/gcc/arm-none-eabi/7.3.1/../../../../arm-none-eabi/lib/thumb/v7-m\libc.a(lib_a-vfprintf.o)
                0x0000000008007898                _vfprintf_r
 .text.__sbprintf
                0x0000000008008d60       0x80 c:/st/stm32cubeide_1.4.0/stm32cubeide/plugins/com.st.stm32cube.ide.mcu.externaltools.gnu-tools-for-stm32.7-2018-q2-update.win32_1.4.0.202007081208/tools/bin/../lib/gcc/arm-none-eabi/7.3.1/../../../../arm-none-eabi/lib/thumb/v7-m\libc.a(lib_a-vfprintf.o)
 .text.__swsetup_r
                0x0000000008008de0       0xb0 c:/st/stm32cubeide_1.4.0/stm32cubeide/plugins/com.st.stm32cube.ide.mcu.externaltools.gnu-tools-for-stm32.7-2018-q2-update.win32_1.4.0.202007081208/tools/bin/../lib/gcc/arm-none-eabi/7.3.1/../../../../arm-none-eabi/lib/thumb/v7-m\libc.a(lib_a-wsetup.o)
                0x0000000008008de0                __swsetup_r
 .text.startup.register_fini
                0x0000000008008e90       0x14 c:/st/stm32cubeide_1.4.0/stm32cubeide/plugins/com.st.stm32cube.ide.mcu.externaltools.gnu-tools-for-stm32.7-2018-q2-update.win32_1.4.0.202007081208/tools/bin/../lib/gcc/arm-none-eabi/7.3.1/../../../../arm-none-eabi/lib/thumb/v7-m\libc.a(lib_a-__call_atexit.o)
 .text.atexit   0x0000000008008ea4        0xc c:/st/stm32cubeide_1.4.0/stm32cubeide/plugins/com.st.stm32cube.ide.mcu.externaltools.gnu-tools-for-stm32.7-2018-q2-update.win32_1.4.0.202007081208/tools/bin/../lib/gcc/arm-none-eabi/7.3.1/../../../../arm-none-eabi/lib/thumb/v7-m\libc.a(lib_a-atexit.o)
                0x0000000008008ea4                atexit
 .text.quorem   0x0000000008008eb0      0x11c c:/st/stm32cubeide_1.4.0/stm32cubeide/plugins/com.st.stm32cube.ide.mcu.externaltools.gnu-tools-for-stm32.7-2018-q2-update.win32_1.4.0.202007081208/tools/bin/../lib/gcc/arm-none-eabi/7.3.1/../../../../arm-none-eabi/lib/thumb/v7-m\libc.a(lib_a-dtoa.o)
 *fill*         0x0000000008008fcc        0x4 
 .text._dtoa_r  0x0000000008008fd0      0xb44 c:/st/stm32cubeide_1.4.0/stm32cubeide/plugins/com.st.stm32cube.ide.mcu.externaltools.gnu-tools-for-stm32.7-2018-q2-update.win32_1.4.0.202007081208/tools/bin/../lib/gcc/arm-none-eabi/7.3.1/../../../../arm-none-eabi/lib/thumb/v7-m\libc.a(lib_a-dtoa.o)
                0x0000000008008fd0                _dtoa_r
 .text.__sflush_r
                0x0000000008009b14      0x11c c:/st/stm32cubeide_1.4.0/stm32cubeide/plugins/com.st.stm32cube.ide.mcu.externaltools.gnu-tools-for-stm32.7-2018-q2-update.win32_1.4.0.202007081208/tools/bin/../lib/gcc/arm-none-eabi/7.3.1/../../../../arm-none-eabi/lib/thumb/v7-m\libc.a(lib_a-fflush.o)
                0x0000000008009b14                __sflush_r
 .text._fflush_r
                0x0000000008009c30       0x4a c:/st/stm32cubeide_1.4.0/stm32cubeide/plugins/com.st.stm32cube.ide.mcu.externaltools.gnu-tools-for-stm32.7-2018-q2-update.win32_1.4.0.202007081208/tools/bin/../lib/gcc/arm-none-eabi/7.3.1/../../../../arm-none-eabi/lib/thumb/v7-m\libc.a(lib_a-fflush.o)
                0x0000000008009c30                _fflush_r
 *fill*         0x0000000008009c7a        0x2 
 .text.std      0x0000000008009c7c       0x50 c:/st/stm32cubeide_1.4.0/stm32cubeide/plugins/com.st.stm32cube.ide.mcu.externaltools.gnu-tools-for-stm32.7-2018-q2-update.win32_1.4.0.202007081208/tools/bin/../lib/gcc/arm-none-eabi/7.3.1/../../../../arm-none-eabi/lib/thumb/v7-m\libc.a(lib_a-findfp.o)
 .text._cleanup_r
                0x0000000008009ccc        0xc c:/st/stm32cubeide_1.4.0/stm32cubeide/plugins/com.st.stm32cube.ide.mcu.externaltools.gnu-tools-for-stm32.7-2018-q2-update.win32_1.4.0.202007081208/tools/bin/../lib/gcc/arm-none-eabi/7.3.1/../../../../arm-none-eabi/lib/thumb/v7-m\libc.a(lib_a-findfp.o)
                0x0000000008009ccc                _cleanup_r
 .text.__sfp_lock_acquire
                0x0000000008009cd8        0xc c:/st/stm32cubeide_1.4.0/stm32cubeide/plugins/com.st.stm32cube.ide.mcu.externaltools.gnu-tools-for-stm32.7-2018-q2-update.win32_1.4.0.202007081208/tools/bin/../lib/gcc/arm-none-eabi/7.3.1/../../../../arm-none-eabi/lib/thumb/v7-m\libc.a(lib_a-findfp.o)
                0x0000000008009cd8                __sfp_lock_acquire
 .text.__sfp_lock_release
                0x0000000008009ce4        0xc c:/st/stm32cubeide_1.4.0/stm32cubeide/plugins/com.st.stm32cube.ide.mcu.externaltools.gnu-tools-for-stm32.7-2018-q2-update.win32_1.4.0.202007081208/tools/bin/../lib/gcc/arm-none-eabi/7.3.1/../../../../arm-none-eabi/lib/thumb/v7-m\libc.a(lib_a-findfp.o)
                0x0000000008009ce4                __sfp_lock_release
 .text.__sinit_lock_acquire
                0x0000000008009cf0        0xc c:/st/stm32cubeide_1.4.0/stm32cubeide/plugins/com.st.stm32cube.ide.mcu.externaltools.gnu-tools-for-stm32.7-2018-q2-update.win32_1.4.0.202007081208/tools/bin/../lib/gcc/arm-none-eabi/7.3.1/../../../../arm-none-eabi/lib/thumb/v7-m\libc.a(lib_a-findfp.o)
                0x0000000008009cf0                __sinit_lock_acquire
 .text.__sinit_lock_release
                0x0000000008009cfc        0xc c:/st/stm32cubeide_1.4.0/stm32cubeide/plugins/com.st.stm32cube.ide.mcu.externaltools.gnu-tools-for-stm32.7-2018-q2-update.win32_1.4.0.202007081208/tools/bin/../lib/gcc/arm-none-eabi/7.3.1/../../../../arm-none-eabi/lib/thumb/v7-m\libc.a(lib_a-findfp.o)
                0x0000000008009cfc                __sinit_lock_release
 .text.__sinit  0x0000000008009d08       0x50 c:/st/stm32cubeide_1.4.0/stm32cubeide/plugins/com.st.stm32cube.ide.mcu.externaltools.gnu-tools-for-stm32.7-2018-q2-update.win32_1.4.0.202007081208/tools/bin/../lib/gcc/arm-none-eabi/7.3.1/../../../../arm-none-eabi/lib/thumb/v7-m\libc.a(lib_a-findfp.o)
                0x0000000008009d08                __sinit
 .text.__libc_fini_array
                0x0000000008009d58       0x28 c:/st/stm32cubeide_1.4.0/stm32cubeide/plugins/com.st.stm32cube.ide.mcu.externaltools.gnu-tools-for-stm32.7-2018-q2-update.win32_1.4.0.202007081208/tools/bin/../lib/gcc/arm-none-eabi/7.3.1/../../../../arm-none-eabi/lib/thumb/v7-m\libc.a(lib_a-fini.o)
                0x0000000008009d58                __libc_fini_array
 .text._malloc_trim_r
                0x0000000008009d80       0xa8 c:/st/stm32cubeide_1.4.0/stm32cubeide/plugins/com.st.stm32cube.ide.mcu.externaltools.gnu-tools-for-stm32.7-2018-q2-update.win32_1.4.0.202007081208/tools/bin/../lib/gcc/arm-none-eabi/7.3.1/../../../../arm-none-eabi/lib/thumb/v7-m\libc.a(lib_a-freer.o)
                0x0000000008009d80                _malloc_trim_r
 .text._free_r  0x0000000008009e28      0x178 c:/st/stm32cubeide_1.4.0/stm32cubeide/plugins/com.st.stm32cube.ide.mcu.externaltools.gnu-tools-for-stm32.7-2018-q2-update.win32_1.4.0.202007081208/tools/bin/../lib/gcc/arm-none-eabi/7.3.1/../../../../arm-none-eabi/lib/thumb/v7-m\libc.a(lib_a-freer.o)
                0x0000000008009e28                _free_r
 .text.__sfvwrite_r
                0x0000000008009fa0      0x29c c:/st/stm32cubeide_1.4.0/stm32cubeide/plugins/com.st.stm32cube.ide.mcu.externaltools.gnu-tools-for-stm32.7-2018-q2-update.win32_1.4.0.202007081208/tools/bin/../lib/gcc/arm-none-eabi/7.3.1/../../../../arm-none-eabi/lib/thumb/v7-m\libc.a(lib_a-fvwrite.o)
                0x0000000008009fa0                __sfvwrite_r
 .text._fwalk_reent
                0x000000000800a23c       0x3c c:/st/stm32cubeide_1.4.0/stm32cubeide/plugins/com.st.stm32cube.ide.mcu.externaltools.gnu-tools-for-stm32.7-2018-q2-update.win32_1.4.0.202007081208/tools/bin/../lib/gcc/arm-none-eabi/7.3.1/../../../../arm-none-eabi/lib/thumb/v7-m\libc.a(lib_a-fwalk.o)
                0x000000000800a23c                _fwalk_reent
 .text._localeconv_r
                0x000000000800a278       0x1c c:/st/stm32cubeide_1.4.0/stm32cubeide/plugins/com.st.stm32cube.ide.mcu.externaltools.gnu-tools-for-stm32.7-2018-q2-update.win32_1.4.0.202007081208/tools/bin/../lib/gcc/arm-none-eabi/7.3.1/../../../../arm-none-eabi/lib/thumb/v7-m\libc.a(lib_a-localeconv.o)
                0x000000000800a278                _localeconv_r
 .text.__retarget_lock_init_recursive
                0x000000000800a294        0x2 c:/st/stm32cubeide_1.4.0/stm32cubeide/plugins/com.st.stm32cube.ide.mcu.externaltools.gnu-tools-for-stm32.7-2018-q2-update.win32_1.4.0.202007081208/tools/bin/../lib/gcc/arm-none-eabi/7.3.1/../../../../arm-none-eabi/lib/thumb/v7-m\libc.a(lib_a-lock.o)
                0x000000000800a294                __retarget_lock_init_recursive
 .text.__retarget_lock_close_recursive
                0x000000000800a296        0x2 c:/st/stm32cubeide_1.4.0/stm32cubeide/plugins/com.st.stm32cube.ide.mcu.externaltools.gnu-tools-for-stm32.7-2018-q2-update.win32_1.4.0.202007081208/tools/bin/../lib/gcc/arm-none-eabi/7.3.1/../../../../arm-none-eabi/lib/thumb/v7-m\libc.a(lib_a-lock.o)
                0x000000000800a296                __retarget_lock_close_recursive
 .text.__retarget_lock_acquire_recursive
                0x000000000800a298        0x2 c:/st/stm32cubeide_1.4.0/stm32cubeide/plugins/com.st.stm32cube.ide.mcu.externaltools.gnu-tools-for-stm32.7-2018-q2-update.win32_1.4.0.202007081208/tools/bin/../lib/gcc/arm-none-eabi/7.3.1/../../../../arm-none-eabi/lib/thumb/v7-m\libc.a(lib_a-lock.o)
                0x000000000800a298                __retarget_lock_acquire_recursive
 .text.__retarget_lock_release_recursive
                0x000000000800a29a        0x2 c:/st/stm32cubeide_1.4.0/stm32cubeide/plugins/com.st.stm32cube.ide.mcu.externaltools.gnu-tools-for-stm32.7-2018-q2-update.win32_1.4.0.202007081208/tools/bin/../lib/gcc/arm-none-eabi/7.3.1/../../../../arm-none-eabi/lib/thumb/v7-m\libc.a(lib_a-lock.o)
                0x000000000800a29a                __retarget_lock_release_recursive
 .text.__swhatbuf_r
                0x000000000800a29c       0x56 c:/st/stm32cubeide_1.4.0/stm32cubeide/plugins/com.st.stm32cube.ide.mcu.externaltools.gnu-tools-for-stm32.7-2018-q2-update.win32_1.4.0.202007081208/tools/bin/../lib/gcc/arm-none-eabi/7.3.1/../../../../arm-none-eabi/lib/thumb/v7-m\libc.a(lib_a-makebuf.o)
                0x000000000800a29c                __swhatbuf_r
 *fill*         0x000000000800a2f2        0x2 
 .text.__smakebuf_r
                0x000000000800a2f4       0x80 c:/st/stm32cubeide_1.4.0/stm32cubeide/plugins/com.st.stm32cube.ide.mcu.externaltools.gnu-tools-for-stm32.7-2018-q2-update.win32_1.4.0.202007081208/tools/bin/../lib/gcc/arm-none-eabi/7.3.1/../../../../arm-none-eabi/lib/thumb/v7-m\libc.a(lib_a-makebuf.o)
                0x000000000800a2f4                __smakebuf_r
 .text.malloc   0x000000000800a374       0x10 c:/st/stm32cubeide_1.4.0/stm32cubeide/plugins/com.st.stm32cube.ide.mcu.externaltools.gnu-tools-for-stm32.7-2018-q2-update.win32_1.4.0.202007081208/tools/bin/../lib/gcc/arm-none-eabi/7.3.1/../../../../arm-none-eabi/lib/thumb/v7-m\libc.a(lib_a-malloc.o)
                0x000000000800a374                malloc
 .text._malloc_r
                0x000000000800a384      0x46c c:/st/stm32cubeide_1.4.0/stm32cubeide/plugins/com.st.stm32cube.ide.mcu.externaltools.gnu-tools-for-stm32.7-2018-q2-update.win32_1.4.0.202007081208/tools/bin/../lib/gcc/arm-none-eabi/7.3.1/../../../../arm-none-eabi/lib/thumb/v7-m\libc.a(lib_a-mallocr.o)
                0x000000000800a384                _malloc_r
 .text.memchr   0x000000000800a7f0       0x1c c:/st/stm32cubeide_1.4.0/stm32cubeide/plugins/com.st.stm32cube.ide.mcu.externaltools.gnu-tools-for-stm32.7-2018-q2-update.win32_1.4.0.202007081208/tools/bin/../lib/gcc/arm-none-eabi/7.3.1/../../../../arm-none-eabi/lib/thumb/v7-m\libc.a(lib_a-memchr-stub.o)
                0x000000000800a7f0                memchr
 .text.memcpy   0x000000000800a80c       0x16 c:/st/stm32cubeide_1.4.0/stm32cubeide/plugins/com.st.stm32cube.ide.mcu.externaltools.gnu-tools-for-stm32.7-2018-q2-update.win32_1.4.0.202007081208/tools/bin/../lib/gcc/arm-none-eabi/7.3.1/../../../../arm-none-eabi/lib/thumb/v7-m\libc.a(lib_a-memcpy-stub.o)
                0x000000000800a80c                memcpy
 .text.memmove  0x000000000800a822       0x32 c:/st/stm32cubeide_1.4.0/stm32cubeide/plugins/com.st.stm32cube.ide.mcu.externaltools.gnu-tools-for-stm32.7-2018-q2-update.win32_1.4.0.202007081208/tools/bin/../lib/gcc/arm-none-eabi/7.3.1/../../../../arm-none-eabi/lib/thumb/v7-m\libc.a(lib_a-memmove.o)
                0x000000000800a822                memmove
 .text.__malloc_lock
                0x000000000800a854        0xc c:/st/stm32cubeide_1.4.0/stm32cubeide/plugins/com.st.stm32cube.ide.mcu.externaltools.gnu-tools-for-stm32.7-2018-q2-update.win32_1.4.0.202007081208/tools/bin/../lib/gcc/arm-none-eabi/7.3.1/../../../../arm-none-eabi/lib/thumb/v7-m\libc.a(lib_a-mlock.o)
                0x000000000800a854                __malloc_lock
 .text.__malloc_unlock
                0x000000000800a860        0xc c:/st/stm32cubeide_1.4.0/stm32cubeide/plugins/com.st.stm32cube.ide.mcu.externaltools.gnu-tools-for-stm32.7-2018-q2-update.win32_1.4.0.202007081208/tools/bin/../lib/gcc/arm-none-eabi/7.3.1/../../../../arm-none-eabi/lib/thumb/v7-m\libc.a(lib_a-mlock.o)
                0x000000000800a860                __malloc_unlock
 .text._Balloc  0x000000000800a86c       0x4a c:/st/stm32cubeide_1.4.0/stm32cubeide/plugins/com.st.stm32cube.ide.mcu.externaltools.gnu-tools-for-stm32.7-2018-q2-update.win32_1.4.0.202007081208/tools/bin/../lib/gcc/arm-none-eabi/7.3.1/../../../../arm-none-eabi/lib/thumb/v7-m\libc.a(lib_a-mprec.o)
                0x000000000800a86c                _Balloc
 .text._Bfree   0x000000000800a8b6       0x12 c:/st/stm32cubeide_1.4.0/stm32cubeide/plugins/com.st.stm32cube.ide.mcu.externaltools.gnu-tools-for-stm32.7-2018-q2-update.win32_1.4.0.202007081208/tools/bin/../lib/gcc/arm-none-eabi/7.3.1/../../../../arm-none-eabi/lib/thumb/v7-m\libc.a(lib_a-mprec.o)
                0x000000000800a8b6                _Bfree
 .text.__multadd
                0x000000000800a8c8       0x76 c:/st/stm32cubeide_1.4.0/stm32cubeide/plugins/com.st.stm32cube.ide.mcu.externaltools.gnu-tools-for-stm32.7-2018-q2-update.win32_1.4.0.202007081208/tools/bin/../lib/gcc/arm-none-eabi/7.3.1/../../../../arm-none-eabi/lib/thumb/v7-m\libc.a(lib_a-mprec.o)
                0x000000000800a8c8                __multadd
 .text.__hi0bits
                0x000000000800a93e       0x3e c:/st/stm32cubeide_1.4.0/stm32cubeide/plugins/com.st.stm32cube.ide.mcu.externaltools.gnu-tools-for-stm32.7-2018-q2-update.win32_1.4.0.202007081208/tools/bin/../lib/gcc/arm-none-eabi/7.3.1/../../../../arm-none-eabi/lib/thumb/v7-m\libc.a(lib_a-mprec.o)
                0x000000000800a93e                __hi0bits
 .text.__lo0bits
                0x000000000800a97c       0x5e c:/st/stm32cubeide_1.4.0/stm32cubeide/plugins/com.st.stm32cube.ide.mcu.externaltools.gnu-tools-for-stm32.7-2018-q2-update.win32_1.4.0.202007081208/tools/bin/../lib/gcc/arm-none-eabi/7.3.1/../../../../arm-none-eabi/lib/thumb/v7-m\libc.a(lib_a-mprec.o)
                0x000000000800a97c                __lo0bits
 .text.__i2b    0x000000000800a9da       0x12 c:/st/stm32cubeide_1.4.0/stm32cubeide/plugins/com.st.stm32cube.ide.mcu.externaltools.gnu-tools-for-stm32.7-2018-q2-update.win32_1.4.0.202007081208/tools/bin/../lib/gcc/arm-none-eabi/7.3.1/../../../../arm-none-eabi/lib/thumb/v7-m\libc.a(lib_a-mprec.o)
                0x000000000800a9da                __i2b
 .text.__multiply
                0x000000000800a9ec      0x12a c:/st/stm32cubeide_1.4.0/stm32cubeide/plugins/com.st.stm32cube.ide.mcu.externaltools.gnu-tools-for-stm32.7-2018-q2-update.win32_1.4.0.202007081208/tools/bin/../lib/gcc/arm-none-eabi/7.3.1/../../../../arm-none-eabi/lib/thumb/v7-m\libc.a(lib_a-mprec.o)
                0x000000000800a9ec                __multiply
 *fill*         0x000000000800ab16        0x2 
 .text.__pow5mult
                0x000000000800ab18       0x80 c:/st/stm32cubeide_1.4.0/stm32cubeide/plugins/com.st.stm32cube.ide.mcu.externaltools.gnu-tools-for-stm32.7-2018-q2-update.win32_1.4.0.202007081208/tools/bin/../lib/gcc/arm-none-eabi/7.3.1/../../../../arm-none-eabi/lib/thumb/v7-m\libc.a(lib_a-mprec.o)
                0x000000000800ab18                __pow5mult
 .text.__lshift
                0x000000000800ab98       0xa8 c:/st/stm32cubeide_1.4.0/stm32cubeide/plugins/com.st.stm32cube.ide.mcu.externaltools.gnu-tools-for-stm32.7-2018-q2-update.win32_1.4.0.202007081208/tools/bin/../lib/gcc/arm-none-eabi/7.3.1/../../../../arm-none-eabi/lib/thumb/v7-m\libc.a(lib_a-mprec.o)
                0x000000000800ab98                __lshift
 .text.__mcmp   0x000000000800ac40       0x34 c:/st/stm32cubeide_1.4.0/stm32cubeide/plugins/com.st.stm32cube.ide.mcu.externaltools.gnu-tools-for-stm32.7-2018-q2-update.win32_1.4.0.202007081208/tools/bin/../lib/gcc/arm-none-eabi/7.3.1/../../../../arm-none-eabi/lib/thumb/v7-m\libc.a(lib_a-mprec.o)
                0x000000000800ac40                __mcmp
 .text.__mdiff  0x000000000800ac74       0xbc c:/st/stm32cubeide_1.4.0/stm32cubeide/plugins/com.st.stm32cube.ide.mcu.externaltools.gnu-tools-for-stm32.7-2018-q2-update.win32_1.4.0.202007081208/tools/bin/../lib/gcc/arm-none-eabi/7.3.1/../../../../arm-none-eabi/lib/thumb/v7-m\libc.a(lib_a-mprec.o)
                0x000000000800ac74                __mdiff
 .text.__d2b    0x000000000800ad30       0x9e c:/st/stm32cubeide_1.4.0/stm32cubeide/plugins/com.st.stm32cube.ide.mcu.externaltools.gnu-tools-for-stm32.7-2018-q2-update.win32_1.4.0.202007081208/tools/bin/../lib/gcc/arm-none-eabi/7.3.1/../../../../arm-none-eabi/lib/thumb/v7-m\libc.a(lib_a-mprec.o)
                0x000000000800ad30                __d2b
 *fill*         0x000000000800adce        0x2 
 .text._realloc_r
                0x000000000800add0      0x358 c:/st/stm32cubeide_1.4.0/stm32cubeide/plugins/com.st.stm32cube.ide.mcu.externaltools.gnu-tools-for-stm32.7-2018-q2-update.win32_1.4.0.202007081208/tools/bin/../lib/gcc/arm-none-eabi/7.3.1/../../../../arm-none-eabi/lib/thumb/v7-m\libc.a(lib_a-reallocr.o)
                0x000000000800add0                _realloc_r
 .text.frexp    0x000000000800b128       0x64 c:/st/stm32cubeide_1.4.0/stm32cubeide/plugins/com.st.stm32cube.ide.mcu.externaltools.gnu-tools-for-stm32.7-2018-q2-update.win32_1.4.0.202007081208/tools/bin/../lib/gcc/arm-none-eabi/7.3.1/../../../../arm-none-eabi/lib/thumb/v7-m\libc.a(lib_a-s_frexp.o)
                0x000000000800b128                frexp
 .text._sbrk_r  0x000000000800b18c       0x20 c:/st/stm32cubeide_1.4.0/stm32cubeide/plugins/com.st.stm32cube.ide.mcu.externaltools.gnu-tools-for-stm32.7-2018-q2-update.win32_1.4.0.202007081208/tools/bin/../lib/gcc/arm-none-eabi/7.3.1/../../../../arm-none-eabi/lib/thumb/v7-m\libc.a(lib_a-sbrkr.o)
                0x000000000800b18c                _sbrk_r
 .text.__sread  0x000000000800b1ac       0x22 c:/st/stm32cubeide_1.4.0/stm32cubeide/plugins/com.st.stm32cube.ide.mcu.externaltools.gnu-tools-for-stm32.7-2018-q2-update.win32_1.4.0.202007081208/tools/bin/../lib/gcc/arm-none-eabi/7.3.1/../../../../arm-none-eabi/lib/thumb/v7-m\libc.a(lib_a-stdio.o)
                0x000000000800b1ac                __sread
 .text.__swrite
                0x000000000800b1ce       0x38 c:/st/stm32cubeide_1.4.0/stm32cubeide/plugins/com.st.stm32cube.ide.mcu.externaltools.gnu-tools-for-stm32.7-2018-q2-update.win32_1.4.0.202007081208/tools/bin/../lib/gcc/arm-none-eabi/7.3.1/../../../../arm-none-eabi/lib/thumb/v7-m\libc.a(lib_a-stdio.o)
                0x000000000800b1ce                __swrite
 .text.__sseek  0x000000000800b206       0x24 c:/st/stm32cubeide_1.4.0/stm32cubeide/plugins/com.st.stm32cube.ide.mcu.externaltools.gnu-tools-for-stm32.7-2018-q2-update.win32_1.4.0.202007081208/tools/bin/../lib/gcc/arm-none-eabi/7.3.1/../../../../arm-none-eabi/lib/thumb/v7-m\libc.a(lib_a-stdio.o)
                0x000000000800b206                __sseek
 .text.__sclose
                0x000000000800b22a        0x8 c:/st/stm32cubeide_1.4.0/stm32cubeide/plugins/com.st.stm32cube.ide.mcu.externaltools.gnu-tools-for-stm32.7-2018-q2-update.win32_1.4.0.202007081208/tools/bin/../lib/gcc/arm-none-eabi/7.3.1/../../../../arm-none-eabi/lib/thumb/v7-m\libc.a(lib_a-stdio.o)
                0x000000000800b22a                __sclose
 .text.strncpy  0x000000000800b232       0x2a c:/st/stm32cubeide_1.4.0/stm32cubeide/plugins/com.st.stm32cube.ide.mcu.externaltools.gnu-tools-for-stm32.7-2018-q2-update.win32_1.4.0.202007081208/tools/bin/../lib/gcc/arm-none-eabi/7.3.1/../../../../arm-none-eabi/lib/thumb/v7-m\libc.a(lib_a-strncpy.o)
                0x000000000800b232                strncpy
 .text.__ssprint_r
                0x000000000800b25c       0xf0 c:/st/stm32cubeide_1.4.0/stm32cubeide/plugins/com.st.stm32cube.ide.mcu.externaltools.gnu-tools-for-stm32.7-2018-q2-update.win32_1.4.0.202007081208/tools/bin/../lib/gcc/arm-none-eabi/7.3.1/../../../../arm-none-eabi/lib/thumb/v7-m\libc.a(lib_a-svfiprintf.o)
                0x000000000800b25c                __ssprint_r
 .text.sysconf  0x000000000800b34c       0x1a c:/st/stm32cubeide_1.4.0/stm32cubeide/plugins/com.st.stm32cube.ide.mcu.externaltools.gnu-tools-for-stm32.7-2018-q2-update.win32_1.4.0.202007081208/tools/bin/../lib/gcc/arm-none-eabi/7.3.1/../../../../arm-none-eabi/lib/thumb/v7-m\libc.a(lib_a-sysconf.o)
                0x000000000800b34c                sysconf
 .text.__sprint_r
                0x000000000800b366       0x64 c:/st/stm32cubeide_1.4.0/stm32cubeide/plugins/com.st.stm32cube.ide.mcu.externaltools.gnu-tools-for-stm32.7-2018-q2-update.win32_1.4.0.202007081208/tools/bin/../lib/gcc/arm-none-eabi/7.3.1/../../../../arm-none-eabi/lib/thumb/v7-m\libc.a(lib_a-vfiprintf.o)
                0x000000000800b366                __sprint_r
 *fill*         0x000000000800b3ca        0x2 
 .text._write_r
                0x000000000800b3cc       0x24 c:/st/stm32cubeide_1.4.0/stm32cubeide/plugins/com.st.stm32cube.ide.mcu.externaltools.gnu-tools-for-stm32.7-2018-q2-update.win32_1.4.0.202007081208/tools/bin/../lib/gcc/arm-none-eabi/7.3.1/../../../../arm-none-eabi/lib/thumb/v7-m\libc.a(lib_a-writer.o)
                0x000000000800b3cc                _write_r
 .text.__register_exitproc
                0x000000000800b3f0       0xac c:/st/stm32cubeide_1.4.0/stm32cubeide/plugins/com.st.stm32cube.ide.mcu.externaltools.gnu-tools-for-stm32.7-2018-q2-update.win32_1.4.0.202007081208/tools/bin/../lib/gcc/arm-none-eabi/7.3.1/../../../../arm-none-eabi/lib/thumb/v7-m\libc.a(lib_a-__atexit.o)
                0x000000000800b3f0                __register_exitproc
 .text._calloc_r
                0x000000000800b49c       0x5a c:/st/stm32cubeide_1.4.0/stm32cubeide/plugins/com.st.stm32cube.ide.mcu.externaltools.gnu-tools-for-stm32.7-2018-q2-update.win32_1.4.0.202007081208/tools/bin/../lib/gcc/arm-none-eabi/7.3.1/../../../../arm-none-eabi/lib/thumb/v7-m\libc.a(lib_a-callocr.o)
                0x000000000800b49c                _calloc_r
 *fill*         0x000000000800b4f6        0x2 
 .text._close_r
                0x000000000800b4f8       0x20 c:/st/stm32cubeide_1.4.0/stm32cubeide/plugins/com.st.stm32cube.ide.mcu.externaltools.gnu-tools-for-stm32.7-2018-q2-update.win32_1.4.0.202007081208/tools/bin/../lib/gcc/arm-none-eabi/7.3.1/../../../../arm-none-eabi/lib/thumb/v7-m\libc.a(lib_a-closer.o)
                0x000000000800b4f8                _close_r
 .text._fclose_r
                0x000000000800b518       0xae c:/st/stm32cubeide_1.4.0/stm32cubeide/plugins/com.st.stm32cube.ide.mcu.externaltools.gnu-tools-for-stm32.7-2018-q2-update.win32_1.4.0.202007081208/tools/bin/../lib/gcc/arm-none-eabi/7.3.1/../../../../arm-none-eabi/lib/thumb/v7-m\libc.a(lib_a-fclose.o)
                0x000000000800b518                _fclose_r
 .text.__fputwc
                0x000000000800b5c6       0x82 c:/st/stm32cubeide_1.4.0/stm32cubeide/plugins/com.st.stm32cube.ide.mcu.externaltools.gnu-tools-for-stm32.7-2018-q2-update.win32_1.4.0.202007081208/tools/bin/../lib/gcc/arm-none-eabi/7.3.1/../../../../arm-none-eabi/lib/thumb/v7-m\libc.a(lib_a-fputwc.o)
                0x000000000800b5c6                __fputwc
 .text._fputwc_r
                0x000000000800b648       0x52 c:/st/stm32cubeide_1.4.0/stm32cubeide/plugins/com.st.stm32cube.ide.mcu.externaltools.gnu-tools-for-stm32.7-2018-q2-update.win32_1.4.0.202007081208/tools/bin/../lib/gcc/arm-none-eabi/7.3.1/../../../../arm-none-eabi/lib/thumb/v7-m\libc.a(lib_a-fputwc.o)
                0x000000000800b648                _fputwc_r
 *fill*         0x000000000800b69a        0x2 
 .text._fstat_r
                0x000000000800b69c       0x24 c:/st/stm32cubeide_1.4.0/stm32cubeide/plugins/com.st.stm32cube.ide.mcu.externaltools.gnu-tools-for-stm32.7-2018-q2-update.win32_1.4.0.202007081208/tools/bin/../lib/gcc/arm-none-eabi/7.3.1/../../../../arm-none-eabi/lib/thumb/v7-m\libc.a(lib_a-fstatr.o)
                0x000000000800b69c                _fstat_r
 .text._isatty_r
                0x000000000800b6c0       0x20 c:/st/stm32cubeide_1.4.0/stm32cubeide/plugins/com.st.stm32cube.ide.mcu.externaltools.gnu-tools-for-stm32.7-2018-q2-update.win32_1.4.0.202007081208/tools/bin/../lib/gcc/arm-none-eabi/7.3.1/../../../../arm-none-eabi/lib/thumb/v7-m\libc.a(lib_a-isattyr.o)
                0x000000000800b6c0                _isatty_r
 .text.__locale_mb_cur_max
                0x000000000800b6e0       0x1c c:/st/stm32cubeide_1.4.0/stm32cubeide/plugins/com.st.stm32cube.ide.mcu.externaltools.gnu-tools-for-stm32.7-2018-q2-update.win32_1.4.0.202007081208/tools/bin/../lib/gcc/arm-none-eabi/7.3.1/../../../../arm-none-eabi/lib/thumb/v7-m\libc.a(lib_a-locale.o)
                0x000000000800b6e0                __locale_mb_cur_max
 .text._lseek_r
                0x000000000800b6fc       0x24 c:/st/stm32cubeide_1.4.0/stm32cubeide/plugins/com.st.stm32cube.ide.mcu.externaltools.gnu-tools-for-stm32.7-2018-q2-update.win32_1.4.0.202007081208/tools/bin/../lib/gcc/arm-none-eabi/7.3.1/../../../../arm-none-eabi/lib/thumb/v7-m\libc.a(lib_a-lseekr.o)
                0x000000000800b6fc                _lseek_r
 .text.__ascii_mbtowc
                0x000000000800b720       0x24 c:/st/stm32cubeide_1.4.0/stm32cubeide/plugins/com.st.stm32cube.ide.mcu.externaltools.gnu-tools-for-stm32.7-2018-q2-update.win32_1.4.0.202007081208/tools/bin/../lib/gcc/arm-none-eabi/7.3.1/../../../../arm-none-eabi/lib/thumb/v7-m\libc.a(lib_a-mbtowc_r.o)
                0x000000000800b720                __ascii_mbtowc
 .text._read_r  0x000000000800b744       0x24 c:/st/stm32cubeide_1.4.0/stm32cubeide/plugins/com.st.stm32cube.ide.mcu.externaltools.gnu-tools-for-stm32.7-2018-q2-update.win32_1.4.0.202007081208/tools/bin/../lib/gcc/arm-none-eabi/7.3.1/../../../../arm-none-eabi/lib/thumb/v7-m\libc.a(lib_a-readr.o)
                0x000000000800b744                _read_r
 .text.__swbuf_r
                0x000000000800b768       0x92 c:/st/stm32cubeide_1.4.0/stm32cubeide/plugins/com.st.stm32cube.ide.mcu.externaltools.gnu-tools-for-stm32.7-2018-q2-update.win32_1.4.0.202007081208/tools/bin/../lib/gcc/arm-none-eabi/7.3.1/../../../../arm-none-eabi/lib/thumb/v7-m\libc.a(lib_a-wbuf.o)
                0x000000000800b768                __swbuf_r
 *fill*         0x000000000800b7fa        0x2 
 .text._wcrtomb_r
                0x000000000800b7fc       0x48 c:/st/stm32cubeide_1.4.0/stm32cubeide/plugins/com.st.stm32cube.ide.mcu.externaltools.gnu-tools-for-stm32.7-2018-q2-update.win32_1.4.0.202007081208/tools/bin/../lib/gcc/arm-none-eabi/7.3.1/../../../../arm-none-eabi/lib/thumb/v7-m\libc.a(lib_a-wcrtomb.o)
                0x000000000800b7fc                _wcrtomb_r
 .text.__ascii_wctomb
                0x000000000800b844       0x1a c:/st/stm32cubeide_1.4.0/stm32cubeide/plugins/com.st.stm32cube.ide.mcu.externaltools.gnu-tools-for-stm32.7-2018-q2-update.win32_1.4.0.202007081208/tools/bin/../lib/gcc/arm-none-eabi/7.3.1/../../../../arm-none-eabi/lib/thumb/v7-m\libc.a(lib_a-wctomb_r.o)
                0x000000000800b844                __ascii_wctomb
 *fill*         0x000000000800b85e        0x2 
 .text.asin     0x000000000800b860       0xa8 c:/st/stm32cubeide_1.4.0/stm32cubeide/plugins/com.st.stm32cube.ide.mcu.externaltools.gnu-tools-for-stm32.7-2018-q2-update.win32_1.4.0.202007081208/tools/bin/../lib/gcc/arm-none-eabi/7.3.1/../../../../arm-none-eabi/lib/thumb/v7-m\libm.a(lib_a-w_asin.o)
                0x000000000800b860                asin
 .text.atan2    0x000000000800b908        0x4 c:/st/stm32cubeide_1.4.0/stm32cubeide/plugins/com.st.stm32cube.ide.mcu.externaltools.gnu-tools-for-stm32.7-2018-q2-update.win32_1.4.0.202007081208/tools/bin/../lib/gcc/arm-none-eabi/7.3.1/../../../../arm-none-eabi/lib/thumb/v7-m\libm.a(lib_a-w_atan2.o)
                0x000000000800b908                atan2
 *fill*         0x000000000800b90c        0x4 
 .text.__ieee754_asin
                0x000000000800b910      0x3f8 c:/st/stm32cubeide_1.4.0/stm32cubeide/plugins/com.st.stm32cube.ide.mcu.externaltools.gnu-tools-for-stm32.7-2018-q2-update.win32_1.4.0.202007081208/tools/bin/../lib/gcc/arm-none-eabi/7.3.1/../../../../arm-none-eabi/lib/thumb/v7-m\libm.a(lib_a-e_asin.o)
                0x000000000800b910                __ieee754_asin
 .text.__ieee754_atan2
                0x000000000800bd08      0x1bc c:/st/stm32cubeide_1.4.0/stm32cubeide/plugins/com.st.stm32cube.ide.mcu.externaltools.gnu-tools-for-stm32.7-2018-q2-update.win32_1.4.0.202007081208/tools/bin/../lib/gcc/arm-none-eabi/7.3.1/../../../../arm-none-eabi/lib/thumb/v7-m\libm.a(lib_a-e_atan2.o)
                0x000000000800bd08                __ieee754_atan2
 .text.__ieee754_sqrt
                0x000000000800bec4      0x158 c:/st/stm32cubeide_1.4.0/stm32cubeide/plugins/com.st.stm32cube.ide.mcu.externaltools.gnu-tools-for-stm32.7-2018-q2-update.win32_1.4.0.202007081208/tools/bin/../lib/gcc/arm-none-eabi/7.3.1/../../../../arm-none-eabi/lib/thumb/v7-m\libm.a(lib_a-e_sqrt.o)
                0x000000000800bec4                __ieee754_sqrt
 *fill*         0x000000000800c01c        0x4 
 .text.atan     0x000000000800c020      0x314 c:/st/stm32cubeide_1.4.0/stm32cubeide/plugins/com.st.stm32cube.ide.mcu.externaltools.gnu-tools-for-stm32.7-2018-q2-update.win32_1.4.0.202007081208/tools/bin/../lib/gcc/arm-none-eabi/7.3.1/../../../../arm-none-eabi/lib/thumb/v7-m\libm.a(lib_a-s_atan.o)
                0x000000000800c020                atan
 .text.fabs     0x000000000800c334        0x8 c:/st/stm32cubeide_1.4.0/stm32cubeide/plugins/com.st.stm32cube.ide.mcu.externaltools.gnu-tools-for-stm32.7-2018-q2-update.win32_1.4.0.202007081208/tools/bin/../lib/gcc/arm-none-eabi/7.3.1/../../../../arm-none-eabi/lib/thumb/v7-m\libm.a(lib_a-s_fabs.o)
                0x000000000800c334                fabs
 .text.matherr  0x000000000800c33c        0x4 c:/st/stm32cubeide_1.4.0/stm32cubeide/plugins/com.st.stm32cube.ide.mcu.externaltools.gnu-tools-for-stm32.7-2018-q2-update.win32_1.4.0.202007081208/tools/bin/../lib/gcc/arm-none-eabi/7.3.1/../../../../arm-none-eabi/lib/thumb/v7-m\libm.a(lib_a-s_matherr.o)
                0x000000000800c33c                matherr
 .text.nan      0x000000000800c340        0xc c:/st/stm32cubeide_1.4.0/stm32cubeide/plugins/com.st.stm32cube.ide.mcu.externaltools.gnu-tools-for-stm32.7-2018-q2-update.win32_1.4.0.202007081208/tools/bin/../lib/gcc/arm-none-eabi/7.3.1/../../../../arm-none-eabi/lib/thumb/v7-m\libm.a(lib_a-s_nan.o)
                0x000000000800c340                nan
 *(.glue_7)
 .glue_7        0x000000000800c34c        0x0 linker stubs
 *(.glue_7t)
 .glue_7t       0x000000000800c34c        0x0 linker stubs
 *(.eh_frame)
 .eh_frame      0x000000000800c34c        0x0 c:/st/stm32cubeide_1.4.0/stm32cubeide/plugins/com.st.stm32cube.ide.mcu.externaltools.gnu-tools-for-stm32.7-2018-q2-update.win32_1.4.0.202007081208/tools/bin/../lib/gcc/arm-none-eabi/7.3.1/thumb/v7-m/crtbegin.o
 *(.init)
 .init          0x000000000800c34c        0x4 c:/st/stm32cubeide_1.4.0/stm32cubeide/plugins/com.st.stm32cube.ide.mcu.externaltools.gnu-tools-for-stm32.7-2018-q2-update.win32_1.4.0.202007081208/tools/bin/../lib/gcc/arm-none-eabi/7.3.1/thumb/v7-m/crti.o
                0x000000000800c34c                _init
 .init          0x000000000800c350        0x8 c:/st/stm32cubeide_1.4.0/stm32cubeide/plugins/com.st.stm32cube.ide.mcu.externaltools.gnu-tools-for-stm32.7-2018-q2-update.win32_1.4.0.202007081208/tools/bin/../lib/gcc/arm-none-eabi/7.3.1/thumb/v7-m/crtn.o
 *(.fini)
 .fini          0x000000000800c358        0x4 c:/st/stm32cubeide_1.4.0/stm32cubeide/plugins/com.st.stm32cube.ide.mcu.externaltools.gnu-tools-for-stm32.7-2018-q2-update.win32_1.4.0.202007081208/tools/bin/../lib/gcc/arm-none-eabi/7.3.1/thumb/v7-m/crti.o
                0x000000000800c358                _fini
 .fini          0x000000000800c35c        0x8 c:/st/stm32cubeide_1.4.0/stm32cubeide/plugins/com.st.stm32cube.ide.mcu.externaltools.gnu-tools-for-stm32.7-2018-q2-update.win32_1.4.0.202007081208/tools/bin/../lib/gcc/arm-none-eabi/7.3.1/thumb/v7-m/crtn.o
                0x000000000800c364                . = ALIGN (0x4)
                0x000000000800c364                _etext = .

.vfp11_veneer   0x000000000800c364        0x0
 .vfp11_veneer  0x000000000800c364        0x0 linker stubs

.v4_bx          0x000000000800c364        0x0
 .v4_bx         0x000000000800c364        0x0 linker stubs

.iplt           0x000000000800c364        0x0
 .iplt          0x000000000800c364        0x0 c:/st/stm32cubeide_1.4.0/stm32cubeide/plugins/com.st.stm32cube.ide.mcu.externaltools.gnu-tools-for-stm32.7-2018-q2-update.win32_1.4.0.202007081208/tools/bin/../lib/gcc/arm-none-eabi/7.3.1/thumb/v7-m/crtbegin.o

.rodata         0x000000000800c368     0x28e8
                0x000000000800c368                . = ALIGN (0x4)
 *(.rodata)
 .rodata        0x000000000800c368       0x34 Core/DMP/inv_mpu_dmp_motion_driver.o
 .rodata        0x000000000800c39c       0x10 Drivers/STM32F1xx_HAL_Driver/stm32f1xx_hal_rcc.o
 *(.rodata*)
 .rodata.hw     0x000000000800c3ac        0xc Core/DMP/inv_mpu.o
                0x000000000800c3ac                hw
 .rodata.mpu_dmp_init.str1.1
                0x000000000800c3b8       0xe4 Core/DMP/inv_mpu.o
 .rodata.mpu_init.str1.1
                0x000000000800c49c       0x8f Core/DMP/inv_mpu.o
 .rodata.reg    0x000000000800c52b       0x1b Core/DMP/inv_mpu.o
                0x000000000800c52b                reg
 *fill*         0x000000000800c546        0x2 
 .rodata.test   0x000000000800c548       0x28 Core/DMP/inv_mpu.o
                0x000000000800c548                test
 .rodata.dmp_memory
                0x000000000800c570      0xbf6 Core/DMP/inv_mpu_dmp_motion_driver.o
 .rodata.asc2_1206
                0x000000000800d166      0x474 Core/OLED/oled.o
                0x000000000800d166                asc2_1206
 .rodata.asc2_1608
                0x000000000800d5da      0x5f0 Core/OLED/oled.o
                0x000000000800d5da                asc2_1608
 .rodata.asc2_2412
                0x000000000800dbca      0xd5c Core/OLED/oled.o
                0x000000000800dbca                asc2_2412
 .rodata.main.str1.1
                0x000000000800e926       0x37 Core/Src/main.o
 .rodata.AHBPrescTable
                0x000000000800e95d       0x10 Core/Src/system_stm32f1xx.o
                0x000000000800e95d                AHBPrescTable
 .rodata.APBPrescTable
                0x000000000800e96d        0x8 Core/Src/system_stm32f1xx.o
                0x000000000800e96d                APBPrescTable
 *fill*         0x000000000800e975        0x3 
 .rodata._global_impure_ptr
                0x000000000800e978        0x4 c:/st/stm32cubeide_1.4.0/stm32cubeide/plugins/com.st.stm32cube.ide.mcu.externaltools.gnu-tools-for-stm32.7-2018-q2-update.win32_1.4.0.202007081208/tools/bin/../lib/gcc/arm-none-eabi/7.3.1/../../../../arm-none-eabi/lib/thumb/v7-m\libc.a(lib_a-impure.o)
                0x000000000800e978                _global_impure_ptr
 .rodata._puts_r.str1.1
                0x000000000800e97c       0x37 c:/st/stm32cubeide_1.4.0/stm32cubeide/plugins/com.st.stm32cube.ide.mcu.externaltools.gnu-tools-for-stm32.7-2018-q2-update.win32_1.4.0.202007081208/tools/bin/../lib/gcc/arm-none-eabi/7.3.1/../../../../arm-none-eabi/lib/thumb/v7-m\libc.a(lib_a-puts.o)
                                          0x2 (size before relaxing)
 .rodata._svfprintf_r.str1.1
                0x000000000800e97c       0x34 c:/st/stm32cubeide_1.4.0/stm32cubeide/plugins/com.st.stm32cube.ide.mcu.externaltools.gnu-tools-for-stm32.7-2018-q2-update.win32_1.4.0.202007081208/tools/bin/../lib/gcc/arm-none-eabi/7.3.1/../../../../arm-none-eabi/lib/thumb/v7-m\libc.a(lib_a-svfprintf.o)
 .rodata.blanks.7315
                0x000000000800e9b0       0x10 c:/st/stm32cubeide_1.4.0/stm32cubeide/plugins/com.st.stm32cube.ide.mcu.externaltools.gnu-tools-for-stm32.7-2018-q2-update.win32_1.4.0.202007081208/tools/bin/../lib/gcc/arm-none-eabi/7.3.1/../../../../arm-none-eabi/lib/thumb/v7-m\libc.a(lib_a-svfprintf.o)
 .rodata.zeroes.7316
                0x000000000800e9c0       0x10 c:/st/stm32cubeide_1.4.0/stm32cubeide/plugins/com.st.stm32cube.ide.mcu.externaltools.gnu-tools-for-stm32.7-2018-q2-update.win32_1.4.0.202007081208/tools/bin/../lib/gcc/arm-none-eabi/7.3.1/../../../../arm-none-eabi/lib/thumb/v7-m\libc.a(lib_a-svfprintf.o)
 .rodata._vfprintf_r.str1.1
                0x000000000800e9d0       0x34 c:/st/stm32cubeide_1.4.0/stm32cubeide/plugins/com.st.stm32cube.ide.mcu.externaltools.gnu-tools-for-stm32.7-2018-q2-update.win32_1.4.0.202007081208/tools/bin/../lib/gcc/arm-none-eabi/7.3.1/../../../../arm-none-eabi/lib/thumb/v7-m\libc.a(lib_a-vfprintf.o)
 .rodata.blanks.7330
                0x000000000800e9d0       0x10 c:/st/stm32cubeide_1.4.0/stm32cubeide/plugins/com.st.stm32cube.ide.mcu.externaltools.gnu-tools-for-stm32.7-2018-q2-update.win32_1.4.0.202007081208/tools/bin/../lib/gcc/arm-none-eabi/7.3.1/../../../../arm-none-eabi/lib/thumb/v7-m\libc.a(lib_a-vfprintf.o)
 .rodata.zeroes.7331
                0x000000000800e9e0       0x10 c:/st/stm32cubeide_1.4.0/stm32cubeide/plugins/com.st.stm32cube.ide.mcu.externaltools.gnu-tools-for-stm32.7-2018-q2-update.win32_1.4.0.202007081208/tools/bin/../lib/gcc/arm-none-eabi/7.3.1/../../../../arm-none-eabi/lib/thumb/v7-m\libc.a(lib_a-vfprintf.o)
 .rodata._dtoa_r.str1.1
                0x000000000800e9f0        0xd c:/st/stm32cubeide_1.4.0/stm32cubeide/plugins/com.st.stm32cube.ide.mcu.externaltools.gnu-tools-for-stm32.7-2018-q2-update.win32_1.4.0.202007081208/tools/bin/../lib/gcc/arm-none-eabi/7.3.1/../../../../arm-none-eabi/lib/thumb/v7-m\libc.a(lib_a-dtoa.o)
                                          0xf (size before relaxing)
 *fill*         0x000000000800e9fd        0x3 
 .rodata.__mprec_bigtens
                0x000000000800ea00       0x28 c:/st/stm32cubeide_1.4.0/stm32cubeide/plugins/com.st.stm32cube.ide.mcu.externaltools.gnu-tools-for-stm32.7-2018-q2-update.win32_1.4.0.202007081208/tools/bin/../lib/gcc/arm-none-eabi/7.3.1/../../../../arm-none-eabi/lib/thumb/v7-m\libc.a(lib_a-mprec.o)
                0x000000000800ea00                __mprec_bigtens
 .rodata.__mprec_tens
                0x000000000800ea28       0xc8 c:/st/stm32cubeide_1.4.0/stm32cubeide/plugins/com.st.stm32cube.ide.mcu.externaltools.gnu-tools-for-stm32.7-2018-q2-update.win32_1.4.0.202007081208/tools/bin/../lib/gcc/arm-none-eabi/7.3.1/../../../../arm-none-eabi/lib/thumb/v7-m\libc.a(lib_a-mprec.o)
                0x000000000800ea28                __mprec_tens
 .rodata.p05.6093
                0x000000000800eaf0        0xc c:/st/stm32cubeide_1.4.0/stm32cubeide/plugins/com.st.stm32cube.ide.mcu.externaltools.gnu-tools-for-stm32.7-2018-q2-update.win32_1.4.0.202007081208/tools/bin/../lib/gcc/arm-none-eabi/7.3.1/../../../../arm-none-eabi/lib/thumb/v7-m\libc.a(lib_a-mprec.o)
 .rodata._setlocale_r.str1.1
                0x000000000800eafc        0x8 c:/st/stm32cubeide_1.4.0/stm32cubeide/plugins/com.st.stm32cube.ide.mcu.externaltools.gnu-tools-for-stm32.7-2018-q2-update.win32_1.4.0.202007081208/tools/bin/../lib/gcc/arm-none-eabi/7.3.1/../../../../arm-none-eabi/lib/thumb/v7-m\libc.a(lib_a-locale.o)
                                          0x9 (size before relaxing)
 .rodata.str1.1
                0x000000000800eb04        0x8 c:/st/stm32cubeide_1.4.0/stm32cubeide/plugins/com.st.stm32cube.ide.mcu.externaltools.gnu-tools-for-stm32.7-2018-q2-update.win32_1.4.0.202007081208/tools/bin/../lib/gcc/arm-none-eabi/7.3.1/../../../../arm-none-eabi/lib/thumb/v7-m\libc.a(lib_a-locale.o)
                                          0x2 (size before relaxing)
 .rodata._ctype_
                0x000000000800eb04      0x101 c:/st/stm32cubeide_1.4.0/stm32cubeide/plugins/com.st.stm32cube.ide.mcu.externaltools.gnu-tools-for-stm32.7-2018-q2-update.win32_1.4.0.202007081208/tools/bin/../lib/gcc/arm-none-eabi/7.3.1/../../../../arm-none-eabi/lib/thumb/v7-m\libc.a(lib_a-ctype_.o)
                0x000000000800eb04                _ctype_
 .rodata.asin.str1.1
                0x000000000800ec05        0x5 c:/st/stm32cubeide_1.4.0/stm32cubeide/plugins/com.st.stm32cube.ide.mcu.externaltools.gnu-tools-for-stm32.7-2018-q2-update.win32_1.4.0.202007081208/tools/bin/../lib/gcc/arm-none-eabi/7.3.1/../../../../arm-none-eabi/lib/thumb/v7-m\libm.a(lib_a-w_asin.o)
                                          0x6 (size before relaxing)
 *fill*         0x000000000800ec0a        0x6 
 .rodata.atanhi
                0x000000000800ec10       0x20 c:/st/stm32cubeide_1.4.0/stm32cubeide/plugins/com.st.stm32cube.ide.mcu.externaltools.gnu-tools-for-stm32.7-2018-q2-update.win32_1.4.0.202007081208/tools/bin/../lib/gcc/arm-none-eabi/7.3.1/../../../../arm-none-eabi/lib/thumb/v7-m\libm.a(lib_a-s_atan.o)
 .rodata.atanlo
                0x000000000800ec30       0x20 c:/st/stm32cubeide_1.4.0/stm32cubeide/plugins/com.st.stm32cube.ide.mcu.externaltools.gnu-tools-for-stm32.7-2018-q2-update.win32_1.4.0.202007081208/tools/bin/../lib/gcc/arm-none-eabi/7.3.1/../../../../arm-none-eabi/lib/thumb/v7-m\libm.a(lib_a-s_atan.o)
                0x000000000800ec50                . = ALIGN (0x4)

.ARM.extab      0x000000000800ec50        0x0
                0x000000000800ec50                . = ALIGN (0x4)
 *(.ARM.extab* .gnu.linkonce.armextab.*)
                0x000000000800ec50                . = ALIGN (0x4)

.ARM            0x000000000800ec50        0x8
                0x000000000800ec50                . = ALIGN (0x4)
                0x000000000800ec50                __exidx_start = .
 *(.ARM.exidx*)
 .ARM.exidx     0x000000000800ec50        0x8 c:/st/stm32cubeide_1.4.0/stm32cubeide/plugins/com.st.stm32cube.ide.mcu.externaltools.gnu-tools-for-stm32.7-2018-q2-update.win32_1.4.0.202007081208/tools/bin/../lib/gcc/arm-none-eabi/7.3.1/thumb/v7-m\libgcc.a(_udivmoddi4.o)
                0x000000000800ec58                __exidx_end = .
                0x000000000800ec58                . = ALIGN (0x4)

.rel.dyn        0x000000000800ec58        0x0
 .rel.iplt      0x000000000800ec58        0x0 c:/st/stm32cubeide_1.4.0/stm32cubeide/plugins/com.st.stm32cube.ide.mcu.externaltools.gnu-tools-for-stm32.7-2018-q2-update.win32_1.4.0.202007081208/tools/bin/../lib/gcc/arm-none-eabi/7.3.1/thumb/v7-m/crtbegin.o

.preinit_array  0x000000000800ec58        0x0
                0x000000000800ec58                . = ALIGN (0x4)
                0x000000000800ec58                PROVIDE (__preinit_array_start = .)
 *(.preinit_array*)
                0x000000000800ec58                PROVIDE (__preinit_array_end = .)
                0x000000000800ec58                . = ALIGN (0x4)

.init_array     0x000000000800ec58        0x8
                0x000000000800ec58                . = ALIGN (0x4)
                0x000000000800ec58                PROVIDE (__init_array_start = .)
 *(SORT_BY_NAME(.init_array.*))
 .init_array.00000
                0x000000000800ec58        0x4 c:/st/stm32cubeide_1.4.0/stm32cubeide/plugins/com.st.stm32cube.ide.mcu.externaltools.gnu-tools-for-stm32.7-2018-q2-update.win32_1.4.0.202007081208/tools/bin/../lib/gcc/arm-none-eabi/7.3.1/../../../../arm-none-eabi/lib/thumb/v7-m\libc.a(lib_a-__call_atexit.o)
 *(.init_array*)
 .init_array    0x000000000800ec5c        0x4 c:/st/stm32cubeide_1.4.0/stm32cubeide/plugins/com.st.stm32cube.ide.mcu.externaltools.gnu-tools-for-stm32.7-2018-q2-update.win32_1.4.0.202007081208/tools/bin/../lib/gcc/arm-none-eabi/7.3.1/thumb/v7-m/crtbegin.o
                0x000000000800ec60                PROVIDE (__init_array_end = .)
                0x000000000800ec60                . = ALIGN (0x4)

.fini_array     0x000000000800ec60        0x4
                0x000000000800ec60                . = ALIGN (0x4)
                0x000000000800ec60                PROVIDE (__fini_array_start = .)
 *(SORT_BY_NAME(.fini_array.*))
 *(.fini_array*)
 .fini_array    0x000000000800ec60        0x4 c:/st/stm32cubeide_1.4.0/stm32cubeide/plugins/com.st.stm32cube.ide.mcu.externaltools.gnu-tools-for-stm32.7-2018-q2-update.win32_1.4.0.202007081208/tools/bin/../lib/gcc/arm-none-eabi/7.3.1/thumb/v7-m/crtbegin.o
                0x000000000800ec64                PROVIDE (__fini_array_end = .)
                0x000000000800ec64                . = ALIGN (0x4)
                0x000000000800ec64                _sidata = LOADADDR (.data)

.data           0x0000000020000000      0x9f4 load address 0x000000000800ec64
                0x0000000020000000                . = ALIGN (0x4)
                0x0000000020000000                _sdata = .
 *(.data)
 *(.data*)
 .data.gyro_orientation
                0x0000000020000000        0x9 Core/DMP/inv_mpu.o
 *fill*         0x0000000020000009        0x3 
 .data.st       0x000000002000000c       0x2c Core/DMP/inv_mpu.o
 .data.SystemCoreClock
                0x0000000020000038        0x4 Core/Src/system_stm32f1xx.o
                0x0000000020000038                SystemCoreClock
 .data.uwTickFreq