inv_mpu.c:2034:12:get_st_biases	48	static
inv_mpu.c:686:12:set_int_enable	16	static
inv_mpu.c:718:5:mpu_reg_dump	32	static
inv_mpu.c:740:5:mpu_read_reg	8	static
inv_mpu.c:977:5:mpu_get_gyro_reg	16	static
inv_mpu.c:1000:5:mpu_get_accel_reg	16	static
inv_mpu.c:1023:5:mpu_get_temperature	32	static
inv_mpu.c:1048:5:mpu_set_accel_bias	32	static
inv_mpu.c:1097:5:mpu_reset_fifo	24	static
inv_mpu.c:1159:5:mpu_get_gyro_fsr	0	static
inv_mpu.c:1186:5:mpu_set_gyro_fsr	16	static
inv_mpu.c:1223:5:mpu_get_accel_fsr	0	static
inv_mpu.c:1251:5:mpu_set_accel_fsr	16	static
inv_mpu.c:1288:5:mpu_get_lpf	0	static
inv_mpu.c:1324:5:mpu_set_lpf	16	static
inv_mpu.c:1357:5:mpu_get_sample_rate	0	static
inv_mpu.c:1419:5:mpu_get_compass_sample_rate	0	static
inv_mpu.c:1441:5:mpu_set_compass_sample_rate	0	static
inv_mpu.c:1463:5:mpu_get_gyro_sens	0	static
inv_mpu.c:1489:5:mpu_get_accel_sens	0	static
inv_mpu.c:1521:5:mpu_get_fifo_config	0	static
inv_mpu.c:1536:5:mpu_configure_fifo	24	static
inv_mpu.c:1578:5:mpu_get_power_state	0	static
inv_mpu.c:1674:5:mpu_get_int_status	16	static
inv_mpu.c:1703:5:mpu_read_fifo	48	static
inv_mpu.c:1784:5:mpu_read_fifo_stream	40	static
inv_mpu.c:1822:5:mpu_set_bypass	24	static
inv_mpu.c:1872:5:mpu_set_int_level	0	static
inv_mpu.c:1884:5:mpu_set_int_latched	24	static
inv_mpu.c:893:5:mpu_lp_accel_mode	24	static
inv_mpu.c:1372:5:mpu_set_sample_rate	32	static
inv_mpu.c:1597:5:mpu_set_sensors	24	static
inv_mpu.c:762:5:mpu_init	32	static
inv_mpu.c:2276:5:mpu_write_mem	32	static
inv_mpu.c:2309:5:mpu_read_mem	32	static
inv_mpu.c:2341:5:mpu_load_firmware	72	static
inv_mpu.c:2382:5:mpu_set_dmp_state	24	static
inv_mpu.c:2174:5:mpu_run_self_test	128	static
inv_mpu.c:2421:5:mpu_get_dmp_state	0	static
inv_mpu.c:2429:5:setup_compass	0	static
inv_mpu.c:2540:5:mpu_get_compass_reg	0	static
inv_mpu.c:2593:5:mpu_get_compass_fsr	0	static
inv_mpu.c:2647:5:mpu_lp_motion_interrupt	32	static
inv_mpu.c:2879:9:run_self_test	40	static
inv_mpu.c:2927:16:inv_row_2_scale	0	static
inv_mpu.c:2906:16:inv_orientation_matrix_to_scalar	8	static
inv_mpu.c:2948:6:mget_ms	0	static
inv_mpu.c:2955:9:mpu_dmp_init	8	static
inv_mpu.c:2999:9:mpu_dmp_get_data	104	static
