inv_mpu_dmp_motion_driver.c:1136:5:dmp_enable_gyro_cal.part.0	24	static
inv_mpu_dmp_motion_driver.c:514:5:dmp_load_motion_driver_firmware	0	static
inv_mpu_dmp_motion_driver.c:527:5:dmp_set_orientation	24	static
inv_mpu_dmp_motion_driver.c:582:5:dmp_set_gyro_bias	32	static
inv_mpu_dmp_motion_driver.c:634:5:dmp_set_accel_bias	40	static
inv_mpu_dmp_motion_driver.c:686:5:dmp_set_fifo_rate	32	static
inv_mpu_dmp_motion_driver.c:712:5:dmp_get_fifo_rate	0	static
inv_mpu_dmp_motion_driver.c:724:5:dmp_set_tap_thresh	24	static
inv_mpu_dmp_motion_driver.c:790:5:dmp_set_tap_axes	16	static
inv_mpu_dmp_motion_driver.c:808:5:dmp_set_tap_count	16	static
inv_mpu_dmp_motion_driver.c:826:5:dmp_set_tap_time	16	static
inv_mpu_dmp_motion_driver.c:842:5:dmp_set_tap_time_multi	16	static
inv_mpu_dmp_motion_driver.c:860:5:dmp_set_shake_reject_thresh	16	static
inv_mpu_dmp_motion_driver.c:879:5:dmp_set_shake_reject_time	16	static
inv_mpu_dmp_motion_driver.c:897:5:dmp_set_shake_reject_timeout	16	static
inv_mpu_dmp_motion_driver.c:912:5:dmp_get_pedometer_step_count	16	static
inv_mpu_dmp_motion_driver.c:933:5:dmp_set_pedometer_step_count	16	static
inv_mpu_dmp_motion_driver.c:949:5:dmp_get_pedometer_walk_time	16	static
inv_mpu_dmp_motion_driver.c:969:5:dmp_set_pedometer_walk_time	16	static
inv_mpu_dmp_motion_driver.c:1121:5:dmp_get_enabled_features	0	static
inv_mpu_dmp_motion_driver.c:1136:5:dmp_enable_gyro_cal	24	static
inv_mpu_dmp_motion_driver.c:1154:5:dmp_enable_lp_quat	16	static
inv_mpu_dmp_motion_driver.c:1178:5:dmp_enable_6x_lp_quat	16	static
inv_mpu_dmp_motion_driver.c:999:5:dmp_enable_feature	40	static
inv_mpu_dmp_motion_driver.c:1231:5:dmp_set_interrupt_mode	32	static
inv_mpu_dmp_motion_driver.c:1270:5:dmp_read_fifo	72	static
inv_mpu_dmp_motion_driver.c:1363:5:dmp_register_tap_cb	0	static
inv_mpu_dmp_motion_driver.c:1374:5:dmp_register_android_orient_cb	0	static
