Component: ARM Compiler 5.06 update 6 (build 750) Tool: armlink [4d35ed]

==============================================================================

Section Cross References

    startup_stm32f10x_hd.o(RESET) refers to startup_stm32f10x_hd.o(STACK) for __initial_sp
    startup_stm32f10x_hd.o(RESET) refers to startup_stm32f10x_hd.o(.text) for Reset_Handler
    startup_stm32f10x_hd.o(RESET) refers to stm32f10x_it.o(.text) for NMI_Handler
    startup_stm32f10x_hd.o(RESET) refers to main.o(.text) for TIM2_IRQHandler
    startup_stm32f10x_hd.o(.text) refers to system_stm32f10x.o(.text) for SystemInit
    startup_stm32f10x_hd.o(.text) refers to entry.o(.ARM.Collect$$$$00000000) for __main
    main.o(.text) refers to att7053au.o(.text) for att7053_Read
    main.o(.text) refers to stm32f10x_rcc.o(.text) for RCC_APB1PeriphClockCmd
    main.o(.text) refers to stm32f10x_usart.o(.text) for USART_DeInit
    main.o(.text) refers to stm32f10x_gpio.o(.text) for GPIO_Init
    main.o(.text) refers to misc.o(.text) for NVIC_Init
    main.o(.text) refers to usart1.o(.text) for UART_Init
    main.o(.text) refers to bp.o(.text) for simInit
    main.o(.text) refers to printf1.o(i.__0printf$1) for __2printf
    main.o(.text) refers to main.o(.bss) for currentDataBuf
    main.o(.text) refers to main.o(.data) for CurrentDataCnt
    main.o(.text) refers to stm32f10x_adc.o(.text) for ADC_DeInit
    main.o(.text) refers to stm32f10x_i2c.o(.text) for I2C_GenerateSTART
    main.o(.text) refers to stm32f10x_tim.o(.text) for TIM_DeInit
    usart1.o(.text) refers to stm32f10x_rcc.o(.text) for RCC_APB2PeriphClockCmd
    usart1.o(.text) refers to stm32f10x_gpio.o(.text) for GPIO_Init
    usart1.o(.text) refers to misc.o(.text) for NVIC_Init
    usart1.o(.text) refers to stm32f10x_usart.o(.text) for USART_Init
    att7053au.o(.text) refers to stm32f10x_gpio.o(.text) for GPIO_ResetBits
    att7053au.o(.text) refers to stm32f10x_rcc.o(.text) for RCC_APB2PeriphClockCmd
    bp.o(.text) refers to dfixi.o(.text) for __aeabi_d2iz
    bp.o(.text) refers to malloc.o(i.malloc) for malloc
    bp.o(.text) refers to d2f.o(.text) for __aeabi_d2f
    bp.o(.text) refers to fadd.o(.text) for __aeabi_fsub
    bp.o(.text) refers to dadd.o(.text) for __aeabi_dadd
    bp.o(.text) refers to ddiv.o(.text) for __aeabi_ddiv
    bp.o(.text) refers to f2d.o(.text) for __aeabi_f2d
    bp.o(.text) refers to dmul.o(.text) for __aeabi_dmul
    bp.o(.text) refers to exp.o(i.exp) for exp
    bp.o(.text) refers to printf1.o(i.__0printf$1) for __2printf
    bp.o(.text) refers to bp.o(.data) for data
    bp.o(.text) refers to bp.o(.bss) for simxminmax
    bp.o(.text) refers to malloc.o(i.free) for free
    stm32f10x_rcc.o(.text) refers to stm32f10x_rcc.o(.data) for APBAHBPrescTable
    stm32f10x_gpio.o(.text) refers to stm32f10x_rcc.o(.text) for RCC_APB2PeriphResetCmd
    stm32f10x_usart.o(.text) refers to stm32f10x_rcc.o(.text) for RCC_APB2PeriphResetCmd
    stm32f10x_tim.o(.text) refers to stm32f10x_rcc.o(.text) for RCC_APB2PeriphResetCmd
    stm32f10x_adc.o(.text) refers to stm32f10x_rcc.o(.text) for RCC_APB2PeriphResetCmd
    stm32f10x_i2c.o(.text) refers to stm32f10x_rcc.o(.text) for RCC_APB1PeriphResetCmd
    system_stm32f10x.o(.text) refers to system_stm32f10x.o(.data) for SystemCoreClock
    exp.o(i.__softfp_exp) refers (Special) to iusefp.o(.text) for __I$use$fp
    exp.o(i.__softfp_exp) refers to exp.o(i.exp) for exp
    exp.o(i.exp) refers (Special) to iusefp.o(.text) for __I$use$fp
    exp.o(i.exp) refers to dunder.o(i.__mathlib_dbl_infnan) for __mathlib_dbl_infnan
    exp.o(i.exp) refers to cdrcmple.o(.text) for __aeabi_cdrcmple
    exp.o(i.exp) refers to errno.o(i.__set_errno) for __set_errno
    exp.o(i.exp) refers to dunder.o(i.__mathlib_dbl_overflow) for __mathlib_dbl_overflow
    exp.o(i.exp) refers to cdcmple.o(.text) for __aeabi_cdcmple
    exp.o(i.exp) refers to dunder.o(i.__mathlib_dbl_underflow) for __mathlib_dbl_underflow
    exp.o(i.exp) refers to dadd.o(.text) for __aeabi_dsub
    exp.o(i.exp) refers to dmul.o(.text) for __aeabi_dmul
    exp.o(i.exp) refers to dfixi.o(.text) for __aeabi_d2iz
    exp.o(i.exp) refers to dflti.o(.text) for __aeabi_i2d
    exp.o(i.exp) refers to poly.o(i.__kernel_poly) for __kernel_poly
    exp.o(i.exp) refers to ddiv.o(.text) for __aeabi_ddiv
    exp.o(i.exp) refers to dscalb.o(.text) for __ARM_scalbn
    exp.o(i.exp) refers to fpclassify.o(i.__ARM_fpclassify) for __ARM_fpclassify
    exp.o(i.exp) refers to exp.o(.constdata) for .constdata
    exp.o(.constdata) refers (Special) to iusefp.o(.text) for __I$use$fp
    exp_x.o(i.____softfp_exp$lsc) refers (Special) to iusefp.o(.text) for __I$use$fp
    exp_x.o(i.____softfp_exp$lsc) refers to exp_x.o(i.__exp$lsc) for __exp$lsc
    exp_x.o(i.__exp$lsc) refers (Special) to iusefp.o(.text) for __I$use$fp
    exp_x.o(i.__exp$lsc) refers to dunder.o(i.__mathlib_dbl_infnan) for __mathlib_dbl_infnan
    exp_x.o(i.__exp$lsc) refers to cdrcmple.o(.text) for __aeabi_cdrcmple
[...]
    printf8.o(i.__0snprintf$8) refers to printf8.o(i._printf_core) for _printf_core
    printf8.o(i.__0snprintf$8) refers to printf8.o(i._snputc) for _snputc
    printf8.o(i.__0sprintf$8) refers to printf8.o(i._printf_core) for _printf_core
    printf8.o(i.__0sprintf$8) refers to printf8.o(i._sputc) for _sputc
    printf8.o(i.__0vfprintf$8) refers to printf8.o(i._printf_core) for _printf_core
    printf8.o(i.__0vfprintf$8) refers to usart1.o(.text) for fputc
    printf8.o(i.__0vprintf$8) refers to printf8.o(i._printf_core) for _printf_core
    printf8.o(i.__0vprintf$8) refers to usart1.o(.text) for fputc
    printf8.o(i.__0vprintf$8) refers to stdout.o(.data) for __stdout
    printf8.o(i.__0vsnprintf$8) refers to printf8.o(i._printf_core) for _printf_core
    printf8.o(i.__0vsnprintf$8) refers to printf8.o(i._snputc) for _snputc
    printf8.o(i.__0vsprintf$8) refers to printf8.o(i._printf_core) for _printf_core
    printf8.o(i.__0vsprintf$8) refers to printf8.o(i._sputc) for _sputc
    printf8.o(i._printf_core) refers to printf8.o(i._printf_pre_padding) for _printf_pre_padding
    printf8.o(i._printf_core) refers to uldiv.o(.text) for __aeabi_uldivmod
    printf8.o(i._printf_core) refers to printf8.o(i._printf_post_padding) for _printf_post_padding
    printfa.o(i.__0fprintf) refers (Special) to iusefp.o(.text) for __I$use$fp
    printfa.o(i.__0fprintf) refers to printfa.o(i._printf_core) for _printf_core
    printfa.o(i.__0fprintf) refers to usart1.o(.text) for fputc
    printfa.o(i.__0printf) refers (Special) to iusefp.o(.text) for __I$use$fp
    printfa.o(i.__0printf) refers to printfa.o(i._printf_core) for _printf_core
    printfa.o(i.__0printf) refers to usart1.o(.text) for fputc
    printfa.o(i.__0printf) refers to stdout.o(.data) for __stdout
    printfa.o(i.__0snprintf) refers (Special) to iusefp.o(.text) for __I$use$fp
    printfa.o(i.__0snprintf) refers to printfa.o(i._printf_core) for _printf_core
    printfa.o(i.__0snprintf) refers to printfa.o(i._snputc) for _snputc
    printfa.o(i.__0sprintf) refers (Special) to iusefp.o(.text) for __I$use$fp
    printfa.o(i.__0sprintf) refers to printfa.o(i._printf_core) for _printf_core
    printfa.o(i.__0sprintf) refers to printfa.o(i._sputc) for _sputc
    printfa.o(i.__0vfprintf) refers (Special) to iusefp.o(.text) for __I$use$fp
    printfa.o(i.__0vfprintf) refers to printfa.o(i._printf_core) for _printf_core
    printfa.o(i.__0vfprintf) refers to usart1.o(.text) for fputc
    printfa.o(i.__0vprintf) refers (Special) to iusefp.o(.text) for __I$use$fp
    printfa.o(i.__0vprintf) refers to printfa.o(i._printf_core) for _printf_core
    printfa.o(i.__0vprintf) refers to usart1.o(.text) for fputc
    printfa.o(i.__0vprintf) refers to stdout.o(.data) for __stdout
    printfa.o(i.__0vsnprintf) refers (Special) to iusefp.o(.text) for __I$use$fp
    printfa.o(i.__0vsnprintf) refers to printfa.o(i._printf_core) for _printf_core
    printfa.o(i.__0vsnprintf) refers to printfa.o(i._snputc) for _snputc
    printfa.o(i.__0vsprintf) refers (Special) to iusefp.o(.text) for __I$use$fp
    printfa.o(i.__0vsprintf) refers to printfa.o(i._printf_core) for _printf_core
    printfa.o(i.__0vsprintf) refers to printfa.o(i._sputc) for _sputc
    printfa.o(i._fp_digits) refers (Special) to iusefp.o(.text) for __I$use$fp
    printfa.o(i._fp_digits) refers to dmul.o(.text) for __aeabi_dmul
    printfa.o(i._fp_digits) refers to ddiv.o(.text) for __aeabi_ddiv
    printfa.o(i._fp_digits) refers to cdrcmple.o(.text) for __aeabi_cdrcmple
    printfa.o(i._fp_digits) refers to dadd.o(.text) for __aeabi_dadd
    printfa.o(i._fp_digits) refers to dfixul.o(.text) for __aeabi_d2ulz
    printfa.o(i._fp_digits) refers to uldiv.o(.text) for __aeabi_uldivmod
    printfa.o(i._printf_core) refers (Special) to iusefp.o(.text) for __I$use$fp
    printfa.o(i._printf_core) refers to printfa.o(i._printf_pre_padding) for _printf_pre_padding
    printfa.o(i._printf_core) refers to uldiv.o(.text) for __aeabi_uldivmod
    printfa.o(i._printf_core) refers to printfa.o(i._printf_post_padding) for _printf_post_padding
    printfa.o(i._printf_core) refers to printfa.o(i._fp_digits) for _fp_digits
    printfa.o(i._printf_core) refers to uidiv.o(.text) for __aeabi_uidivmod
    printfa.o(i._printf_post_padding) refers (Special) to iusefp.o(.text) for __I$use$fp
    printfa.o(i._printf_pre_padding) refers (Special) to iusefp.o(.text) for __I$use$fp
    printfa.o(i._snputc) refers (Special) to iusefp.o(.text) for __I$use$fp
    printfa.o(i._sputc) refers (Special) to iusefp.o(.text) for __I$use$fp
    malloc.o(i.free) refers to mvars.o(.data) for __microlib_freelist
    malloc.o(i.malloc) refers to mvars.o(.data) for __microlib_freelist_initialised
    malloc.o(i.malloc) refers to mvars.o(.data) for __microlib_freelist
    malloc.o(i.malloc) refers to startup_stm32f10x_hd.o(HEAP) for __heap_base
    mallocr.o(i.__free$realloc) refers to mvars.o(.data) for __microlib_freelist
    mallocr.o(i.__malloc$realloc) refers to mallocr.o(i.internal_alloc) for internal_alloc
    mallocr.o(i.__malloc$realloc) refers to mvars.o(.data) for __microlib_freelist_initialised
    mallocr.o(i.__malloc$realloc) refers to startup_stm32f10x_hd.o(HEAP) for __heap_base
    mallocr.o(i.__malloc$realloc) refers to mvars.o(.data) for __microlib_freelist
    mallocr.o(i.internal_alloc) refers to memcpya.o(.text) for __aeabi_memcpy
    mallocr.o(i.internal_alloc) refers to mvars.o(.data) for __microlib_freelist
    mallocr.o(i.realloc) refers to mallocr.o(i.__free$realloc) for __free$realloc
    mallocr.o(i.realloc) refers to mallocr.o(i.internal_alloc) for internal_alloc
    mallocr.o(i.realloc) refers to mallocr.o(i.__malloc$realloc) for __malloc$realloc
    mallocr.o(i.realloc) refers to mvars.o(.data) for __microlib_freelist
    malloca.o(i.__aligned_malloc) refers to mvars.o(.data) for __microlib_freelist_initialised
    malloca.o(i.__aligned_malloc) refers to mvars.o(.data) for __microlib_freelist
    malloca.o(i.__aligned_malloc) refers to startup_stm32f10x_hd.o(HEAP) for __heap_base
    malloca.o(i.__free$memalign) refers to mvars.o(.data) for __microlib_freelist
    malloca.o(i.__malloc$memalign) refers to malloca.o(i.__aligned_malloc) for __aligned_malloc
    mallocra.o(i.__aligned_malloc$realloc) refers to mallocra.o(i.internal_alloc) for internal_alloc
    mallocra.o(i.__aligned_malloc$realloc) refers to mvars.o(.data) for __microlib_freelist_initialised
    mallocra.o(i.__aligned_malloc$realloc) refers to startup_stm32f10x_hd.o(HEAP) for __heap_base
    mallocra.o(i.__aligned_malloc$realloc) refers to mvars.o(.data) for __microlib_freelist
    mallocra.o(i.__free$realloc$memalign) refers to mvars.o(.data) for __microlib_freelist
    mallocra.o(i.__malloc$realloc$memalign) refers to mallocra.o(i.__aligned_malloc$realloc) for __aligned_malloc$realloc
    mallocra.o(i.__realloc$memalign) refers to mallocra.o(i.__free$realloc$memalign) for __free$realloc$memalign
    mallocra.o(i.__realloc$memalign) refers to mallocra.o(i.internal_alloc) for internal_alloc
    mallocra.o(i.__realloc$memalign) refers to mallocra.o(i.__malloc$realloc$memalign) for __malloc$realloc$memalign
    mallocra.o(i.__realloc$memalign) refers to mvars.o(.data) for __microlib_freelist
    mallocra.o(i.internal_alloc) refers to memcpya.o(.text) for __aeabi_memcpy
    mallocra.o(i.internal_alloc) refers to mvars.o(.data) for __microlib_freelist
    fadd.o(.text) refers (Special) to iusefp.o(.text) for __I$use$fp
    fadd.o(.text) refers to fepilogue.o(.text) for _float_epilogue
    dadd.o(.text) refers (Special) to iusefp.o(.text) for __I$use$fp
    dadd.o(.text) refers to llshl.o(.text) for __aeabi_llsl
    dadd.o(.text) refers to llsshr.o(.text) for __aeabi_lasr
    dadd.o(.text) refers to depilogue.o(.text) for _double_epilogue
    dmul.o(.text) refers (Special) to iusefp.o(.text) for __I$use$fp
    dmul.o(.text) refers to depilogue.o(.text) for _double_epilogue
    ddiv.o(.text) refers (Special) to iusefp.o(.text) for __I$use$fp
    ddiv.o(.text) refers to depilogue.o(.text) for _double_round
    dfixi.o(.text) refers (Special) to iusefp.o(.text) for __I$use$fp
    dfixi.o(.text) refers to llushr.o(.text) for __aeabi_llsr
    f2d.o(.text) refers (Special) to iusefp.o(.text) for __I$use$fp
    d2f.o(.text) refers (Special) to iusefp.o(.text) for __I$use$fp
    d2f.o(.text) refers to fepilogue.o(.text) for _float_round
    dunder.o(i.__mathlib_dbl_divzero) refers to ddiv.o(.text) for __aeabi_ddiv
    dunder.o(i.__mathlib_dbl_infnan) refers to dscalb.o(.text) for __ARM_scalbn
    dunder.o(i.__mathlib_dbl_infnan2) refers to dadd.o(.text) for __aeabi_dadd
    dunder.o(i.__mathlib_dbl_invalid) refers to ddiv.o(.text) for __aeabi_ddiv
    dunder.o(i.__mathlib_dbl_overflow) refers to dscalb.o(.text) for __ARM_scalbn
    dunder.o(i.__mathlib_dbl_posinfnan) refers to dmul.o(.text) for __aeabi_dmul
    dunder.o(i.__mathlib_dbl_underflow) refers to dscalb.o(.text) for __ARM_scalbn
    fpclassify.o(i.__ARM_fpclassify) refers (Special) to iusefp.o(.text) for __I$use$fp
    poly.o(i.__kernel_poly) refers (Special) to iusefp.o(.text) for __I$use$fp
    poly.o(i.__kernel_poly) refers to dmul.o(.text) for __aeabi_dmul
    poly.o(i.__kernel_poly) refers to dadd.o(.text) for __aeabi_dadd
    qnan.o(.constdata) refers (Special) to iusefp.o(.text) for __I$use$fp
    entry2.o(.ARM.Collect$$$$00000001) refers to entry2.o(.ARM.Collect$$$$00002712) for __lit__00000000
    entry2.o(.ARM.Collect$$$$00002712) refers to startup_stm32f10x_hd.o(STACK) for __initial_sp
    entry2.o(__vectab_stack_and_reset_area) refers to startup_stm32f10x_hd.o(STACK) for __initial_sp
    entry2.o(__vectab_stack_and_reset_area) refers to entry.o(.ARM.Collect$$$$00000000) for __main
    entry5.o(.ARM.Collect$$$$00000004) refers to init.o(.text) for __scatterload
    entry9a.o(.ARM.Collect$$$$0000000B) refers to main.o(.text) for main
    entry9b.o(.ARM.Collect$$$$0000000C) refers to main.o(.text) for main
    uldiv.o(.text) refers to llushr.o(.text) for __aeabi_llsr
    uldiv.o(.text) refers to llshl.o(.text) for __aeabi_llsl
    errno.o(i.__aeabi_errno_addr) refers to errno.o(.data) for .data
    errno.o(i.__read_errno) refers to errno.o(.data) for .data
    errno.o(i.__set_errno) refers to errno.o(.data) for .data
    depilogue.o(.text) refers to llshl.o(.text) for __aeabi_llsl
    depilogue.o(.text) refers to llushr.o(.text) for __aeabi_llsr
    dflti.o(.text) refers to depilogue.o(.text) for _double_epilogue
    dfixul.o(.text) refers to llushr.o(.text) for __aeabi_llsr
    dfixul.o(.text) refers to llshl.o(.text) for __aeabi_llsl
    init.o(.text) refers to entry5.o(.ARM.Collect$$$$00000004) for __main_after_scatterload


==============================================================================

Removing Unused input sections from the image.

    Removing stm32f10x_exti.o(.text), (284 bytes).
    Removing core_cm3.o(.emb_text), (32 bytes).
    Removing dfixul.o(.text), (48 bytes).

3 unused section(s) (total 364 bytes) removed from the image.

==============================================================================

Image Symbol Table

    Local Symbols

    Symbol Name                              Value     Ov Type        Size  Object(Section)

    ../clib/../cmprslib/zerorunl2.c          0x00000000   Number         0  __dczerorl2.o ABSOLUTE
    ../clib/microlib/division.c              0x00000000   Number         0  uldiv.o ABSOLUTE
    ../clib/microlib/division.c              0x00000000   Number         0  uidiv.o ABSOLUTE
    ../clib/microlib/errno.c                 0x00000000   Number         0  errno.o ABSOLUTE
    ../clib/microlib/init/entry.s            0x00000000   Number         0  entry9a.o ABSOLUTE
    ../clib/microlib/init/entry.s            0x00000000   Number         0  entry8b.o ABSOLUTE
    ../clib/microlib/init/entry.s            0x00000000   Number         0  entry2.o ABSOLUTE
    ../clib/microlib/init/entry.s            0x00000000   Number         0  entry7b.o ABSOLUTE
    ../clib/microlib/init/entry.s            0x00000000   Number         0  entry7a.o ABSOLUTE
    ../clib/microlib/init/entry.s            0x00000000   Number         0  entry.o ABSOLUTE
    ../clib/microlib/init/entry.s            0x00000000   Number         0  entry8a.o ABSOLUTE
    ../clib/microlib/init/entry.s            0x00000000   Number         0  entry5.o ABSOLUTE
    ../clib/microlib/init/entry.s            0x00000000   Number         0  entry11b.o ABSOLUTE
    ../clib/microlib/init/entry.s            0x00000000   Number         0  entry11a.o ABSOLUTE
    ../clib/microlib/init/entry.s            0x00000000   Number         0  entry10b.o ABSOLUTE
    ../clib/microlib/init/entry.s            0x00000000   Number         0  entry10a.o ABSOLUTE
    ../clib/microlib/init/entry.s            0x00000000   Number         0  entry9b.o ABSOLUTE
    ../clib/microlib/longlong.c              0x00000000   Number         0  llsshr.o ABSOLUTE
    ../clib/microlib/longlong.c              0x00000000   Number         0  llushr.o ABSOLUTE
    ../clib/microlib/longlong.c              0x00000000   Number         0  llshl.o ABSOLUTE
    ../clib/microlib/malloc/malloc.c         0x00000000   Number         0  mallocra.o ABSOLUTE
    ../clib/microlib/malloc/malloc.c         0x00000000   Number         0  malloca.o ABSOLUTE
    ../clib/microlib/malloc/malloc.c         0x00000000   Number         0  mallocr.o ABSOLUTE
    ../clib/microlib/malloc/malloc.c         0x00000000   Number         0  malloc.o ABSOLUTE
    ../clib/microlib/malloc/mvars.c          0x00000000   Number         0  mvars.o ABSOLUTE
    ../clib/microlib/printf/printf.c         0x00000000   Number         0  printfa.o ABSOLUTE
    ../clib/microlib/printf/printf.c         0x00000000   Number         0  printf8.o ABSOLUTE
    ../clib/microlib/printf/printf.c         0x00000000   Number         0  printf6.o ABSOLUTE
    ../clib/microlib/printf/printf.c         0x00000000   Number         0  printf5.o ABSOLUTE
    ../clib/microlib/printf/printf.c         0x00000000   Number         0  printf4.o ABSOLUTE
    ../clib/microlib/printf/printf.c         0x00000000   Number         0  printf7.o ABSOLUTE
    ../clib/microlib/printf/printf.c         0x00000000   Number         0  printf1.o ABSOLUTE
    ../clib/microlib/printf/printf.c         0x00000000   Number         0  printf0.o ABSOLUTE
    ../clib/microlib/printf/printf.c         0x00000000   Number         0  printf2.o ABSOLUTE
    ../clib/microlib/printf/printf.c         0x00000000   Number         0  printfb.o ABSOLUTE
    ../clib/microlib/printf/printf.c         0x00000000   Number         0  printf3.o ABSOLUTE
    ../clib/microlib/printf/stubs.s          0x00000000   Number         0  stubs.o ABSOLUTE
    ../clib/microlib/stdio/streams.c         0x00000000   Number         0  stdout.o ABSOLUTE
    ../clib/microlib/string/memcpy.c         0x00000000   Number         0  memcpyb.o ABSOLUTE
    ../clib/microlib/string/memcpy.c         0x00000000   Number         0  memcpya.o ABSOLUTE
    ../clib/microlib/stubs.s                 0x00000000   Number         0  iusefp.o ABSOLUTE
    ../fplib/microlib/d2f.c                  0x00000000   Number         0  d2f.o ABSOLUTE
    ../fplib/microlib/f2d.c                  0x00000000   Number         0  f2d.o ABSOLUTE
    ../fplib/microlib/fpadd.c                0x00000000   Number         0  fadd.o ABSOLUTE
    ../fplib/microlib/fpadd.c                0x00000000   Number         0  dadd.o ABSOLUTE
    ../fplib/microlib/fpdiv.c                0x00000000   Number         0  ddiv.o ABSOLUTE
    ../fplib/microlib/fpepilogue.c           0x00000000   Number         0  depilogue.o ABSOLUTE
    ../fplib/microlib/fpepilogue.c           0x00000000   Number         0  fepilogue.o ABSOLUTE
    ../fplib/microlib/fpfix.c                0x00000000   Number         0  dfixul.o ABSOLUTE
    ../fplib/microlib/fpfix.c                0x00000000   Number         0  dfixi.o ABSOLUTE
    ../fplib/microlib/fpflt.c                0x00000000   Number         0  dflti.o ABSOLUTE
    ../fplib/microlib/fpmul.c                0x00000000   Number         0  dmul.o ABSOLUTE
    ../fplib/microlib/fpscalb.c              0x00000000   Number         0  dscalb.o ABSOLUTE
    ../mathlib/dunder.c                      0x00000000   Number         0  dunder.o ABSOLUTE
    ../mathlib/exp.c                         0x00000000   Number         0  exp_x.o ABSOLUTE
    ../mathlib/exp.c                         0x00000000   Number         0  exp.o ABSOLUTE
    ../mathlib/fpclassify.c                  0x00000000   Number         0  fpclassify.o ABSOLUTE
    ../mathlib/poly.c                        0x00000000   Number         0  poly.o ABSOLUTE
    ../mathlib/qnan.c                        0x00000000   Number         0  qnan.o ABSOLUTE
    ..\CMSIS\core_cm3.c                      0x00000000   Number         0  core_cm3.o ABSOLUTE
    ..\CMSIS\startup\startup_stm32f10x_hd.s  0x00000000   Number         0  startup_stm32f10x_hd.o ABSOLUTE
    ..\CMSIS\system_stm32f10x.c              0x00000000   Number         0  system_stm32f10x.o ABSOLUTE
    ..\FWlib\src\misc.c                      0x00000000   Number         0  misc.o ABSOLUTE
    ..\FWlib\src\stm32f10x_adc.c             0x00000000   Number         0  stm32f10x_adc.o ABSOLUTE
    ..\FWlib\src\stm32f10x_exti.c            0x00000000   Number         0  stm32f10x_exti.o ABSOLUTE
    ..\FWlib\src\stm32f10x_gpio.c            0x00000000   Number         0  stm32f10x_gpio.o ABSOLUTE
    ..\FWlib\src\stm32f10x_i2c.c             0x00000000   Number         0  stm32f10x_i2c.o ABSOLUTE
    ..\FWlib\src\stm32f10x_rcc.c             0x00000000   Number         0  stm32f10x_rcc.o ABSOLUTE
    ..\FWlib\src\stm32f10x_tim.c             0x00000000   Number         0  stm32f10x_tim.o ABSOLUTE
    ..\FWlib\src\stm32f10x_usart.c           0x00000000   Number         0  stm32f10x_usart.o ABSOLUTE
    ..\\CMSIS\\core_cm3.c                    0x00000000   Number         0  core_cm3.o ABSOLUTE
    att7053au.c                              0x00000000   Number         0  att7053au.o ABSOLUTE
    bp.c                                     0x00000000   Number         0  bp.o ABSOLUTE
    cdcmple.s                                0x00000000   Number         0  cdcmple.o ABSOLUTE
    cdrcmple.s                               0x00000000   Number         0  cdrcmple.o ABSOLUTE
    dc.s                                     0x00000000   Number         0  dc.o ABSOLUTE
    handlers.s                               0x00000000   Number         0  handlers.o ABSOLUTE
    init.s                                   0x00000000   Number         0  init.o ABSOLUTE
    main.c                                   0x00000000   Number         0  main.o ABSOLUTE
    stm32f10x_it.c                           0x00000000   Number         0  stm32f10x_it.o ABSOLUTE
    usart1.c                                 0x00000000   Number         0  usart1.o ABSOLUTE
    RESET                                    0x08000000   Section      304  startup_stm32f10x_hd.o(RESET)
    .ARM.Collect$$$$00000000                 0x08000130   Section        0  entry.o(.ARM.Collect$$$$00000000)
    .ARM.Collect$$$$00000001                 0x08000130   Section        4  entry2.o(.ARM.Collect$$$$00000001)
    .ARM.Collect$$$$00000004                 0x08000134   Section        4  entry5.o(.ARM.Collect$$$$00000004)
    .ARM.Collect$$$$00000008                 0x08000138   Section        0  entry7b.o(.ARM.Collect$$$$00000008)
    .ARM.Collect$$$$0000000A                 0x08000138   Section        0  entry8b.o(.ARM.Collect$$$$0000000A)
    .ARM.Collect$$$$0000000B                 0x08000138   Section        8  entry9a.o(.ARM.Collect$$$$0000000B)
    .ARM.Collect$$$$0000000D                 0x08000140   Section        0  entry10a.o(.ARM.Collect$$$$0000000D)
    .ARM.Collect$$$$0000000F                 0x08000140   Section        0  entry11a.o(.ARM.Collect$$$$0000000F)
    .ARM.Collect$$$$00002712                 0x08000140   Section        4  entry2.o(.ARM.Collect$$$$00002712)
    __lit__00000000                          0x08000140   Data           4  entry2.o(.ARM.Collect$$$$00002712)
    .text                                    0x08000144   Section       36  startup_stm32f10x_hd.o(.text)
    .text                                    0x08000168   Section        0  main.o(.text)
    .text                                    0x08001294   Section        0  stm32f10x_it.o(.text)
    .text                                    0x080012b0   Section        0  usart1.o(.text)
    itoa                                     0x08001369   Thumb Code    98  usart1.o(.text)
    .text                                    0x080014d8   Section        0  att7053au.o(.text)
    .text                                    0x08001738   Section        0  bp.o(.text)
    .text                                    0x08001d90   Section        0  stm32f10x_rcc.o(.text)
    .text                                    0x08002134   Section        0  stm32f10x_gpio.o(.text)
    .text                                    0x08002490   Section        0  stm32f10x_usart.o(.text)
    .text                                    0x08002898   Section        0  stm32f10x_tim.o(.text)
    TI4_Config                               0x08002d3f   Thumb Code   130  stm32f10x_tim.o(.text)
    TI3_Config                               0x08002dd3   Thumb Code   122  stm32f10x_tim.o(.text)
    TI2_Config                               0x08002e67   Thumb Code   130  stm32f10x_tim.o(.text)
    TI1_Config                               0x08002efb   Thumb Code   108  stm32f10x_tim.o(.text)
    .text                                    0x080036b4   Section        0  misc.o(.text)
    .text                                    0x08003790   Section        0  stm32f10x_adc.o(.text)
    .text                                    0x08003be0   Section        0  stm32f10x_i2c.o(.text)
    .text                                    0x08003fe4   Section        0  system_stm32f10x.o(.text)
    SetSysClockTo72                          0x08003fe5   Thumb Code   214  system_stm32f10x.o(.text)
    SetSysClock                              0x080040bb   Thumb Code     8  system_stm32f10x.o(.text)
    .text                                    0x080041c4   Section        0  fadd.o(.text)
    .text                                    0x08004274   Section        0  dadd.o(.text)
    .text                                    0x080043c2   Section        0  dmul.o(.text)
    .text                                    0x080044a6   Section        0  ddiv.o(.text)
    .text                                    0x08004584   Section        0  dfixi.o(.text)
    .text                                    0x080045c2   Section        0  f2d.o(.text)
    .text                                    0x080045e8   Section        0  d2f.o(.text)
    .text                                    0x08004620   Section        0  uidiv.o(.text)
    .text                                    0x0800464c   Section        0  llshl.o(.text)
    .text                                    0x0800466a   Section        0  llushr.o(.text)
    .text                                    0x0800468a   Section        0  llsshr.o(.text)
    .text                                    0x080046ae   Section        0  fepilogue.o(.text)
    .text                                    0x080046ae   Section        0  iusefp.o(.text)
    .text                                    0x0800471c   Section        0  depilogue.o(.text)
    .text                                    0x080047d6   Section        0  dscalb.o(.text)
    .text                                    0x08004804   Section        0  dflti.o(.text)
    .text                                    0x08004828   Section       48  cdcmple.o(.text)
    .text                                    0x08004858   Section       48  cdrcmple.o(.text)
    .text                                    0x08004888   Section       36  init.o(.text)
    .text                                    0x080048ac   Section        0  __dczerorl2.o(.text)
    i.__0printf$1                            0x08004904   Section        0  printf1.o(i.__0printf$1)
    i.__ARM_fpclassify                       0x08004924   Section        0  fpclassify.o(i.__ARM_fpclassify)
    i.__kernel_poly                          0x0800494c   Section        0  poly.o(i.__kernel_poly)
    i.__mathlib_dbl_infnan                   0x080049f6   Section        0  dunder.o(i.__mathlib_dbl_infnan)
    i.__mathlib_dbl_overflow                 0x080049fc   Section        0  dunder.o(i.__mathlib_dbl_overflow)
    i.__mathlib_dbl_underflow                0x08004a0c   Section        0  dunder.o(i.__mathlib_dbl_underflow)
    i.__scatterload_copy                     0x08004a1c   Section       14  handlers.o(i.__scatterload_copy)
    i.__scatterload_null                     0x08004a2a   Section        2  handlers.o(i.__scatterload_null)
    i.__scatterload_zeroinit                 0x08004a2c   Section       14  handlers.o(i.__scatterload_zeroinit)
    i.__set_errno                            0x08004a3c   Section        0  errno.o(i.__set_errno)
    i._printf_core                           0x08004a48   Section        0  printf1.o(i._printf_core)
    _printf_core                             0x08004a49   Thumb Code   336  printf1.o(i._printf_core)
    i.exp                                    0x08004b9c   Section        0  exp.o(i.exp)
    i.free                                   0x08004e20   Section        0  malloc.o(i.free)
    i.malloc                                 0x08004e70   Section        0  malloc.o(i.malloc)
    .constdata                               0x08004ee0   Section       88  exp.o(.constdata)
    halF                                     0x08004ee0   Data          16  exp.o(.constdata)
    ln2HI                                    0x08004ef0   Data          16  exp.o(.constdata)
    ln2LO                                    0x08004f00   Data          16  exp.o(.constdata)
    P                                        0x08004f10   Data          40  exp.o(.constdata)
    .data                                    0x20000000   Section       89  main.o(.data)
    .data                                    0x20000060   Section      856  bp.o(.data)
    .data                                    0x200003b8   Section       20  stm32f10x_rcc.o(.data)
    APBAHBPrescTable                         0x200003b8   Data          16  stm32f10x_rcc.o(.data)
    ADCPrescTable                            0x200003c8   Data           4  stm32f10x_rcc.o(.data)
    .data                                    0x200003cc   Section       20  system_stm32f10x.o(.data)
    .data                                    0x200003e0   Section        4  stdout.o(.data)
    .data                                    0x200003e4   Section        4  mvars.o(.data)
    .data                                    0x200003e8   Section        4  mvars.o(.data)
    .data                                    0x200003ec   Section        4  errno.o(.data)
    _errno                                   0x200003ec   Data           4  errno.o(.data)
    .bss                                     0x200003f0   Section      551  main.o(.bss)
    .bss                                     0x20000618   Section       16  bp.o(.bss)
    HEAP                                     0x20000628   Section      512  startup_stm32f10x_hd.o(HEAP)
    STACK                                    0x20000828   Section     1024  startup_stm32f10x_hd.o(STACK)

    Global Symbols

    Symbol Name                              Value     Ov Type        Size  Object(Section)

    BuildAttributes$$THM_ISAv4$P$D$K$B$S$PE$A:L22UL41UL21$X:L11$S22US41US21$IEEE1$IW$USESV6$~STKCKD$USESV7$~SHL$OTIME$ROPI$IEEEX$EBA8$MICROLIB$REQ8$PRES8$EABIv2 0x00000000   Number         0  anon$$obj.o ABSOLUTE
    __ARM_use_no_argv                        0x00000000   Number         0  main.o ABSOLUTE
    _printf_a                                0x00000000   Number         0  stubs.o ABSOLUTE
    _printf_c                                0x00000000   Number         0  stubs.o ABSOLUTE
    _printf_charcount                        0x00000000   Number         0  stubs.o ABSOLUTE
    _printf_d                                0x00000000   Number         0  stubs.o ABSOLUTE
    _printf_e                                0x00000000   Number         0  stubs.o ABSOLUTE
    _printf_f                                0x00000000   Number         0  stubs.o ABSOLUTE
    _printf_flags                            0x00000000   Number         0  stubs.o ABSOLUTE
    _printf_fp_dec                           0x00000000   Number         0  stubs.o ABSOLUTE
    _printf_fp_hex                           0x00000000   Number         0  stubs.o ABSOLUTE
    _printf_g                                0x00000000   Number         0  stubs.o ABSOLUTE
    _printf_i                                0x00000000   Number         0  stubs.o ABSOLUTE
    _printf_int_dec                          0x00000000   Number         0  stubs.o ABSOLUTE
    _printf_l                                0x00000000   Number         0  stubs.o ABSOLUTE
    _printf_lc                               0x00000000   Number         0  stubs.o ABSOLUTE
    _printf_ll                               0x00000000   Number         0  stubs.o ABSOLUTE
    _printf_lld                              0x00000000   Number         0  stubs.o ABSOLUTE
    _printf_lli                              0x00000000   Number         0  stubs.o ABSOLUTE
    _printf_llo                              0x00000000   Number         0  stubs.o ABSOLUTE
    _printf_llu                              0x00000000   Number         0  stubs.o ABSOLUTE
    _printf_llx                              0x00000000   Number         0  stubs.o ABSOLUTE
    _printf_longlong_dec                     0x00000000   Number         0  stubs.o ABSOLUTE
    _printf_longlong_hex                     0x00000000   Number         0  stubs.o ABSOLUTE
    _printf_longlong_oct                     0x00000000   Number         0  stubs.o ABSOLUTE
    _printf_ls                               0x00000000   Number         0  stubs.o ABSOLUTE
    _printf_mbtowc                           0x00000000   Number         0  stubs.o ABSOLUTE
    _printf_n                                0x00000000   Number         0  stubs.o ABSOLUTE
    _printf_o                                0x00000000   Number         0  stubs.o ABSOLUTE
    _printf_p                                0x00000000   Number         0  stubs.o ABSOLUTE
    _printf_percent                          0x00000000   Number         0  stubs.o ABSOLUTE
    _printf_pre_padding                      0x00000000   Number         0  stubs.o ABSOLUTE
    _printf_return_value                     0x00000000   Number         0  stubs.o ABSOLUTE
    _printf_s                                0x00000000   Number         0  stubs.o ABSOLUTE
    _printf_sizespec                         0x00000000   Number         0  stubs.o ABSOLUTE
    _printf_str                              0x00000000   Number         0  stubs.o ABSOLUTE
    _printf_truncate_signed                  0x00000000   Number         0  stubs.o ABSOLUTE
    _printf_truncate_unsigned                0x00000000   Number         0  stubs.o ABSOLUTE
    _printf_u                                0x00000000   Number         0  stubs.o ABSOLUTE
    _printf_wc                               0x00000000   Number         0  stubs.o ABSOLUTE
    _printf_wctomb                           0x00000000   Number         0  stubs.o ABSOLUTE
    _printf_widthprec                        0x00000000   Number         0  stubs.o ABSOLUTE
    _printf_x                                0x00000000   Number         0  stubs.o ABSOLUTE
    __cpp_initialize__aeabi_                  - Undefined Weak Reference
    __cxa_finalize                            - Undefined Weak Reference
    _clock_init                               - Undefined Weak Reference
    _microlib_exit                            - Undefined Weak Reference
    __Vectors_Size                           0x00000130   Number         0  startup_stm32f10x_hd.o ABSOLUTE
    __Vectors                                0x08000000   Data           4  startup_stm32f10x_hd.o(RESET)
    __Vectors_End                            0x08000130   Data           0  startup_stm32f10x_hd.o(RESET)
    __main                                   0x08000131   Thumb Code     0  entry.o(.ARM.Collect$$$$00000000)
    _main_stk                                0x08000131   Thumb Code     0  entry2.o(.ARM.Collect$$$$00000001)
    _main_scatterload                        0x08000135   Thumb Code     0  entry5.o(.ARM.Collect$$$$00000004)
    __main_after_scatterload                 0x08000139   Thumb Code     0  entry5.o(.ARM.Collect$$$$00000004)
    _main_clock                              0x08000139   Thumb Code     0  entry7b.o(.ARM.Collect$$$$00000008)
    _main_cpp_init                           0x08000139   Thumb Code     0  entry8b.o(.ARM.Collect$$$$0000000A)
    _main_init                               0x08000139   Thumb Code     0  entry9a.o(.ARM.Collect$$$$0000000B)
    __rt_final_cpp                           0x08000141   Thumb Code     0  entry10a.o(.ARM.Collect$$$$0000000D)
    __rt_final_exit                          0x08000141   Thumb Code     0  entry11a.o(.ARM.Collect$$$$0000000F)
    Reset_Handler                            0x08000145   Thumb Code     8  startup_stm32f10x_hd.o(.text)
    ADC1_2_IRQHandler                        0x0800015f   Thumb Code     0  startup_stm32f10x_hd.o(.text)
    ADC3_IRQHandler                          0x0800015f   Thumb Code     0  startup_stm32f10x_hd.o(.text)
    CAN1_RX1_IRQHandler                      0x0800015f   Thumb Code     0  startup_stm32f10x_hd.o(.text)
    CAN1_SCE_IRQHandler                      0x0800015f   Thumb Code     0  startup_stm32f10x_hd.o(.text)
    DMA1_Channel1_IRQHandler                 0x0800015f   Thumb Code     0  startup_stm32f10x_hd.o(.text)
    DMA1_Channel2_IRQHandler                 0x0800015f   Thumb Code     0  startup_stm32f10x_hd.o(.text)
    DMA1_Channel3_IRQHandler                 0x0800015f   Thumb Code     0  startup_stm32f10x_hd.o(.text)
    DMA1_Channel4_IRQHandler                 0x0800015f   Thumb Code     0  startup_stm32f10x_hd.o(.text)
    DMA1_Channel5_IRQHandler                 0x0800015f   Thumb Code     0  startup_stm32f10x_hd.o(.text)
    DMA1_Channel6_IRQHandler                 0x0800015f   Thumb Code     0  startup_stm32f10x_hd.o(.text)
    DMA1_Channel7_IRQHandler                 0x0800015f   Thumb Code     0  startup_stm32f10x_hd.o(.text)
    DMA2_Channel1_IRQHandler                 0x0800015f   Thumb Code     0  startup_stm32f10x_hd.o(.text)
    DMA2_Channel2_IRQHandler                 0x0800015f   Thumb Code     0  startup_stm32f10x_hd.o(.text)
    DMA2_Channel3_IRQHandler                 0x0800015f   Thumb Code     0  startup_stm32f10x_hd.o(.text)
    DMA2_Channel4_5_IRQHandler               0x0800015f   Thumb Code     0  startup_stm32f10x_hd.o(.text)
    EXTI0_IRQHandler                         0x0800015f   Thumb Code     0  startup_stm32f10x_hd.o(.text)
    EXTI15_10_IRQHandler                     0x0800015f   Thumb Code     0  startup_stm32f10x_hd.o(.text)
    EXTI1_IRQHandler                         0x0800015f   Thumb Code     0  startup_stm32f10x_hd.o(.text)
    EXTI2_IRQHandler                         0x0800015f   Thumb Code     0  startup_stm32f10x_hd.o(.text)
    EXTI3_IRQHandler                         0x0800015f   Thumb Code     0  startup_stm32f10x_hd.o(.text)
    EXTI4_IRQHandler                         0x0800015f   Thumb Code     0  startup_stm32f10x_hd.o(.text)
    EXTI9_5_IRQHandler                       0x0800015f   Thumb Code     0  startup_stm32f10x_hd.o(.text)
    FLASH_IRQHandler                         0x0800015f   Thumb Code     0  startup_stm32f10x_hd.o(.text)
    FSMC_IRQHandler                          0x0800015f   Thumb Code     0  startup_stm32f10x_hd.o(.text)
    I2C1_ER_IRQHandler                       0x0800015f   Thumb Code     0  startup_stm32f10x_hd.o(.text)
    I2C1_EV_IRQHandler                       0x0800015f   Thumb Code     0  startup_stm32f10x_hd.o(.text)
    I2C2_ER_IRQHandler                       0x0800015f   Thumb Code     0  startup_stm32f10x_hd.o(.text)
    I2C2_EV_IRQHandler                       0x0800015f   Thumb Code     0  startup_stm32f10x_hd.o(.text)
    PVD_IRQHandler                           0x0800015f   Thumb Code     0  startup_stm32f10x_hd.o(.text)
    RCC_IRQHandler                           0x0800015f   Thumb Code     0  startup_stm32f10x_hd.o(.text)
    RTCAlarm_IRQHandler                      0x0800015f   Thumb Code     0  startup_stm32f10x_hd.o(.text)
    RTC_IRQHandler                           0x0800015f   Thumb Code     0  startup_stm32f10x_hd.o(.text)
    SDIO_IRQHandler                          0x0800015f   Thumb Code     0  startup_stm32f10x_hd.o(.text)
    SPI1_IRQHandler                          0x0800015f   Thumb Code     0  startup_stm32f10x_hd.o(.text)
    SPI2_IRQHandler                          0x0800015f   Thumb Code     0  startup_stm32f10x_hd.o(.text)
    SPI3_IRQHandler                          0x0800015f   Thumb Code     0  startup_stm32f10x_hd.o(.text)
    TAMPER_IRQHandler                        0x0800015f   Thumb Code     0  startup_stm32f10x_hd.o(.text)
    TIM1_BRK_IRQHandler                      0x0800015f   Thumb Code     0  startup_stm32f10x_hd.o(.text)
    TIM1_CC_IRQHandler                       0x0800015f   Thumb Code     0  startup_stm32f10x_hd.o(.text)
    TIM1_TRG_COM_IRQHandler                  0x0800015f   Thumb Code     0  startup_stm32f10x_hd.o(.text)
    TIM1_UP_IRQHandler                       0x0800015f   Thumb Code     0  startup_stm32f10x_hd.o(.text)
    TIM3_IRQHandler                          0x0800015f   Thumb Code     0  startup_stm32f10x_hd.o(.text)
    TIM4_IRQHandler                          0x0800015f   Thumb Code     0  startup_stm32f10x_hd.o(.text)
    TIM5_IRQHandler                          0x0800015f   Thumb Code     0  startup_stm32f10x_hd.o(.text)
    TIM6_IRQHandler                          0x0800015f   Thumb Code     0  startup_stm32f10x_hd.o(.text)
    TIM7_IRQHandler                          0x0800015f   Thumb Code     0  startup_stm32f10x_hd.o(.text)
    TIM8_BRK_IRQHandler                      0x0800015f   Thumb Code     0  startup_stm32f10x_hd.o(.text)
    TIM8_CC_IRQHandler                       0x0800015f   Thumb Code     0  startup_stm32f10x_hd.o(.text)
    TIM8_TRG_COM_IRQHandler                  0x0800015f   Thumb Code     0  startup_stm32f10x_hd.o(.text)
    TIM8_UP_IRQHandler                       0x0800015f   Thumb Code     0  startup_stm32f10x_hd.o(.text)
    UART4_IRQHandler                         0x0800015f   Thumb Code     0  startup_stm32f10x_hd.o(.text)
    USART2_IRQHandler                        0x0800015f   Thumb Code     0  startup_stm32f10x_hd.o(.text)
    USBWakeUp_IRQHandler                     0x0800015f   Thumb Code     0  startup_stm32f10x_hd.o(.text)
    USB_HP_CAN1_TX_IRQHandler                0x0800015f   Thumb Code     0  startup_stm32f10x_hd.o(.text)
    USB_LP_CAN1_RX0_IRQHandler               0x0800015f   Thumb Code     0  startup_stm32f10x_hd.o(.text)
    WWDG_IRQHandler                          0x0800015f   Thumb Code     0  startup_stm32f10x_hd.o(.text)
    CurrentDataReadFun                       0x08000169   Thumb Code   116  main.o(.text)
    Usart2_Init                              0x080001dd   Thumb Code   168  main.o(.text)
    SlaveDev_Reset_Init                      0x08000285   Thumb Code    92  main.o(.text)
    WorkControlPin_Init                      0x080002e1   Thumb Code    40  main.o(.text)
    main                                     0x08000309   Thumb Code   228  main.o(.text)
    PressureDataDebugOverUART                0x080003ed   Thumb Code    46  main.o(.text)
    DataBufInit                              0x0800041b   Thumb Code    66  main.o(.text)
    LED_WorkStaCon                           0x0800045d   Thumb Code   108  main.o(.text)
    USART1_SendData                          0x080004c9   Thumb Code    28  main.o(.text)
    SensorDataSendOverUart                   0x080004e5   Thumb Code   256  main.o(.text)
    AnalogDatSetToBuf                        0x080005e5   Thumb Code   100  main.o(.text)
    AnalogDat_Detect_Init                    0x08000649   Thumb Code   132  main.o(.text)
    AnalogDat_Read                           0x080006cd   Thumb Code    46  main.o(.text)
    Usart3_Init                              0x080006fb   Thumb Code   144  main.o(.text)
    Uart5_Init                               0x0800078b   Thumb Code   142  main.o(.text)
    I2C_EE_WaitEepromStandbyState            0x08000819   Thumb Code    72  main.o(.text)
    I2C_EE_PageWrite                         0x08000861   Thumb Code   142  main.o(.text)
    I2C_EE_BufferWrite                       0x080008ef   Thumb Code   316  main.o(.text)
    CurrentDataCalibrateFunction             0x08000a2b   Thumb Code    82  main.o(.text)
    CurrentDataASetToBuf                     0x08000a7d   Thumb Code   100  main.o(.text)
    CurrentDataBSetToBuf                     0x08000ae1   Thumb Code   104  main.o(.text)
    CurrentDataSendOverUart                  0x08000b49   Thumb Code    34  main.o(.text)
    I2C_Mode_Config                          0x08000b6b   Thumb Code    58  main.o(.text)
    I2C_GPIO_Config                          0x08000ba5   Thumb Code    88  main.o(.text)
    EEPROM_Init                              0x08000bfd   Thumb Code    18  main.o(.text)
    I2C_EE_ByteWrite                         0x08000c0f   Thumb Code   112  main.o(.text)
    I2C_EE_BufferRead                        0x08000c7f   Thumb Code   214  main.o(.text)
    LED_GPIO_Init                            0x08000d55   Thumb Code    92  main.o(.text)
    Relay_GPIO_Init                          0x08000db1   Thumb Code    50  main.o(.text)
    Relay_Work_Mod_Con                       0x08000de3   Thumb Code   186  main.o(.text)
    RelayStatusDatInit                       0x08000e9d   Thumb Code    34  main.o(.text)
    msDelay                                  0x08000ebf   Thumb Code    18  main.o(.text)
    Delay                                    0x08000ed1   Thumb Code    18  main.o(.text)
    TIM2_Configuration                       0x08000ee3   Thumb Code   126  main.o(.text)
    TIM2_Start                               0x08000f61   Thumb Code    20  main.o(.text)
    TIM2_Stop                                0x08000f75   Thumb Code    22  main.o(.text)
    TIM2_IRQHandler                          0x08000f8b   Thumb Code   132  main.o(.text)
    USART3_IRQHandler                        0x0800100f   Thumb Code   148  main.o(.text)
    UART5_IRQHandler                         0x080010a3   Thumb Code   146  main.o(.text)
    USART1_IRQHandler                        0x08001135   Thumb Code   240  main.o(.text)
    NMI_Handler                              0x08001295   Thumb Code     2  stm32f10x_it.o(.text)
    HardFault_Handler                        0x08001297   Thumb Code     4  stm32f10x_it.o(.text)
    MemManage_Handler                        0x0800129b   Thumb Code     4  stm32f10x_it.o(.text)
    BusFault_Handler                         0x0800129f   Thumb Code     4  stm32f10x_it.o(.text)
    UsageFault_Handler                       0x080012a3   Thumb Code     4  stm32f10x_it.o(.text)
    SVC_Handler                              0x080012a7   Thumb Code     2  stm32f10x_it.o(.text)
    DebugMon_Handler                         0x080012a9   Thumb Code     2  stm32f10x_it.o(.text)
    PendSV_Handler                           0x080012ab   Thumb Code     2  stm32f10x_it.o(.text)
    SysTick_Handler                          0x080012ad   Thumb Code     2  stm32f10x_it.o(.text)
    UART_Init                                0x080012b1   Thumb Code   152  usart1.o(.text)
    fputc                                    0x08001349   Thumb Code    32  usart1.o(.text)
    USART1_printf                            0x080013cb   Thumb Code   262  usart1.o(.text)
    delay                                    0x080014d9   Thumb Code    22  att7053au.o(.text)
    att7053_Write                            0x080014ef   Thumb Code   218  att7053au.o(.text)
    att7053_Init                             0x080015c9   Thumb Code    84  att7053au.o(.text)
    att7053_GPIO_Init                        0x0800161d   Thumb Code    68  att7053au.o(.text)
    att7053_Read                             0x08001661   Thumb Code   210  att7053au.o(.text)
    simNetSetUp                              0x08001739   Thumb Code   416  bp.o(.text)
    simDataRecover                           0x080018d9   Thumb Code   122  bp.o(.text)
    simInspirit                              0x08001953   Thumb Code   178  bp.o(.text)
    simDataChange                            0x08001a05   Thumb Code   126  bp.o(.text)
    sim                                      0x08001a83   Thumb Code   574  bp.o(.text)
    simInit                                  0x08001cc1   Thumb Code    22  bp.o(.text)
    simFree                                  0x08001cd7   Thumb Code   134  bp.o(.text)
    RCC_DeInit                               0x08001d91   Thumb Code    64  stm32f10x_rcc.o(.text)
    RCC_HSEConfig                            0x08001dd1   Thumb Code    70  stm32f10x_rcc.o(.text)
    RCC_GetFlagStatus                        0x08001e17   Thumb Code    56  stm32f10x_rcc.o(.text)
    RCC_WaitForHSEStartUp                    0x08001e4f   Thumb Code    56  stm32f10x_rcc.o(.text)
    RCC_AdjustHSICalibrationValue            0x08001e87   Thumb Code    20  stm32f10x_rcc.o(.text)
    RCC_HSICmd                               0x08001e9b   Thumb Code     6  stm32f10x_rcc.o(.text)
    RCC_PLLConfig                            0x08001ea1   Thumb Code    24  stm32f10x_rcc.o(.text)
    RCC_PLLCmd                               0x08001eb9   Thumb Code     6  stm32f10x_rcc.o(.text)
    RCC_SYSCLKConfig                         0x08001ebf   Thumb Code    18  stm32f10x_rcc.o(.text)
    RCC_GetSYSCLKSource                      0x08001ed1   Thumb Code    10  stm32f10x_rcc.o(.text)
    RCC_HCLKConfig                           0x08001edb   Thumb Code    18  stm32f10x_rcc.o(.text)
    RCC_PCLK1Config                          0x08001eed   Thumb Code    18  stm32f10x_rcc.o(.text)
    RCC_PCLK2Config                          0x08001eff   Thumb Code    20  stm32f10x_rcc.o(.text)
    RCC_ITConfig                             0x08001f13   Thumb Code    26  stm32f10x_rcc.o(.text)
    RCC_USBCLKConfig                         0x08001f2d   Thumb Code     8  stm32f10x_rcc.o(.text)
    RCC_ADCCLKConfig                         0x08001f35   Thumb Code    18  stm32f10x_rcc.o(.text)
    RCC_LSEConfig                            0x08001f47   Thumb Code    50  stm32f10x_rcc.o(.text)
    RCC_LSICmd                               0x08001f79   Thumb Code     6  stm32f10x_rcc.o(.text)
    RCC_RTCCLKConfig                         0x08001f7f   Thumb Code    12  stm32f10x_rcc.o(.text)
    RCC_RTCCLKCmd                            0x08001f8b   Thumb Code     8  stm32f10x_rcc.o(.text)
    RCC_GetClocksFreq                        0x08001f93   Thumb Code   192  stm32f10x_rcc.o(.text)
    RCC_AHBPeriphClockCmd                    0x08002053   Thumb Code    26  stm32f10x_rcc.o(.text)
    RCC_APB2PeriphClockCmd                   0x0800206d   Thumb Code    26  stm32f10x_rcc.o(.text)
    RCC_APB1PeriphClockCmd                   0x08002087   Thumb Code    26  stm32f10x_rcc.o(.text)
    RCC_APB2PeriphResetCmd                   0x080020a1   Thumb Code    26  stm32f10x_rcc.o(.text)
    RCC_APB1PeriphResetCmd                   0x080020bb   Thumb Code    26  stm32f10x_rcc.o(.text)
    RCC_BackupResetCmd                       0x080020d5   Thumb Code     8  stm32f10x_rcc.o(.text)
    RCC_ClockSecuritySystemCmd               0x080020dd   Thumb Code     6  stm32f10x_rcc.o(.text)
    RCC_MCOConfig                            0x080020e3   Thumb Code     6  stm32f10x_rcc.o(.text)
    RCC_ClearFlag                            0x080020e9   Thumb Code    14  stm32f10x_rcc.o(.text)
    RCC_GetITStatus                          0x080020f7   Thumb Code    20  stm32f10x_rcc.o(.text)
    RCC_ClearITPendingBit                    0x0800210b   Thumb Code     6  stm32f10x_rcc.o(.text)
    GPIO_DeInit                              0x08002135   Thumb Code   172  stm32f10x_gpio.o(.text)
    GPIO_AFIODeInit                          0x080021e1   Thumb Code    20  stm32f10x_gpio.o(.text)
    GPIO_Init                                0x080021f5   Thumb Code   278  stm32f10x_gpio.o(.text)
    GPIO_StructInit                          0x0800230b   Thumb Code    16  stm32f10x_gpio.o(.text)
    GPIO_ReadInputDataBit                    0x0800231b   Thumb Code    18  stm32f10x_gpio.o(.text)
    GPIO_ReadInputData                       0x0800232d   Thumb Code     8  stm32f10x_gpio.o(.text)
    GPIO_ReadOutputDataBit                   0x08002335   Thumb Code    18  stm32f10x_gpio.o(.text)
    GPIO_ReadOutputData                      0x08002347   Thumb Code     8  stm32f10x_gpio.o(.text)
    GPIO_SetBits                             0x0800234f   Thumb Code     4  stm32f10x_gpio.o(.text)
    GPIO_ResetBits                           0x08002353   Thumb Code     4  stm32f10x_gpio.o(.text)
    GPIO_WriteBit                            0x08002357   Thumb Code    10  stm32f10x_gpio.o(.text)
    GPIO_Write                               0x08002361   Thumb Code     4  stm32f10x_gpio.o(.text)
    GPIO_PinLockConfig                       0x08002365   Thumb Code    18  stm32f10x_gpio.o(.text)
    GPIO_EventOutputConfig                   0x08002377   Thumb Code    26  stm32f10x_gpio.o(.text)
    GPIO_EventOutputCmd                      0x08002391   Thumb Code     6  stm32f10x_gpio.o(.text)
    GPIO_PinRemapConfig                      0x08002397   Thumb Code   138  stm32f10x_gpio.o(.text)
    GPIO_EXTILineConfig                      0x08002421   Thumb Code    66  stm32f10x_gpio.o(.text)
    GPIO_ETH_MediaInterfaceConfig            0x08002463   Thumb Code     8  stm32f10x_gpio.o(.text)
    USART_DeInit                             0x08002491   Thumb Code   134  stm32f10x_usart.o(.text)
    USART_Init                               0x08002517   Thumb Code   210  stm32f10x_usart.o(.text)
    USART_StructInit                         0x080025e9   Thumb Code    24  stm32f10x_usart.o(.text)
    USART_ClockInit                          0x08002601   Thumb Code    34  stm32f10x_usart.o(.text)
    USART_ClockStructInit                    0x08002623   Thumb Code    12  stm32f10x_usart.o(.text)
    USART_Cmd                                0x0800262f   Thumb Code    24  stm32f10x_usart.o(.text)
    USART_ITConfig                           0x08002647   Thumb Code    74  stm32f10x_usart.o(.text)
    USART_DMACmd                             0x08002691   Thumb Code    18  stm32f10x_usart.o(.text)
    USART_SetAddress                         0x080026a3   Thumb Code    18  stm32f10x_usart.o(.text)
    USART_WakeUpConfig                       0x080026b5   Thumb Code    18  stm32f10x_usart.o(.text)
    USART_ReceiverWakeUpCmd                  0x080026c7   Thumb Code    24  stm32f10x_usart.o(.text)
    USART_LINBreakDetectLengthConfig         0x080026df   Thumb Code    18  stm32f10x_usart.o(.text)
    USART_LINCmd                             0x080026f1   Thumb Code    24  stm32f10x_usart.o(.text)
    USART_SendData                           0x08002709   Thumb Code     8  stm32f10x_usart.o(.text)
    USART_ReceiveData                        0x08002711   Thumb Code    10  stm32f10x_usart.o(.text)
    USART_SendBreak                          0x0800271b   Thumb Code    10  stm32f10x_usart.o(.text)
    USART_SetGuardTime                       0x08002725   Thumb Code    16  stm32f10x_usart.o(.text)
    USART_SetPrescaler                       0x08002735   Thumb Code    16  stm32f10x_usart.o(.text)
    USART_SmartCardCmd                       0x08002745   Thumb Code    24  stm32f10x_usart.o(.text)
    USART_SmartCardNACKCmd                   0x0800275d   Thumb Code    24  stm32f10x_usart.o(.text)
    USART_HalfDuplexCmd                      0x08002775   Thumb Code    24  stm32f10x_usart.o(.text)
    USART_OverSampling8Cmd                   0x0800278d   Thumb Code    22  stm32f10x_usart.o(.text)
    USART_OneBitMethodCmd                    0x080027a3   Thumb Code    24  stm32f10x_usart.o(.text)
    USART_IrDAConfig                         0x080027bb   Thumb Code    18  stm32f10x_usart.o(.text)
    USART_IrDACmd                            0x080027cd   Thumb Code    24  stm32f10x_usart.o(.text)
    USART_GetFlagStatus                      0x080027e5   Thumb Code    26  stm32f10x_usart.o(.text)
    USART_ClearFlag                          0x080027ff   Thumb Code    18  stm32f10x_usart.o(.text)
    USART_GetITStatus                        0x08002811   Thumb Code    84  stm32f10x_usart.o(.text)
    USART_ClearITPendingBit                  0x08002865   Thumb Code    52  stm32f10x_usart.o(.text)
    TIM_DeInit                               0x08002899   Thumb Code   424  stm32f10x_tim.o(.text)
    TIM_TimeBaseInit                         0x08002a41   Thumb Code   122  stm32f10x_tim.o(.text)
    TIM_OC1Init                              0x08002abb   Thumb Code   132  stm32f10x_tim.o(.text)
    TIM_OC2Init                              0x08002b3f   Thumb Code   154  stm32f10x_tim.o(.text)
    TIM_OC3Init                              0x08002bd9   Thumb Code   150  stm32f10x_tim.o(.text)
    TIM_OC4Init                              0x08002c6f   Thumb Code   182  stm32f10x_tim.o(.text)
    TIM_SetIC4Prescaler                      0x08002d25   Thumb Code    26  stm32f10x_tim.o(.text)
    TIM_SetIC3Prescaler                      0x08002dc1   Thumb Code    18  stm32f10x_tim.o(.text)
    TIM_SetIC2Prescaler                      0x08002e4d   Thumb Code    26  stm32f10x_tim.o(.text)
    TIM_SetIC1Prescaler                      0x08002ee9   Thumb Code    18  stm32f10x_tim.o(.text)
    TIM_ICInit                               0x08002f67   Thumb Code   150  stm32f10x_tim.o(.text)
    TIM_PWMIConfig                           0x08002ffd   Thumb Code   124  stm32f10x_tim.o(.text)
    TIM_BDTRConfig                           0x08003079   Thumb Code    32  stm32f10x_tim.o(.text)
    TIM_TimeBaseStructInit                   0x08003099   Thumb Code    18  stm32f10x_tim.o(.text)
    TIM_OCStructInit                         0x080030ab   Thumb Code    20  stm32f10x_tim.o(.text)
    TIM_ICStructInit                         0x080030bf   Thumb Code    18  stm32f10x_tim.o(.text)
    TIM_BDTRStructInit                       0x080030d1   Thumb Code    40  stm32f10x_tim.o(.text)
    TIM_Cmd                                  0x080030f9   Thumb Code    24  stm32f10x_tim.o(.text)
    TIM_CtrlPWMOutputs                       0x08003111   Thumb Code    30  stm32f10x_tim.o(.text)
    TIM_ITConfig                             0x0800312f   Thumb Code    18  stm32f10x_tim.o(.text)
    TIM_GenerateEvent                        0x08003141   Thumb Code     4  stm32f10x_tim.o(.text)
    TIM_DMAConfig                            0x08003145   Thumb Code    10  stm32f10x_tim.o(.text)
    TIM_DMACmd                               0x0800314f   Thumb Code    18  stm32f10x_tim.o(.text)
    TIM_InternalClockConfig                  0x08003161   Thumb Code    12  stm32f10x_tim.o(.text)
    TIM_SelectInputTrigger                   0x0800316d   Thumb Code    18  stm32f10x_tim.o(.text)
    TIM_ITRxExternalClockConfig              0x0800317f   Thumb Code    24  stm32f10x_tim.o(.text)
    TIM_TIxExternalClockConfig               0x08003197   Thumb Code    62  stm32f10x_tim.o(.text)
    TIM_ETRConfig                            0x080031d5   Thumb Code    28  stm32f10x_tim.o(.text)
    TIM_ETRClockMode1Config                  0x080031f1   Thumb Code    54  stm32f10x_tim.o(.text)
    TIM_ETRClockMode2Config                  0x08003227   Thumb Code    32  stm32f10x_tim.o(.text)
    TIM_PrescalerConfig                      0x08003247   Thumb Code     6  stm32f10x_tim.o(.text)
    TIM_CounterModeConfig                    0x0800324d   Thumb Code    18  stm32f10x_tim.o(.text)
    TIM_EncoderInterfaceConfig               0x0800325f   Thumb Code    66  stm32f10x_tim.o(.text)
    TIM_ForcedOC1Config                      0x080032a1   Thumb Code    18  stm32f10x_tim.o(.text)
    TIM_ForcedOC2Config                      0x080032b3   Thumb Code    26  stm32f10x_tim.o(.text)
    TIM_ForcedOC3Config                      0x080032cd   Thumb Code    18  stm32f10x_tim.o(.text)
    TIM_ForcedOC4Config                      0x080032df   Thumb Code    26  stm32f10x_tim.o(.text)
    TIM_ARRPreloadConfig                     0x080032f9   Thumb Code    24  stm32f10x_tim.o(.text)
    TIM_SelectCOM                            0x08003311   Thumb Code    24  stm32f10x_tim.o(.text)
    TIM_SelectCCDMA                          0x08003329   Thumb Code    24  stm32f10x_tim.o(.text)
    TIM_CCPreloadControl                     0x08003341   Thumb Code    24  stm32f10x_tim.o(.text)
    TIM_OC1PreloadConfig                     0x08003359   Thumb Code    18  stm32f10x_tim.o(.text)
    TIM_OC2PreloadConfig                     0x0800336b   Thumb Code    26  stm32f10x_tim.o(.text)
    TIM_OC3PreloadConfig                     0x08003385   Thumb Code    18  stm32f10x_tim.o(.text)
    TIM_OC4PreloadConfig                     0x08003397   Thumb Code    26  stm32f10x_tim.o(.text)
    TIM_OC1FastConfig                        0x080033b1   Thumb Code    18  stm32f10x_tim.o(.text)
    TIM_OC2FastConfig                        0x080033c3   Thumb Code    26  stm32f10x_tim.o(.text)
    TIM_OC3FastConfig                        0x080033dd   Thumb Code    18  stm32f10x_tim.o(.text)
    TIM_OC4FastConfig                        0x080033ef   Thumb Code    26  stm32f10x_tim.o(.text)
    TIM_ClearOC1Ref                          0x08003409   Thumb Code    18  stm32f10x_tim.o(.text)
    TIM_ClearOC2Ref                          0x0800341b   Thumb Code    24  stm32f10x_tim.o(.text)
    TIM_ClearOC3Ref                          0x08003433   Thumb Code    18  stm32f10x_tim.o(.text)
    TIM_ClearOC4Ref                          0x08003445   Thumb Code    24  stm32f10x_tim.o(.text)
    TIM_OC1PolarityConfig                    0x0800345d   Thumb Code    18  stm32f10x_tim.o(.text)
    TIM_OC1NPolarityConfig                   0x0800346f   Thumb Code    18  stm32f10x_tim.o(.text)
    TIM_OC2PolarityConfig                    0x08003481   Thumb Code    26  stm32f10x_tim.o(.text)
    TIM_OC2NPolarityConfig                   0x0800349b   Thumb Code    26  stm32f10x_tim.o(.text)
    TIM_OC3PolarityConfig                    0x080034b5   Thumb Code    26  stm32f10x_tim.o(.text)
    TIM_OC3NPolarityConfig                   0x080034cf   Thumb Code    26  stm32f10x_tim.o(.text)
    TIM_OC4PolarityConfig                    0x080034e9   Thumb Code    26  stm32f10x_tim.o(.text)
    TIM_CCxCmd                               0x08003503   Thumb Code    30  stm32f10x_tim.o(.text)
    TIM_CCxNCmd                              0x08003521   Thumb Code    30  stm32f10x_tim.o(.text)
    TIM_SelectOCxM                           0x0800353f   Thumb Code    82  stm32f10x_tim.o(.text)
    TIM_UpdateDisableConfig                  0x08003591   Thumb Code    24  stm32f10x_tim.o(.text)
    TIM_UpdateRequestConfig                  0x080035a9   Thumb Code    24  stm32f10x_tim.o(.text)
    TIM_SelectHallSensor                     0x080035c1   Thumb Code    24  stm32f10x_tim.o(.text)
    TIM_SelectOnePulseMode                   0x080035d9   Thumb Code    18  stm32f10x_tim.o(.text)
    TIM_SelectOutputTrigger                  0x080035eb   Thumb Code    18  stm32f10x_tim.o(.text)
    TIM_SelectSlaveMode                      0x080035fd   Thumb Code    18  stm32f10x_tim.o(.text)
    TIM_SelectMasterSlaveMode                0x0800360f   Thumb Code    18  stm32f10x_tim.o(.text)
    TIM_SetCounter                           0x08003621   Thumb Code     4  stm32f10x_tim.o(.text)
    TIM_SetAutoreload                        0x08003625   Thumb Code     4  stm32f10x_tim.o(.text)
    TIM_SetCompare1                          0x08003629   Thumb Code     4  stm32f10x_tim.o(.text)
    TIM_SetCompare2                          0x0800362d   Thumb Code     4  stm32f10x_tim.o(.text)
    TIM_SetCompare3                          0x08003631   Thumb Code     4  stm32f10x_tim.o(.text)
    TIM_SetCompare4                          0x08003635   Thumb Code     6  stm32f10x_tim.o(.text)
    TIM_SetClockDivision                     0x0800363b   Thumb Code    18  stm32f10x_tim.o(.text)
    TIM_GetCapture1                          0x0800364d   Thumb Code     6  stm32f10x_tim.o(.text)
    TIM_GetCapture2                          0x08003653   Thumb Code     6  stm32f10x_tim.o(.text)
    TIM_GetCapture3                          0x08003659   Thumb Code     6  stm32f10x_tim.o(.text)
    TIM_GetCapture4                          0x0800365f   Thumb Code     8  stm32f10x_tim.o(.text)
    TIM_GetCounter                           0x08003667   Thumb Code     6  stm32f10x_tim.o(.text)
    TIM_GetPrescaler                         0x0800366d   Thumb Code     6  stm32f10x_tim.o(.text)
    TIM_GetFlagStatus                        0x08003673   Thumb Code    18  stm32f10x_tim.o(.text)
    TIM_ClearFlag                            0x08003685   Thumb Code     6  stm32f10x_tim.o(.text)
    TIM_GetITStatus                          0x0800368b   Thumb Code    34  stm32f10x_tim.o(.text)
    TIM_ClearITPendingBit                    0x080036ad   Thumb Code     6  stm32f10x_tim.o(.text)
    NVIC_PriorityGroupConfig                 0x080036b5   Thumb Code    10  misc.o(.text)
    NVIC_Init                                0x080036bf   Thumb Code   100  misc.o(.text)
    NVIC_SetVectorTable                      0x08003723   Thumb Code    14  misc.o(.text)
    NVIC_SystemLPConfig                      0x08003731   Thumb Code    34  misc.o(.text)
    SysTick_CLKSourceConfig                  0x08003753   Thumb Code    40  misc.o(.text)
    ADC_DeInit                               0x08003791   Thumb Code    78  stm32f10x_adc.o(.text)
    ADC_Init                                 0x080037df   Thumb Code    70  stm32f10x_adc.o(.text)
    ADC_StructInit                           0x08003825   Thumb Code    18  stm32f10x_adc.o(.text)
    ADC_Cmd                                  0x08003837   Thumb Code    22  stm32f10x_adc.o(.text)
    ADC_DMACmd                               0x0800384d   Thumb Code    22  stm32f10x_adc.o(.text)
    ADC_ITConfig                             0x08003863   Thumb Code    24  stm32f10x_adc.o(.text)
    ADC_ResetCalibration                     0x0800387b   Thumb Code    10  stm32f10x_adc.o(.text)
    ADC_GetResetCalibrationStatus            0x08003885   Thumb Code    20  stm32f10x_adc.o(.text)
    ADC_StartCalibration                     0x08003899   Thumb Code    10  stm32f10x_adc.o(.text)
    ADC_GetCalibrationStatus                 0x080038a3   Thumb Code    20  stm32f10x_adc.o(.text)
    ADC_SoftwareStartConvCmd                 0x080038b7   Thumb Code    22  stm32f10x_adc.o(.text)
    ADC_GetSoftwareStartConvStatus           0x080038cd   Thumb Code    20  stm32f10x_adc.o(.text)
    ADC_DiscModeChannelCountConfig           0x080038e1   Thumb Code    24  stm32f10x_adc.o(.text)
    ADC_DiscModeCmd                          0x080038f9   Thumb Code    22  stm32f10x_adc.o(.text)
    ADC_RegularChannelConfig                 0x0800390f   Thumb Code   184  stm32f10x_adc.o(.text)
    ADC_ExternalTrigConvCmd                  0x080039c7   Thumb Code    22  stm32f10x_adc.o(.text)
    ADC_GetConversionValue                   0x080039dd   Thumb Code     8  stm32f10x_adc.o(.text)
    ADC_GetDualModeConversionValue           0x080039e5   Thumb Code     8  stm32f10x_adc.o(.text)
    ADC_AutoInjectedConvCmd                  0x080039ed   Thumb Code    22  stm32f10x_adc.o(.text)
    ADC_InjectedDiscModeCmd                  0x08003a03   Thumb Code    22  stm32f10x_adc.o(.text)
    ADC_ExternalTrigInjectedConvConfig       0x08003a19   Thumb Code    16  stm32f10x_adc.o(.text)
    ADC_ExternalTrigInjectedConvCmd          0x08003a29   Thumb Code    22  stm32f10x_adc.o(.text)
    ADC_SoftwareStartInjectedConvCmd         0x08003a3f   Thumb Code    22  stm32f10x_adc.o(.text)
    ADC_GetSoftwareStartInjectedConvCmdStatus 0x08003a55   Thumb Code    20  stm32f10x_adc.o(.text)
    ADC_InjectedChannelConfig                0x08003a69   Thumb Code   130  stm32f10x_adc.o(.text)
    ADC_InjectedSequencerLengthConfig        0x08003aeb   Thumb Code    24  stm32f10x_adc.o(.text)
    ADC_SetInjectedOffset                    0x08003b03   Thumb Code    20  stm32f10x_adc.o(.text)
    ADC_GetInjectedConversionValue           0x08003b17   Thumb Code    28  stm32f10x_adc.o(.text)
    ADC_AnalogWatchdogCmd                    0x08003b33   Thumb Code    16  stm32f10x_adc.o(.text)
    ADC_AnalogWatchdogThresholdsConfig       0x08003b43   Thumb Code     6  stm32f10x_adc.o(.text)
    ADC_AnalogWatchdogSingleChannelConfig    0x08003b49   Thumb Code    16  stm32f10x_adc.o(.text)
    ADC_TempSensorVrefintCmd                 0x08003b59   Thumb Code    64  stm32f10x_adc.o(.text)
    ADC_GetFlagStatus                        0x08003b99   Thumb Code    18  stm32f10x_adc.o(.text)
    ADC_ClearFlag                            0x08003bab   Thumb Code     6  stm32f10x_adc.o(.text)
    ADC_GetITStatus                          0x08003bb1   Thumb Code    36  stm32f10x_adc.o(.text)
    ADC_ClearITPendingBit                    0x08003bd5   Thumb Code    10  stm32f10x_adc.o(.text)
    I2C_DeInit                               0x08003be1   Thumb Code    50  stm32f10x_i2c.o(.text)
    I2C_Init                                 0x08003c13   Thumb Code   222  stm32f10x_i2c.o(.text)
    I2C_StructInit                           0x08003cf1   Thumb Code    30  stm32f10x_i2c.o(.text)
    I2C_Cmd                                  0x08003d0f   Thumb Code    24  stm32f10x_i2c.o(.text)
    I2C_DMACmd                               0x08003d27   Thumb Code    24  stm32f10x_i2c.o(.text)
    I2C_DMALastTransferCmd                   0x08003d3f   Thumb Code    24  stm32f10x_i2c.o(.text)
    I2C_GenerateSTART                        0x08003d57   Thumb Code    24  stm32f10x_i2c.o(.text)
    I2C_GenerateSTOP                         0x08003d6f   Thumb Code    24  stm32f10x_i2c.o(.text)
    I2C_AcknowledgeConfig                    0x08003d87   Thumb Code    24  stm32f10x_i2c.o(.text)
    I2C_OwnAddress2Config                    0x08003d9f   Thumb Code    22  stm32f10x_i2c.o(.text)
    I2C_DualAddressCmd                       0x08003db5   Thumb Code    24  stm32f10x_i2c.o(.text)
    I2C_GeneralCallCmd                       0x08003dcd   Thumb Code    24  stm32f10x_i2c.o(.text)
    I2C_ITConfig                             0x08003de5   Thumb Code    18  stm32f10x_i2c.o(.text)
    I2C_SendData                             0x08003df7   Thumb Code     4  stm32f10x_i2c.o(.text)
    I2C_ReceiveData                          0x08003dfb   Thumb Code     8  stm32f10x_i2c.o(.text)
    I2C_Send7bitAddress                      0x08003e03   Thumb Code    18  stm32f10x_i2c.o(.text)
    I2C_ReadRegister                         0x08003e15   Thumb Code    22  stm32f10x_i2c.o(.text)
    I2C_SoftwareResetCmd                     0x08003e2b   Thumb Code    22  stm32f10x_i2c.o(.text)
    I2C_NACKPositionConfig                   0x08003e41   Thumb Code    28  stm32f10x_i2c.o(.text)
    I2C_SMBusAlertConfig                     0x08003e5d   Thumb Code    28  stm32f10x_i2c.o(.text)
    I2C_TransmitPEC                          0x08003e79   Thumb Code    24  stm32f10x_i2c.o(.text)
    I2C_PECPositionConfig                    0x08003e91   Thumb Code    28  stm32f10x_i2c.o(.text)
    I2C_CalculatePEC                         0x08003ead   Thumb Code    24  stm32f10x_i2c.o(.text)
    I2C_GetPEC                               0x08003ec5   Thumb Code     8  stm32f10x_i2c.o(.text)
    I2C_ARPCmd                               0x08003ecd   Thumb Code    24  stm32f10x_i2c.o(.text)
    I2C_StretchClockCmd                      0x08003ee5   Thumb Code    24  stm32f10x_i2c.o(.text)
    I2C_FastModeDutyCycleConfig              0x08003efd   Thumb Code    28  stm32f10x_i2c.o(.text)
    I2C_CheckEvent                           0x08003f19   Thumb Code    42  stm32f10x_i2c.o(.text)
    I2C_GetLastEvent                         0x08003f43   Thumb Code    26  stm32f10x_i2c.o(.text)
    I2C_GetFlagStatus                        0x08003f5d   Thumb Code    58  stm32f10x_i2c.o(.text)
    I2C_ClearFlag                            0x08003f97   Thumb Code    12  stm32f10x_i2c.o(.text)
    I2C_GetITStatus                          0x08003fa3   Thumb Code    54  stm32f10x_i2c.o(.text)
    I2C_ClearITPendingBit                    0x08003fd9   Thumb Code    12  stm32f10x_i2c.o(.text)
    SystemInit                               0x080040c3   Thumb Code    78  system_stm32f10x.o(.text)
    SystemCoreClockUpdate                    0x08004111   Thumb Code   142  system_stm32f10x.o(.text)
    __aeabi_fadd                             0x080041c5   Thumb Code   164  fadd.o(.text)
    __aeabi_fsub                             0x08004269   Thumb Code     6  fadd.o(.text)
    __aeabi_frsub                            0x0800426f   Thumb Code     6  fadd.o(.text)
    __aeabi_dadd                             0x08004275   Thumb Code   322  dadd.o(.text)
    __aeabi_dsub                             0x080043b7   Thumb Code     6  dadd.o(.text)
    __aeabi_drsub                            0x080043bd   Thumb Code     6  dadd.o(.text)
    __aeabi_dmul                             0x080043c3   Thumb Code   228  dmul.o(.text)
    __aeabi_ddiv                             0x080044a7   Thumb Code   222  ddiv.o(.text)
    __aeabi_d2iz                             0x08004585   Thumb Code    62  dfixi.o(.text)
    __aeabi_f2d                              0x080045c3   Thumb Code    38  f2d.o(.text)
    __aeabi_d2f                              0x080045e9   Thumb Code    56  d2f.o(.text)
    __aeabi_uidiv                            0x08004621   Thumb Code     0  uidiv.o(.text)
    __aeabi_uidivmod                         0x08004621   Thumb Code    44  uidiv.o(.text)
    __aeabi_llsl                             0x0800464d   Thumb Code    30  llshl.o(.text)
    _ll_shift_l                              0x0800464d   Thumb Code     0  llshl.o(.text)
    __aeabi_llsr                             0x0800466b   Thumb Code    32  llushr.o(.text)
    _ll_ushift_r                             0x0800466b   Thumb Code     0  llushr.o(.text)
    __aeabi_lasr                             0x0800468b   Thumb Code    36  llsshr.o(.text)
    _ll_sshift_r                             0x0800468b   Thumb Code     0  llsshr.o(.text)
    __I$use$fp                               0x080046af   Thumb Code     0  iusefp.o(.text)
    _float_round                             0x080046af   Thumb Code    18  fepilogue.o(.text)
    _float_epilogue                          0x080046c1   Thumb Code    92  fepilogue.o(.text)
    _double_round                            0x0800471d   Thumb Code    30  depilogue.o(.text)
    _double_epilogue                         0x0800473b   Thumb Code   156  depilogue.o(.text)
    __ARM_scalbn                             0x080047d7   Thumb Code    46  dscalb.o(.text)
    scalbn                                   0x080047d7   Thumb Code     0  dscalb.o(.text)
    __aeabi_i2d                              0x08004805   Thumb Code    34  dflti.o(.text)
    __aeabi_cdcmpeq                          0x08004829   Thumb Code     0  cdcmple.o(.text)
    __aeabi_cdcmple                          0x08004829   Thumb Code    48  cdcmple.o(.text)
    __aeabi_cdrcmple                         0x08004859   Thumb Code    48  cdrcmple.o(.text)
    __scatterload                            0x08004889   Thumb Code    28  init.o(.text)
    __scatterload_rt2                        0x08004889   Thumb Code     0  init.o(.text)
    __decompress                             0x080048ad   Thumb Code     0  __dczerorl2.o(.text)
    __decompress1                            0x080048ad   Thumb Code    86  __dczerorl2.o(.text)
    __0printf$1                              0x08004905   Thumb Code    22  printf1.o(i.__0printf$1)
    __1printf$1                              0x08004905   Thumb Code     0  printf1.o(i.__0printf$1)
    __2printf                                0x08004905   Thumb Code     0  printf1.o(i.__0printf$1)
    __ARM_fpclassify                         0x08004925   Thumb Code    40  fpclassify.o(i.__ARM_fpclassify)
    __kernel_poly                            0x0800494d   Thumb Code   170  poly.o(i.__kernel_poly)
    __mathlib_dbl_infnan                     0x080049f7   Thumb Code     6  dunder.o(i.__mathlib_dbl_infnan)
    __mathlib_dbl_overflow                   0x080049fd   Thumb Code    14  dunder.o(i.__mathlib_dbl_overflow)
    __mathlib_dbl_underflow                  0x08004a0d   Thumb Code    10  dunder.o(i.__mathlib_dbl_underflow)
    __scatterload_copy                       0x08004a1d   Thumb Code    14  handlers.o(i.__scatterload_copy)
    __scatterload_null                       0x08004a2b   Thumb Code     2  handlers.o(i.__scatterload_null)
    __scatterload_zeroinit                   0x08004a2d   Thumb Code    14  handlers.o(i.__scatterload_zeroinit)
    __set_errno                              0x08004a3d   Thumb Code     6  errno.o(i.__set_errno)
    exp                                      0x08004b9d   Thumb Code   554  exp.o(i.exp)
    free                                     0x08004e21   Thumb Code    76  malloc.o(i.free)
    malloc                                   0x08004e71   Thumb Code    92  malloc.o(i.malloc)
    Region$$Table$$Base                      0x08004f38   Number         0  anon$$obj.o(Region$$Table)
    Region$$Table$$Limit                     0x08004f58   Number         0  anon$$obj.o(Region$$Table)
    eeprom_Addr                              0x20000000   Data           4  main.o(.data)
    analogDataMeasFlag                       0x20000004   Data           1  main.o(.data)
    xCnt                                     0x20000008   Data           4  main.o(.data)
    dataReadTemp                             0x2000000c   Data           4  main.o(.data)
    analogDataCnt                            0x20000010   Data           4  main.o(.data)
    uartCommFlag                             0x20000014   Data           1  main.o(.data)
    delayTimCnt                              0x20000018   Data           4  main.o(.data)
    timMinuteCnt                             0x2000001c   Data           4  main.o(.data)
    timMinuteFlag                            0x20000020   Data           1  main.o(.data)
    CurrentDataCnt                           0x20000024   Data           4  main.o(.data)
    tempAcommFlag                            0x20000028   Data           1  main.o(.data)
    tempAcommCnt                             0x20000029   Data           1  main.o(.data)
    tempADataFlag                            0x2000002a   Data           1  main.o(.data)
    tempADataTickFlag                        0x2000002b   Data           1  main.o(.data)
    tempTickDetectFlag                       0x2000002c   Data           1  main.o(.data)
    tempTickDetectCnt                        0x20000030   Data           4  main.o(.data)
    tempBcommFlag                            0x20000034   Data           1  main.o(.data)
    tempBcommCnt                             0x20000035   Data           1  main.o(.data)
    tempBDataFlag                            0x20000036   Data           1  main.o(.data)
    tempBDataTickFlag                        0x20000037   Data           1  main.o(.data)
    uartWorkMode                             0x20000038   Data           6  main.o(.data)
    uart1CommBuf                             0x2000003e   Data           6  main.o(.data)
    uart1CommFlag                            0x20000044   Data           1  main.o(.data)
    uart1CommCnt                             0x20000045   Data           1  main.o(.data)
    relayWorkTimeFlag                        0x20000046   Data           8  main.o(.data)
    relayDataSendFlag                        0x2000004e   Data           1  main.o(.data)
    relayDataSendCnt                         0x20000050   Data           4  main.o(.data)
    relayAllOffFlag                          0x20000054   Data           1  main.o(.data)
    testSta                                  0x20000055   Data           1  main.o(.data)
    BP_in                                    0x20000056   Data           2  main.o(.data)
    BP_out                                   0x20000058   Data           1  main.o(.data)
    data                                     0x20000060   Data         832  bp.o(.data)
    layer_all1                               0x200003a0   Data           4  bp.o(.data)
    nodes_all1                               0x200003a4   Data           4  bp.o(.data)
    num_all                                  0x200003a8   Data           4  bp.o(.data)
    simnetwork                               0x200003ac   Data           4  bp.o(.data)
    simyminmax                               0x200003b0   Data           8  bp.o(.data)
    SystemCoreClock                          0x200003cc   Data           4  system_stm32f10x.o(.data)
    AHBPrescTable                            0x200003d0   Data          16  system_stm32f10x.o(.data)
    __stdout                                 0x200003e0   Data           4  stdout.o(.data)
    __microlib_freelist                      0x200003e4   Data           4  mvars.o(.data)
    __microlib_freelist_initialised          0x200003e8   Data           4  mvars.o(.data)
    currentCaliData                          0x200003f0   Data          12  main.o(.bss)
    currentDataBuf                           0x200003fc   Data          48  main.o(.bss)
    currentDataVal                           0x2000042c   Data          48  main.o(.bss)
    uartCurrentData                          0x2000045c   Data          15  main.o(.bss)
    analogPreData                            0x2000046c   Data          24  main.o(.bss)
    analogDataBuf                            0x20000484   Data          24  main.o(.bss)
    convertAnalogData                        0x2000049c   Data          24  main.o(.bss)
    uartAnalogData                           0x200004b4   Data          15  main.o(.bss)
    UartDatBuf                               0x200004c3   Data         200  main.o(.bss)
    tempAcommDataBuf                         0x2000058b   Data          12  main.o(.bss)
    uarttempDataBufA                         0x20000597   Data          15  main.o(.bss)
    tempBcommDataBuf                         0x200005a6   Data          12  main.o(.bss)
    uarttempDataBufB                         0x200005b2   Data          15  main.o(.bss)
    uartWorkDat                              0x200005c1   Data          36  main.o(.bss)
    relayWorkTimeCnt                         0x200005e8   Data          32  main.o(.bss)
    relayWorkSta                             0x20000608   Data          15  main.o(.bss)
    simxminmax                               0x20000618   Data          16  bp.o(.bss)
    __heap_base                              0x20000628   Data           0  startup_stm32f10x_hd.o(HEAP)
    __heap_limit                             0x20000828   Data           0  startup_stm32f10x_hd.o(HEAP)
    __initial_sp                             0x20000c28   Data           0  startup_stm32f10x_hd.o(STACK)



==============================================================================

Memory Map of the image

  Image Entry point : 0x08000131

  Load Region LR_IROM1 (Base: 0x08000000, Size: 0x00005348, Max: 0x00080000, ABSOLUTE, COMPRESSED[0x0000528c])

    Execution Region ER_IROM1 (Exec base: 0x08000000, Load base: 0x08000000, Size: 0x00004f58, Max: 0x00080000, ABSOLUTE)

    Exec Addr    Load Addr    Size         Type   Attr      Idx    E Section Name        Object

    0x08000000   0x08000000   0x00000130   Data   RO            3    RESET               startup_stm32f10x_hd.o
    0x08000130   0x08000130   0x00000000   Code   RO          289  * .ARM.Collect$$$$00000000  mc_w.l(entry.o)
    0x08000130   0x08000130   0x00000004   Code   RO          614    .ARM.Collect$$$$00000001  mc_w.l(entry2.o)
    0x08000134   0x08000134   0x00000004   Code   RO          617    .ARM.Collect$$$$00000004  mc_w.l(entry5.o)
    0x08000138   0x08000138   0x00000000   Code   RO          619    .ARM.Collect$$$$00000008  mc_w.l(entry7b.o)
    0x08000138   0x08000138   0x00000000   Code   RO          621    .ARM.Collect$$$$0000000A  mc_w.l(entry8b.o)
    0x08000138   0x08000138   0x00000008   Code   RO          622    .ARM.Collect$$$$0000000B  mc_w.l(entry9a.o)
    0x08000140   0x08000140   0x00000000   Code   RO          624    .ARM.Collect$$$$0000000D  mc_w.l(entry10a.o)
    0x08000140   0x08000140   0x00000000   Code   RO          626    .ARM.Collect$$$$0000000F  mc_w.l(entry11a.o)
    0x08000140   0x08000140   0x00000004   Code   RO          615    .ARM.Collect$$$$00002712  mc_w.l(entry2.o)
    0x08000144   0x08000144   0x00000024   Code   RO            4    .text               startup_stm32f10x_hd.o
    0x08000168   0x08000168   0x0000112c   Code   RO           10    .text               main.o
    0x08001294   0x08001294   0x0000001a   Code   RO           81    .text               stm32f10x_it.o
    0x080012ae   0x080012ae   0x00000002   PAD
    0x080012b0   0x080012b0   0x00000228   Code   RO           96    .text               usart1.o
    0x080014d8   0x080014d8   0x00000260   Code   RO          115    .text               att7053au.o
    0x08001738   0x08001738   0x00000658   Code   RO          127    .text               bp.o
    0x08001d90   0x08001d90   0x000003a4   Code   RO          153    .text               stm32f10x_rcc.o
    0x08002134   0x08002134   0x0000035c   Code   RO          167    .text               stm32f10x_gpio.o
    0x08002490   0x08002490   0x00000408   Code   RO          179    .text               stm32f10x_usart.o
    0x08002898   0x08002898   0x00000e1a   Code   RO          191    .text               stm32f10x_tim.o
    0x080036b2   0x080036b2   0x00000002   PAD
    0x080036b4   0x080036b4   0x000000dc   Code   RO          203    .text               misc.o
    0x08003790   0x08003790   0x0000044e   Code   RO          215    .text               stm32f10x_adc.o
    0x08003bde   0x08003bde   0x00000002   PAD
    0x08003be0   0x08003be0   0x00000404   Code   RO          227    .text               stm32f10x_i2c.o
    0x08003fe4   0x08003fe4   0x000001e0   Code   RO          261    .text               system_stm32f10x.o
    0x080041c4   0x080041c4   0x000000b0   Code   RO          581    .text               mf_w.l(fadd.o)
    0x08004274   0x08004274   0x0000014e   Code   RO          583    .text               mf_w.l(dadd.o)
    0x080043c2   0x080043c2   0x000000e4   Code   RO          585    .text               mf_w.l(dmul.o)
    0x080044a6   0x080044a6   0x000000de   Code   RO          587    .text               mf_w.l(ddiv.o)
    0x08004584   0x08004584   0x0000003e   Code   RO          589    .text               mf_w.l(dfixi.o)
    0x080045c2   0x080045c2   0x00000026   Code   RO          591    .text               mf_w.l(f2d.o)
    0x080045e8   0x080045e8   0x00000038   Code   RO          593    .text               mf_w.l(d2f.o)
    0x08004620   0x08004620   0x0000002c   Code   RO          629    .text               mc_w.l(uidiv.o)
    0x0800464c   0x0800464c   0x0000001e   Code   RO          633    .text               mc_w.l(llshl.o)
    0x0800466a   0x0800466a   0x00000020   Code   RO          635    .text               mc_w.l(llushr.o)
    0x0800468a   0x0800468a   0x00000024   Code   RO          637    .text               mc_w.l(llsshr.o)
    0x080046ae   0x080046ae   0x00000000   Code   RO          652    .text               mc_w.l(iusefp.o)
    0x080046ae   0x080046ae   0x0000006e   Code   RO          653    .text               mf_w.l(fepilogue.o)
    0x0800471c   0x0800471c   0x000000ba   Code   RO          655    .text               mf_w.l(depilogue.o)
    0x080047d6   0x080047d6   0x0000002e   Code   RO          657    .text               mf_w.l(dscalb.o)
    0x08004804   0x08004804   0x00000022   Code   RO          659    .text               mf_w.l(dflti.o)
    0x08004826   0x08004826   0x00000002   PAD
    0x08004828   0x08004828   0x00000030   Code   RO          663    .text               mf_w.l(cdcmple.o)
    0x08004858   0x08004858   0x00000030   Code   RO          665    .text               mf_w.l(cdrcmple.o)
    0x08004888   0x08004888   0x00000024   Code   RO          667    .text               mc_w.l(init.o)
    0x080048ac   0x080048ac   0x00000056   Code   RO          677    .text               mc_w.l(__dczerorl2.o)
    0x08004902   0x08004902   0x00000002   PAD
    0x08004904   0x08004904   0x00000020   Code   RO          337    i.__0printf$1       mc_w.l(printf1.o)
    0x08004924   0x08004924   0x00000028   Code   RO          609    i.__ARM_fpclassify  m_ws.l(fpclassify.o)
    0x0800494c   0x0800494c   0x000000aa   Code   RO          611    i.__kernel_poly     m_ws.l(poly.o)
    0x080049f6   0x080049f6   0x00000006   Code   RO          596    i.__mathlib_dbl_infnan  m_ws.l(dunder.o)
    0x080049fc   0x080049fc   0x0000000e   Code   RO          599    i.__mathlib_dbl_overflow  m_ws.l(dunder.o)
    0x08004a0a   0x08004a0a   0x00000002   PAD
    0x08004a0c   0x08004a0c   0x00000010   Code   RO          601    i.__mathlib_dbl_underflow  m_ws.l(dunder.o)
    0x08004a1c   0x08004a1c   0x0000000e   Code   RO          671    i.__scatterload_copy  mc_w.l(handlers.o)
    0x08004a2a   0x08004a2a   0x00000002   Code   RO          672    i.__scatterload_null  mc_w.l(handlers.o)
    0x08004a2c   0x08004a2c   0x0000000e   Code   RO          673    i.__scatterload_zeroinit  mc_w.l(handlers.o)
    0x08004a3a   0x08004a3a   0x00000002   PAD
    0x08004a3c   0x08004a3c   0x0000000c   Code   RO          647    i.__set_errno       mc_w.l(errno.o)
    0x08004a48   0x08004a48   0x00000154   Code   RO          344    i._printf_core      mc_w.l(printf1.o)
    0x08004b9c   0x08004b9c   0x00000284   Code   RO          280    i.exp               m_ws.l(exp.o)
    0x08004e20   0x08004e20   0x00000050   Code   RO          553    i.free              mc_w.l(malloc.o)
    0x08004e70   0x08004e70   0x0000006c   Code   RO          554    i.malloc            mc_w.l(malloc.o)
    0x08004edc   0x08004edc   0x00000004   PAD
    0x08004ee0   0x08004ee0   0x00000058   Data   RO          281    .constdata          m_ws.l(exp.o)
    0x08004f38   0x08004f38   0x00000020   Data   RO          669    Region$$Table       anon$$obj.o


    Execution Region RW_IRAM1 (Exec base: 0x20000000, Load base: 0x08004f58, Size: 0x00000c28, Max: 0x00010000, ABSOLUTE, COMPRESSED[0x00000334])

    Exec Addr    Load Addr    Size         Type   Attr      Idx    E Section Name        Object

    0x20000000   COMPRESSED   0x00000059   Data   RW           12    .data               main.o
    0x20000059   COMPRESSED   0x00000007   PAD
    0x20000060   COMPRESSED   0x00000358   Data   RW          129    .data               bp.o
    0x200003b8   COMPRESSED   0x00000014   Data   RW          154    .data               stm32f10x_rcc.o
    0x200003cc   COMPRESSED   0x00000014   Data   RW          262    .data               system_stm32f10x.o
    0x200003e0   COMPRESSED   0x00000004   Data   RW          628    .data               mc_w.l(stdout.o)
    0x200003e4   COMPRESSED   0x00000004   Data   RW          643    .data               mc_w.l(mvars.o)
    0x200003e8   COMPRESSED   0x00000004   Data   RW          644    .data               mc_w.l(mvars.o)
    0x200003ec   COMPRESSED   0x00000004   Data   RW          648    .data               mc_w.l(errno.o)
    0x200003f0        -       0x00000227   Zero   RW           11    .bss                main.o
    0x20000617   COMPRESSED   0x00000001   PAD
    0x20000618        -       0x00000010   Zero   RW          128    .bss                bp.o
    0x20000628        -       0x00000200   Zero   RW            2    HEAP                startup_stm32f10x_hd.o
    0x20000828        -       0x00000400   Zero   RW            1    STACK               startup_stm32f10x_hd.o


==============================================================================

Image component sizes


      Code (inc. data)   RO Data    RW Data    ZI Data      Debug   Object Name

       608          6          0          0          0       1558   att7053au.o
      1624        140          0        856         16       3533   bp.o
      4396        324          0         89        551     283361   main.o
       220         22          0          0          0       1745   misc.o
        36          8        304          0       1536        840   startup_stm32f10x_hd.o
      1102         26          0          0          0      10985   stm32f10x_adc.o
       860         38          0          0          0       5681   stm32f10x_gpio.o
      1028         16          0          0          0       9175   stm32f10x_i2c.o
        26          0          0          0          0       1186   stm32f10x_it.o
       932         36          0         20          0       8848   stm32f10x_rcc.o
      3610         88          0          0          0      22788   stm32f10x_tim.o
      1032         22          0          0          0       8404   stm32f10x_usart.o
       480         38          0         20          0       1787   system_stm32f10x.o
       552          8          0          0          0       4132   usart1.o

    ----------------------------------------------------------------------
     16512        772        336        992       2104     364023   Object Totals
         0          0         32          0          0          0   (incl. Generated)
         6          0          0          7          1          0   (incl. Padding)

    ----------------------------------------------------------------------

      Code (inc. data)   RO Data    RW Data    ZI Data      Debug   Library Member Name

        36          6          0          0          0        204   dunder.o
       644         90         88          0          0        204   exp.o
        40          0          0          0          0         68   fpclassify.o
       170          0          0          0          0         96   poly.o
        86          0          0          0          0          0   __dczerorl2.o
         0          0          0          0          0          0   entry.o
         0          0          0          0          0          0   entry10a.o
         0          0          0          0          0          0   entry11a.o
         8          4          0          0          0          0   entry2.o
         4          0          0          0          0          0   entry5.o
         0          0          0          0          0          0   entry7b.o
         0          0          0          0          0          0   entry8b.o
         8          4          0          0          0          0   entry9a.o
        12          6          0          4          0         68   errno.o
        30          0          0          0          0          0   handlers.o
        36          8          0          0          0         68   init.o
         0          0          0          0          0          0   iusefp.o
        30          0          0          0          0         68   llshl.o
        36          0          0          0          0         68   llsshr.o
        32          0          0          0          0         68   llushr.o
       188         20          0          0          0        160   malloc.o
         0          0          0          8          0          0   mvars.o
       372         14          0          0          0        184   printf1.o
         0          0          0          4          0          0   stdout.o
        44          0          0          0          0         80   uidiv.o
        48          0          0          0          0         68   cdcmple.o
        48          0          0          0          0         68   cdrcmple.o
        56          0          0          0          0         88   d2f.o
       334          0          0          0          0        148   dadd.o
       222          0          0          0          0        100   ddiv.o
       186          0          0          0          0        176   depilogue.o
        62          0          0          0          0         80   dfixi.o
        34          0          0          0          0         76   dflti.o
       228          0          0          0          0         96   dmul.o
        46          0          0          0          0         80   dscalb.o
        38          0          0          0          0         68   f2d.o
       176          0          0          0          0        140   fadd.o
       110          0          0          0          0        168   fepilogue.o

    ----------------------------------------------------------------------
      3376        156         88         16          0       2692   Library Totals
        12          4          0          0          0          0   (incl. Padding)

    ----------------------------------------------------------------------

      Code (inc. data)   RO Data    RW Data    ZI Data      Debug   Library Name

       890         96         88          0          0        572   m_ws.l
       886         56          0         16          0        764   mc_w.l
      1588          0          0          0          0       1356   mf_w.l

    ----------------------------------------------------------------------
      3376        156         88         16          0       2692   Library Totals

    ----------------------------------------------------------------------

==============================================================================


      Code (inc. data)   RO Data    RW Data    ZI Data      Debug   

     19888        928        424       1008       2104     364295   Grand Totals
     19888        928        424        820       2104     364295   ELF Image Totals (compressed)
     19888        928        424        820          0          0   ROM Totals

==============================================================================

    Total RO  Size (Code + RO Data)                20312 (  19.84kB)
    Total RW  Size (RW Data + ZI Data)              3112 (   3.04kB)
    Total ROM Size (Code + RO Data + RW Data)      21132 (  20.64kB)

==============================================================================

